Archive member included to satisfy reference by file (symbol)

c:/progra~2/gnu arm embedded toolchain/10 2020-q4-major/bin/../lib/gcc/arm-none-eabi/10.2.1/thumb/v6-m/nofp\libgcc.a(_dvmd_tls.o)
                              CMakeFiles/usb_gamepad_bridge_for_msx.dir/C_/Users/hra/Documents/github/sangria_firmware/pico-sdk/src/rp2_common/pico_divider/divider.S.obj (__aeabi_idiv0)
c:/progra~2/gnu arm embedded toolchain/10 2020-q4-major/bin/../lib/gcc/arm-none-eabi/10.2.1/../../../../arm-none-eabi/lib/thumb/v6-m/nofp\libc.a(lib_a-calloc.o)
                              CMakeFiles/usb_gamepad_bridge_for_msx.dir/C_/Users/hra/Documents/github/sangria_firmware/pico-sdk/src/rp2_common/pico_malloc/pico_malloc.c.obj (calloc)
c:/progra~2/gnu arm embedded toolchain/10 2020-q4-major/bin/../lib/gcc/arm-none-eabi/10.2.1/../../../../arm-none-eabi/lib/thumb/v6-m/nofp\libc.a(lib_a-callocr.o)
                              c:/progra~2/gnu arm embedded toolchain/10 2020-q4-major/bin/../lib/gcc/arm-none-eabi/10.2.1/../../../../arm-none-eabi/lib/thumb/v6-m/nofp\libc.a(lib_a-calloc.o) (_calloc_r)
c:/progra~2/gnu arm embedded toolchain/10 2020-q4-major/bin/../lib/gcc/arm-none-eabi/10.2.1/../../../../arm-none-eabi/lib/thumb/v6-m/nofp\libc.a(lib_a-impure.o)
                              c:/progra~2/gnu arm embedded toolchain/10 2020-q4-major/bin/../lib/gcc/arm-none-eabi/10.2.1/../../../../arm-none-eabi/lib/thumb/v6-m/nofp\libc.a(lib_a-calloc.o) (_impure_ptr)
c:/progra~2/gnu arm embedded toolchain/10 2020-q4-major/bin/../lib/gcc/arm-none-eabi/10.2.1/../../../../arm-none-eabi/lib/thumb/v6-m/nofp\libc.a(lib_a-init.o)
                              c:/progra~2/gnu arm embedded toolchain/10 2020-q4-major/bin/../lib/gcc/arm-none-eabi/10.2.1/../../../../arm-none-eabi/lib/thumb/v6-m/nofp/crt0.o (__libc_init_array)
c:/progra~2/gnu arm embedded toolchain/10 2020-q4-major/bin/../lib/gcc/arm-none-eabi/10.2.1/../../../../arm-none-eabi/lib/thumb/v6-m/nofp\libc.a(lib_a-malloc.o)
                              CMakeFiles/usb_gamepad_bridge_for_msx.dir/C_/Users/hra/Documents/github/sangria_firmware/pico-sdk/src/rp2_common/pico_malloc/pico_malloc.c.obj (malloc)
c:/progra~2/gnu arm embedded toolchain/10 2020-q4-major/bin/../lib/gcc/arm-none-eabi/10.2.1/../../../../arm-none-eabi/lib/thumb/v6-m/nofp\libc.a(lib_a-mallocr.o)
                              c:/progra~2/gnu arm embedded toolchain/10 2020-q4-major/bin/../lib/gcc/arm-none-eabi/10.2.1/../../../../arm-none-eabi/lib/thumb/v6-m/nofp\libc.a(lib_a-callocr.o) (_malloc_r)
c:/progra~2/gnu arm embedded toolchain/10 2020-q4-major/bin/../lib/gcc/arm-none-eabi/10.2.1/../../../../arm-none-eabi/lib/thumb/v6-m/nofp\libc.a(lib_a-mlock.o)
                              c:/progra~2/gnu arm embedded toolchain/10 2020-q4-major/bin/../lib/gcc/arm-none-eabi/10.2.1/../../../../arm-none-eabi/lib/thumb/v6-m/nofp\libc.a(lib_a-mallocr.o) (__malloc_lock)
c:/progra~2/gnu arm embedded toolchain/10 2020-q4-major/bin/../lib/gcc/arm-none-eabi/10.2.1/../../../../arm-none-eabi/lib/thumb/v6-m/nofp\libc.a(lib_a-realloc.o)
                              CMakeFiles/usb_gamepad_bridge_for_msx.dir/C_/Users/hra/Documents/github/sangria_firmware/pico-sdk/src/rp2_common/pico_malloc/pico_malloc.c.obj (realloc)
c:/progra~2/gnu arm embedded toolchain/10 2020-q4-major/bin/../lib/gcc/arm-none-eabi/10.2.1/../../../../arm-none-eabi/lib/thumb/v6-m/nofp\libc.a(lib_a-reallocr.o)
                              c:/progra~2/gnu arm embedded toolchain/10 2020-q4-major/bin/../lib/gcc/arm-none-eabi/10.2.1/../../../../arm-none-eabi/lib/thumb/v6-m/nofp\libc.a(lib_a-realloc.o) (_realloc_r)
c:/progra~2/gnu arm embedded toolchain/10 2020-q4-major/bin/../lib/gcc/arm-none-eabi/10.2.1/../../../../arm-none-eabi/lib/thumb/v6-m/nofp\libc.a(lib_a-sbrkr.o)
                              c:/progra~2/gnu arm embedded toolchain/10 2020-q4-major/bin/../lib/gcc/arm-none-eabi/10.2.1/../../../../arm-none-eabi/lib/thumb/v6-m/nofp\libc.a(lib_a-mallocr.o) (_sbrk_r)
c:/progra~2/gnu arm embedded toolchain/10 2020-q4-major/bin/../lib/gcc/arm-none-eabi/10.2.1/../../../../arm-none-eabi/lib/thumb/v6-m/nofp\libc.a(lib_a-strlen-stub.o)
                              CMakeFiles/usb_gamepad_bridge_for_msx.dir/C_/Users/hra/Documents/github/sangria_firmware/pico-sdk/src/rp2_common/pico_stdio/stdio.c.obj (strlen)
c:/progra~2/gnu arm embedded toolchain/10 2020-q4-major/bin/../lib/gcc/arm-none-eabi/10.2.1/../../../../arm-none-eabi/lib/thumb/v6-m/nofp\libc.a(lib_a-freer.o)
                              c:/progra~2/gnu arm embedded toolchain/10 2020-q4-major/bin/../lib/gcc/arm-none-eabi/10.2.1/../../../../arm-none-eabi/lib/thumb/v6-m/nofp\libc.a(lib_a-malloc.o) (_free_r)
c:/progra~2/gnu arm embedded toolchain/10 2020-q4-major/bin/../lib/gcc/arm-none-eabi/10.2.1/../../../../arm-none-eabi/lib/thumb/v6-m/nofp\libc.a(lib_a-lock.o)
[...]
Memory Configuration

Name             Origin             Length             Attributes
FLASH            0x10000000         0x00200000         xr
RAM              0x20000000         0x00040000         xrw
SCRATCH_X        0x20040000         0x00001000         xrw
SCRATCH_Y        0x20041000         0x00001000         xrw
*default*        0x00000000         0xffffffff

Linker script and memory map

LOAD c:/progra~2/gnu arm embedded toolchain/10 2020-q4-major/bin/../lib/gcc/arm-none-eabi/10.2.1/thumb/v6-m/nofp/crti.o
LOAD c:/progra~2/gnu arm embedded toolchain/10 2020-q4-major/bin/../lib/gcc/arm-none-eabi/10.2.1/thumb/v6-m/nofp/crtbegin.o
LOAD c:/progra~2/gnu arm embedded toolchain/10 2020-q4-major/bin/../lib/gcc/arm-none-eabi/10.2.1/../../../../arm-none-eabi/lib/thumb/v6-m/nofp/crt0.o

.flash_begin    0x10000000        0x0
                0x10000000                __flash_binary_start = .

.boot2          0x10000000      0x100
                0x10000000                __boot2_start__ = .
 *(.boot2)
 .boot2         0x10000000      0x100 C:\Users\hra\AppData\Local\Temp\ccIp7hZx.o
                0x10000100                __boot2_end__ = .
                0x00000001                ASSERT (((__boot2_end__ - __boot2_start__) == 0x100), ERROR: Pico second stage bootloader must be 256 bytes in size)

.text           0x10000100     0x8140
                0x10000100                __logical_binary_start = .
 *(.vectors)
 .vectors       0x10000100       0xd4 CMakeFiles/usb_gamepad_bridge_for_msx.dir/C_/Users/hra/Documents/github/sangria_firmware/pico-sdk/src/rp2_common/pico_standard_link/crt0.S.obj
                0x10000100                __VECTOR_TABLE
                0x10000100                __vectors
                0x100001c0                isr_invalid
                0x100001c0                __default_isrs_start
                0x100001c2                isr_nmi
                0x100001c4                isr_hardfault
                0x100001c6                isr_svcall
                0x100001c8                isr_pendsv
                0x100001ca                isr_systick
                0x100001cc                isr_irq23
                0x100001cc                isr_irq18
                0x100001cc                isr_irq11
                0x100001cc                isr_irq28
                0x100001cc                isr_irq19
                0x100001cc                isr_irq0
                0x100001cc                isr_irq6
                0x100001cc                isr_irq5
                0x100001cc                isr_irq12
                0x100001cc                isr_irq22
                0x100001cc                isr_irq31
                0x100001cc                isr_irq17
                0x100001cc                isr_irq27
                0x100001cc                isr_irq30
                0x100001cc                isr_irq2
                0x100001cc                isr_irq10
                0x100001cc                isr_irq8
                0x100001cc                isr_irq24
                0x100001cc                isr_irq1
                0x100001cc                isr_irq7
                0x100001cc                isr_irq21
                0x100001cc                isr_irq20
                0x100001cc                isr_irq15
                0x100001cc                isr_irq25
                0x100001cc                isr_irq13
                0x100001cc                __unhandled_user_irq
                0x100001cc                isr_irq4
                0x100001cc                isr_irq16
                0x100001cc                isr_irq29
                0x100001cc                isr_irq26
                0x100001cc                __default_isrs_end
                0x100001cc                isr_irq3
                0x100001cc                isr_irq14
                0x100001cc                isr_irq9
                0x100001d2                unhandled_user_irq_num_in_r0
 *(.binary_info_header)
 .binary_info_header
                0x100001d4       0x14 CMakeFiles/usb_gamepad_bridge_for_msx.dir/C_/Users/hra/Documents/github/sangria_firmware/pico-sdk/src/rp2_common/pico_standard_link/crt0.S.obj
                0x100001e8                __binary_info_header_end = .
 *(.reset)
 .reset         0x100001e8       0xa8 CMakeFiles/usb_gamepad_bridge_for_msx.dir/C_/Users/hra/Documents/github/sangria_firmware/pico-sdk/src/rp2_common/pico_standard_link/crt0.S.obj
                0x100001e8                _entry_point
                0x10000266                __get_current_exception
 .reset         0x10000290       0x30 CMakeFiles/usb_gamepad_bridge_for_msx.dir/C_/Users/hra/Documents/github/sangria_firmware/pico-sdk/src/rp2_common/pico_standard_link/binary_info.c.obj
 *(.init)
 .init          0x100002c0        0x4 c:/progra~2/gnu arm embedded toolchain/10 2020-q4-major/bin/../lib/gcc/arm-none-eabi/10.2.1/thumb/v6-m/nofp/crti.o
                0x100002c0                _init
 *(EXCLUDE_FILE(*libm.a: *libc.a:*lib_a-mem*.o *libgcc.a:) .text*)
 .text          0x100002c4       0x48 c:/progra~2/gnu arm embedded toolchain/10 2020-q4-major/bin/../lib/gcc/arm-none-eabi/10.2.1/thumb/v6-m/nofp/crtbegin.o
 .text.response_core
                0x1000030c      0x424 CMakeFiles/usb_gamepad_bridge_for_msx.dir/usb_gamepad_bridge_for_msx.c.obj
                0x1000030c                response_core
 .text.startup.main
                0x10000730       0xe4 CMakeFiles/usb_gamepad_bridge_for_msx.dir/usb_gamepad_bridge_for_msx.c.obj
                0x10000730                main
 .text.tuh_hid_mount_cb
                0x10000814       0xc0 CMakeFiles/usb_gamepad_bridge_for_msx.dir/usb_gamepad_bridge_for_msx.c.obj
                0x10000814                tuh_hid_mount_cb
 .text.tuh_hid_umount_cb
                0x100008d4       0x1c CMakeFiles/usb_gamepad_bridge_for_msx.dir/usb_gamepad_bridge_for_msx.c.obj
                0x100008d4                tuh_hid_umount_cb
 .text.process_generic_report
                0x100008f0      0x2b8 CMakeFiles/usb_gamepad_bridge_for_msx.dir/usb_gamepad_bridge_for_msx.c.obj
                0x100008f0                process_generic_report
 .text.tuh_hid_report_received_cb
                0x10000ba8      0x234 CMakeFiles/usb_gamepad_bridge_for_msx.dir/usb_gamepad_bridge_for_msx.c.obj
                0x10000ba8                tuh_hid_report_received_cb
 .text.gpio_set_function
                0x10000ddc       0x30 CMakeFiles/usb_gamepad_bridge_for_msx.dir/C_/Users/hra/Documents/github/sangria_firmware/pico-sdk/src/rp2_common/hardware_gpio/gpio.c.obj
                0x10000ddc                gpio_set_function
 .text.gpio_set_pulls
                0x10000e0c       0x30 CMakeFiles/usb_gamepad_bridge_for_msx.dir/C_/Users/hra/Documents/github/sangria_firmware/pico-sdk/src/rp2_common/hardware_gpio/gpio.c.obj
                0x10000e0c                gpio_set_pulls
 .text.gpio_init
                0x10000e3c       0x3c CMakeFiles/usb_gamepad_bridge_for_msx.dir/C_/Users/hra/Documents/github/sangria_firmware/pico-sdk/src/rp2_common/hardware_gpio/gpio.c.obj
                0x10000e3c                gpio_init
 .text.hw_claim_or_assert
                0x10000e78       0x44 CMakeFiles/usb_gamepad_bridge_for_msx.dir/C_/Users/hra/Documents/github/sangria_firmware/pico-sdk/src/rp2_common/hardware_claim/claim.c.obj
                0x10000e78                hw_claim_or_assert
 .text.hw_claim_unused_from_range
                0x10000ebc       0x9c CMakeFiles/usb_gamepad_bridge_for_msx.dir/C_/Users/hra/Documents/github/sangria_firmware/pico-sdk/src/rp2_common/hardware_claim/claim.c.obj
                0x10000ebc                hw_claim_unused_from_range
 .text.running_on_fpga
                0x10000f58       0x10 CMakeFiles/usb_gamepad_bridge_for_msx.dir/C_/Users/hra/Documents/github/sangria_firmware/pico-sdk/src/rp2_common/pico_platform/platform.c.obj
                0x10000f58                running_on_fpga
 .text.spin_locks_reset
                0x10000f68       0x1c CMakeFiles/usb_gamepad_bridge_for_msx.dir/C_/Users/hra/Documents/github/sangria_firmware/pico-sdk/src/rp2_common/hardware_sync/sync.c.obj
                0x10000f68                spin_locks_reset
 .text.next_striped_spin_lock_num
                0x10000f84       0x18 CMakeFiles/usb_gamepad_bridge_for_msx.dir/C_/Users/hra/Documents/github/sangria_firmware/pico-sdk/src/rp2_common/hardware_sync/sync.c.obj
                0x10000f84                next_striped_spin_lock_num
 .text.spin_lock_claim_unused
                0x10000f9c       0x20 CMakeFiles/usb_gamepad_bridge_for_msx.dir/C_/Users/hra/Documents/github/sangria_firmware/pico-sdk/src/rp2_common/hardware_sync/sync.c.obj
                0x10000f9c                spin_lock_claim_unused
 .text.irq_set_enabled
                0x10000fbc       0x24 CMakeFiles/usb_gamepad_bridge_for_msx.dir/C_/Users/hra/Documents/github/sangria_firmware/pico-sdk/src/rp2_common/hardware_irq/irq.c.obj
                0x10000fbc                irq_set_enabled
 .text.irq_is_enabled
                0x10000fe0       0x18 CMakeFiles/usb_gamepad_bridge_for_msx.dir/C_/Users/hra/Documents/github/sangria_firmware/pico-sdk/src/rp2_common/hardware_irq/irq.c.obj
                0x10000fe0                irq_is_enabled
 .text.irq_get_vtable_handler
                0x10000ff8       0x10 CMakeFiles/usb_gamepad_bridge_for_msx.dir/C_/Users/hra/Documents/github/sangria_firmware/pico-sdk/src/rp2_common/hardware_irq/irq.c.obj
                0x10000ff8                irq_get_vtable_handler
 .text.irq_set_exclusive_handler
                0x10001008       0x54 CMakeFiles/usb_gamepad_bridge_for_msx.dir/C_/Users/hra/Documents/github/sangria_firmware/pico-sdk/src/rp2_common/hardware_irq/irq.c.obj
                0x10001008                irq_set_exclusive_handler
 .text.irq_add_shared_handler
                0x1000105c      0x1e4 CMakeFiles/usb_gamepad_bridge_for_msx.dir/C_/Users/hra/Documents/github/sangria_firmware/pico-sdk/src/rp2_common/hardware_irq/irq.c.obj
                0x1000105c                irq_add_shared_handler
 .text.irq_remove_handler
                0x10001240      0x1b4 CMakeFiles/usb_gamepad_bridge_for_msx.dir/C_/Users/hra/Documents/github/sangria_firmware/pico-sdk/src/rp2_common/hardware_irq/irq.c.obj
                0x10001240                irq_remove_handler
 .text.irq_add_tail_to_free_list
                0x100013f4       0xb4 CMakeFiles/usb_gamepad_bridge_for_msx.dir/C_/Users/hra/Documents/github/sangria_firmware/pico-sdk/src/rp2_common/hardware_irq/irq.c.obj
                0x100013f4                irq_add_tail_to_free_list
 .text.irq_init_priorities
                0x100014a8       0x24 CMakeFiles/usb_gamepad_bridge_for_msx.dir/C_/Users/hra/Documents/github/sangria_firmware/pico-sdk/src/rp2_common/hardware_irq/irq.c.obj
                0x100014a8                irq_init_priorities
 .text.lock_init
                0x100014cc       0x10 CMakeFiles/usb_gamepad_bridge_for_msx.dir/C_/Users/hra/Documents/github/sangria_firmware/pico-sdk/src/common/pico_sync/lock_core.c.obj
                0x100014cc                lock_init
 .text.timer_pool_entry_comparator
                0x100014dc       0x34 CMakeFiles/usb_gamepad_bridge_for_msx.dir/C_/Users/hra/Documents/github/sangria_firmware/pico-sdk/src/common/pico_time/time.c.obj
                0x100014dc                timer_pool_entry_comparator
 .text.sleep_until_callback
                0x10001510       0x30 CMakeFiles/usb_gamepad_bridge_for_msx.dir/C_/Users/hra/Documents/github/sangria_firmware/pico-sdk/src/common/pico_time/time.c.obj
 .text.add_alarm_under_lock.isra.0
                0x10001540      0x100 CMakeFiles/usb_gamepad_bridge_for_msx.dir/C_/Users/hra/Documents/github/sangria_firmware/pico-sdk/src/common/pico_time/time.c.obj
 .text.alarm_pool_alarm_callback
                0x10001640      0x1c8 CMakeFiles/usb_gamepad_bridge_for_msx.dir/C_/Users/hra/Documents/github/sangria_firmware/pico-sdk/src/common/pico_time/time.c.obj
 .text.alarm_pool_add_alarm_at.constprop.0
                0x10001808      0x11c CMakeFiles/usb_gamepad_bridge_for_msx.dir/C_/Users/hra/Documents/github/sangria_firmware/pico-sdk/src/common/pico_time/time.c.obj
 .text.alarm_pool_init_default
                0x10001924       0x64 CMakeFiles/usb_gamepad_bridge_for_msx.dir/C_/Users/hra/Documents/github/sangria_firmware/pico-sdk/src/common/pico_time/time.c.obj
                0x10001924                alarm_pool_init_default
 .text.sleep_until
                0x10001988       0xac CMakeFiles/usb_gamepad_bridge_for_msx.dir/C_/Users/hra/Documents/github/sangria_firmware/pico-sdk/src/common/pico_time/time.c.obj
                0x10001988                sleep_until
 .text.sleep_ms
                0x10001a34       0x38 CMakeFiles/usb_gamepad_bridge_for_msx.dir/C_/Users/hra/Documents/github/sangria_firmware/pico-sdk/src/common/pico_time/time.c.obj
                0x10001a34                sleep_ms
 .text.best_effort_wfe_or_timeout
                0x10001a6c       0xd4 CMakeFiles/usb_gamepad_bridge_for_msx.dir/C_/Users/hra/Documents/github/sangria_firmware/pico-sdk/src/common/pico_time/time.c.obj
                0x10001a6c                best_effort_wfe_or_timeout
 .text.hardware_alarm_irq_handler
                0x10001b40       0xb8 CMakeFiles/usb_gamepad_bridge_for_msx.dir/C_/Users/hra/Documents/github/sangria_firmware/pico-sdk/src/rp2_common/hardware_timer/timer.c.obj
 .text.hardware_alarm_claim
                0x10001bf8       0x18 CMakeFiles/usb_gamepad_bridge_for_msx.dir/C_/Users/hra/Documents/github/sangria_firmware/pico-sdk/src/rp2_common/hardware_timer/timer.c.obj
                0x10001bf8                hardware_alarm_claim
 .text.time_us_64
                0x10001c10       0x14 CMakeFiles/usb_gamepad_bridge_for_msx.dir/C_/Users/hra/Documents/github/sangria_firmware/pico-sdk/src/rp2_common/hardware_timer/timer.c.obj
                0x10001c10                time_us_64
 .text.busy_wait_until
                0x10001c24       0x20 CMakeFiles/usb_gamepad_bridge_for_msx.dir/C_/Users/hra/Documents/github/sangria_firmware/pico-sdk/src/rp2_common/hardware_timer/timer.c.obj
                0x10001c24                busy_wait_until
 .text.hardware_alarm_set_callback
                0x10001c44       0x8c CMakeFiles/usb_gamepad_bridge_for_msx.dir/C_/Users/hra/Documents/github/sangria_firmware/pico-sdk/src/rp2_common/hardware_timer/timer.c.obj
                0x10001c44                hardware_alarm_set_callback
 .text.hardware_alarm_set_target
                0x10001cd0       0xe0 CMakeFiles/usb_gamepad_bridge_for_msx.dir/C_/Users/hra/Documents/github/sangria_firmware/pico-sdk/src/rp2_common/hardware_timer/timer.c.obj
                0x10001cd0                hardware_alarm_set_target
 .text.hardware_alarm_cancel
                0x10001db0       0x3c CMakeFiles/usb_gamepad_bridge_for_msx.dir/C_/Users/hra/Documents/github/sangria_firmware/pico-sdk/src/rp2_common/hardware_timer/timer.c.obj
                0x10001db0                hardware_alarm_cancel
 .text.ph_merge_nodes
                0x10001dec       0x68 CMakeFiles/usb_gamepad_bridge_for_msx.dir/C_/Users/hra/Documents/github/sangria_firmware/pico-sdk/src/common/pico_util/pheap.c.obj
 .text.ph_post_alloc_init
                0x10001e54       0x3c CMakeFiles/usb_gamepad_bridge_for_msx.dir/C_/Users/hra/Documents/github/sangria_firmware/pico-sdk/src/common/pico_util/pheap.c.obj
                0x10001e54                ph_post_alloc_init
 .text.ph_merge_two_pass
                0x10001e90       0x90 CMakeFiles/usb_gamepad_bridge_for_msx.dir/C_/Users/hra/Documents/github/sangria_firmware/pico-sdk/src/common/pico_util/pheap.c.obj
                0x10001e90                ph_merge_two_pass
 .text.ph_remove_any_head
                0x10001f20       0xf8 CMakeFiles/usb_gamepad_bridge_for_msx.dir/C_/Users/hra/Documents/github/sangria_firmware/pico-sdk/src/common/pico_util/pheap.c.obj
 .text.ph_remove_head
                0x10002018       0xfc CMakeFiles/usb_gamepad_bridge_for_msx.dir/C_/Users/hra/Documents/github/sangria_firmware/pico-sdk/src/common/pico_util/pheap.c.obj
                0x10002018                ph_remove_head
 .text.ph_remove_and_free_node
                0x10002114       0x7c CMakeFiles/usb_gamepad_bridge_for_msx.dir/C_/Users/hra/Documents/github/sangria_firmware/pico-sdk/src/common/pico_util/pheap.c.obj
                0x10002114                ph_remove_and_free_node
 .text.mutex_init
                0x10002190       0x1c CMakeFiles/usb_gamepad_bridge_for_msx.dir/C_/Users/hra/Documents/github/sangria_firmware/pico-sdk/src/common/pico_sync/mutex.c.obj
                0x10002190                mutex_init
 .text.recursive_mutex_init
                0x100021ac       0x1c CMakeFiles/usb_gamepad_bridge_for_msx.dir/C_/Users/hra/Documents/github/sangria_firmware/pico-sdk/src/common/pico_sync/mutex.c.obj
                0x100021ac                recursive_mutex_init
 .text.critical_section_init
                0x100021c8       0x20 CMakeFiles/usb_gamepad_bridge_for_msx.dir/C_/Users/hra/Documents/github/sangria_firmware/pico-sdk/src/common/pico_sync/critical_section.c.obj
                0x100021c8                critical_section_init
 .text.uart_init
                0x100021e8       0xe0 CMakeFiles/usb_gamepad_bridge_for_msx.dir/C_/Users/hra/Documents/github/sangria_firmware/pico-sdk/src/rp2_common/hardware_uart/uart.c.obj
                0x100021e8                uart_init
 .text.runtime_init
                0x100022c8       0xf0 CMakeFiles/usb_gamepad_bridge_for_msx.dir/C_/Users/hra/Documents/github/sangria_firmware/pico-sdk/src/rp2_common/pico_runtime/runtime.c.obj
                0x100022c8                runtime_init
 .text.exit     0x100023b8        0x4 CMakeFiles/usb_gamepad_bridge_for_msx.dir/C_/Users/hra/Documents/github/sangria_firmware/pico-sdk/src/rp2_common/pico_runtime/runtime.c.obj
                0x100023b8                exit
 .text.panic    0x100023bc       0x30 CMakeFiles/usb_gamepad_bridge_for_msx.dir/C_/Users/hra/Documents/github/sangria_firmware/pico-sdk/src/rp2_common/pico_runtime/runtime.c.obj
                0x100023bc                panic
 .text.hard_assertion_failure
                0x100023ec        0xc CMakeFiles/usb_gamepad_bridge_for_msx.dir/C_/Users/hra/Documents/github/sangria_firmware/pico-sdk/src/rp2_common/pico_runtime/runtime.c.obj
                0x100023ec                hard_assertion_failure
 .text.clocks_init
                0x100023f8      0x2bc CMakeFiles/usb_gamepad_bridge_for_msx.dir/C_/Users/hra/Documents/github/sangria_firmware/pico-sdk/src/rp2_common/hardware_clocks/clocks.c.obj
                0x100023f8                clocks_init
 .text.clock_get_hz
                0x100026b4        0xc CMakeFiles/usb_gamepad_bridge_for_msx.dir/C_/Users/hra/Documents/github/sangria_firmware/pico-sdk/src/rp2_common/hardware_clocks/clocks.c.obj
                0x100026b4                clock_get_hz
 .text.pll_init
                0x100026c0       0xb0 CMakeFiles/usb_gamepad_bridge_for_msx.dir/C_/Users/hra/Documents/github/sangria_firmware/pico-sdk/src/rp2_common/hardware_pll/pll.c.obj
                0x100026c0                pll_init
 .text.watchdog_start_tick
                0x10002770       0x10 CMakeFiles/usb_gamepad_bridge_for_msx.dir/C_/Users/hra/Documents/github/sangria_firmware/pico-sdk/src/rp2_common/hardware_watchdog/watchdog.c.obj
                0x10002770                watchdog_start_tick
 .text.xosc_init
                0x10002780       0x28 CMakeFiles/usb_gamepad_bridge_for_msx.dir/C_/Users/hra/Documents/github/sangria_firmware/pico-sdk/src/rp2_common/hardware_xosc/xosc.c.obj
                0x10002780                xosc_init
 .text._out_null
                0x100027a8        0x4 CMakeFiles/usb_gamepad_bridge_for_msx.dir/C_/Users/hra/Documents/github/sangria_firmware/pico-sdk/src/rp2_common/pico_printf/printf.c.obj
 .text._out_rev
                0x100027ac       0x9c CMakeFiles/usb_gamepad_bridge_for_msx.dir/C_/Users/hra/Documents/github/sangria_firmware/pico-sdk/src/rp2_common/pico_printf/printf.c.obj
 .text._ntoa_format
                0x10002848      0x1cc CMakeFiles/usb_gamepad_bridge_for_msx.dir/C_/Users/hra/Documents/github/sangria_firmware/pico-sdk/src/rp2_common/pico_printf/printf.c.obj
 .text._out_char
                0x10002a14       0x10 CMakeFiles/usb_gamepad_bridge_for_msx.dir/C_/Users/hra/Documents/github/sangria_firmware/pico-sdk/src/rp2_common/pico_printf/printf.c.obj
 .text._out_fct
                0x10002a24       0x10 CMakeFiles/usb_gamepad_bridge_for_msx.dir/C_/Users/hra/Documents/github/sangria_firmware/pico-sdk/src/rp2_common/pico_printf/printf.c.obj
 .text._etoa    0x10002a34      0x44c CMakeFiles/usb_gamepad_bridge_for_msx.dir/C_/Users/hra/Documents/github/sangria_firmware/pico-sdk/src/rp2_common/pico_printf/printf.c.obj
 .text._ftoa    0x10002e80      0x398 CMakeFiles/usb_gamepad_bridge_for_msx.dir/C_/Users/hra/Documents/github/sangria_firmware/pico-sdk/src/rp2_common/pico_printf/printf.c.obj
 .text._vsnprintf
                0x10003218      0xb04 CMakeFiles/usb_gamepad_bridge_for_msx.dir/C_/Users/hra/Documents/github/sangria_firmware/pico-sdk/src/rp2_common/pico_printf/printf.c.obj
 .text.vfctprintf
                0x10003d1c       0x20 CMakeFiles/usb_gamepad_bridge_for_msx.dir/C_/Users/hra/Documents/github/sangria_firmware/pico-sdk/src/rp2_common/pico_printf/printf.c.obj
                0x10003d1c                vfctprintf
 .text.weak_raw_vprintf
                0x10003d3c       0x30 CMakeFiles/usb_gamepad_bridge_for_msx.dir/C_/Users/hra/Documents/github/sangria_firmware/pico-sdk/src/rp2_common/pico_printf/printf.c.obj
                0x10003d3c                weak_raw_vprintf
 .text          0x10003d6c       0x10 CMakeFiles/usb_gamepad_bridge_for_msx.dir/C_/Users/hra/Documents/github/sangria_firmware/pico-sdk/src/rp2_common/pico_bit_ops/bit_ops_aeabi.S.obj
 .text.rom_func_lookup
                0x10003d7c       0x10 CMakeFiles/usb_gamepad_bridge_for_msx.dir/C_/Users/hra/Documents/github/sangria_firmware/pico-sdk/src/rp2_common/pico_bootrom/bootrom.c.obj
                0x10003d7c                rom_func_lookup
 .text.rom_data_lookup
                0x10003d8c       0x10 CMakeFiles/usb_gamepad_bridge_for_msx.dir/C_/Users/hra/Documents/github/sangria_firmware/pico-sdk/src/rp2_common/pico_bootrom/bootrom.c.obj
                0x10003d8c                rom_data_lookup
 .text.rom_funcs_lookup
                0x10003d9c       0x44 CMakeFiles/usb_gamepad_bridge_for_msx.dir/C_/Users/hra/Documents/github/sangria_firmware/pico-sdk/src/rp2_common/pico_bootrom/bootrom.c.obj
                0x10003d9c                rom_funcs_lookup
 .text.__wrap___aeabi_idiv
                0x10003de0       0x50 CMakeFiles/usb_gamepad_bridge_for_msx.dir/C_/Users/hra/Documents/github/sangria_firmware/pico-sdk/src/rp2_common/pico_divider/divider.S.obj
                0x10003de0                __wrap___aeabi_idivmod
                0x10003de0                divmod_s32s32
                0x10003de0                div_s32s32
                0x10003de0                __wrap___aeabi_idiv
                0x10003de8                divmod_s32s32_unsafe
                0x10003e14                divmod_s32s32_savestate
 .text.__wrap___aeabi_uidiv
                0x10003e30       0x4c CMakeFiles/usb_gamepad_bridge_for_msx.dir/C_/Users/hra/Documents/github/sangria_firmware/pico-sdk/src/rp2_common/pico_divider/divider.S.obj
                0x10003e30                __wrap___aeabi_uidiv
                0x10003e30                __wrap___aeabi_uidivmod
                0x10003e30                div_u32u32
                0x10003e30                divmod_u32u32
                0x10003e38                divmod_u32u32_unsafe
                0x10003e60                divmod_u32u32_savestate
 .text.__wrap___aeabi_ldiv
                0x10003e7c      0x434 CMakeFiles/usb_gamepad_bridge_for_msx.dir/C_/Users/hra/Documents/github/sangria_firmware/pico-sdk/src/rp2_common/pico_divider/divider.S.obj
                0x10003e7c                div_s64s64
                0x10003e7c                divmod_s64s64
                0x10003e7c                __wrap___aeabi_ldivmod
                0x10003eb4                divmod_u64u64
                0x10003eb4                div_u64u64
                0x10003eb4                __wrap___aeabi_uldivmod
                0x10003ec4                divmod_u64u64_savestate
                0x10003eec                divmod_s64s64_unsafe
                0x10003f74                divmod_u64u64_unsafe
 .text.__wrap___aeabi_darithmetic
                0x100042b0       0x80 CMakeFiles/usb_gamepad_bridge_for_msx.dir/C_/Users/hra/Documents/github/sangria_firmware/pico-sdk/src/rp2_common/pico_double/double_aeabi.S.obj
                0x100042b0                __wrap___aeabi_drsub
                0x100042b6                __wrap___aeabi_dsub
                0x100042c8                __wrap___aeabi_dadd
                0x100042da                __wrap___aeabi_ddiv
                0x10004316                __wrap___aeabi_dmul
 .text.__wrap___aeabi_cdcmple
                0x10004330       0x6c CMakeFiles/usb_gamepad_bridge_for_msx.dir/C_/Users/hra/Documents/github/sangria_firmware/pico-sdk/src/rp2_common/pico_double/double_aeabi.S.obj
                0x10004330                __wrap___aeabi_cdrcmple
                0x10004340                __wrap___aeabi_cdcmpeq
                0x10004340                __wrap___aeabi_cdcmple
 .text.__wrap___aeabi_dcmplt
                0x1000439c        0xc CMakeFiles/usb_gamepad_bridge_for_msx.dir/C_/Users/hra/Documents/github/sangria_firmware/pico-sdk/src/rp2_common/pico_double/double_aeabi.S.obj
                0x1000439c                __wrap___aeabi_dcmplt
 .text.__wrap___aeabi_dcmple
                0x100043a8       0x10 CMakeFiles/usb_gamepad_bridge_for_msx.dir/C_/Users/hra/Documents/github/sangria_firmware/pico-sdk/src/rp2_common/pico_double/double_aeabi.S.obj
                0x100043a8                __wrap___aeabi_dcmple
 .text.__wrap___aeabi_dcmpge
                0x100043b8       0x10 CMakeFiles/usb_gamepad_bridge_for_msx.dir/C_/Users/hra/Documents/github/sangria_firmware/pico-sdk/src/rp2_common/pico_double/double_aeabi.S.obj
                0x100043b8                __wrap___aeabi_dcmpge
 .text.__wrap___aeabi_dcmpgt
                0x100043c8        0xa CMakeFiles/usb_gamepad_bridge_for_msx.dir/C_/Users/hra/Documents/github/sangria_firmware/pico-sdk/src/rp2_common/pico_double/double_aeabi.S.obj
                0x100043c8                __wrap___aeabi_dcmpgt
 .text.__wrap___aeabi_dcmpun
                0x100043d2       0x1c CMakeFiles/usb_gamepad_bridge_for_msx.dir/C_/Users/hra/Documents/github/sangria_firmware/pico-sdk/src/rp2_common/pico_double/double_aeabi.S.obj
                0x100043d2                __wrap___aeabi_dcmpun
 *fill*         0x100043ee        0x2 
 .text.__wrap___aeabi_i2d
                0x100043f0       0x38 CMakeFiles/usb_gamepad_bridge_for_msx.dir/C_/Users/hra/Documents/github/sangria_firmware/pico-sdk/src/rp2_common/pico_double/double_aeabi.S.obj
                0x100043f0                __wrap___aeabi_ui2d
                0x100043f8                __wrap___aeabi_i2d
 .text.__wrap___aeabi_d2iz
                0x10004428       0x48 CMakeFiles/usb_gamepad_bridge_for_msx.dir/C_/Users/hra/Documents/github/sangria_firmware/pico-sdk/src/rp2_common/pico_double/double_aeabi.S.obj
                0x10004428                double2int_z
                0x10004428                __wrap___aeabi_d2iz
 .text.__wrap___aeabi_d2uiz
                0x10004470       0x18 CMakeFiles/usb_gamepad_bridge_for_msx.dir/C_/Users/hra/Documents/github/sangria_firmware/pico-sdk/src/rp2_common/pico_double/double_aeabi.S.obj
                0x10004470                __wrap___aeabi_d2uiz
                0x10004470                double2uint
 .text.__aeabi_double_init
                0x10004488       0x94 CMakeFiles/usb_gamepad_bridge_for_msx.dir/C_/Users/hra/Documents/github/sangria_firmware/pico-sdk/src/rp2_common/pico_double/double_init_rom.c.obj
                0x10004488                __aeabi_double_init
 .text.double_table_shim_on_use_helper
                0x1000451c       0x2c CMakeFiles/usb_gamepad_bridge_for_msx.dir/C_/Users/hra/Documents/github/sangria_firmware/pico-sdk/src/rp2_common/pico_double/double_v1_rom_shim.S.obj
                0x1000451c                double_table_shim_on_use_helper
 .text.__wrap___aeabi_dsub
                0x10004548       0x10 CMakeFiles/usb_gamepad_bridge_for_msx.dir/C_/Users/hra/Documents/github/sangria_firmware/pico-sdk/src/rp2_common/pico_double/double_v1_rom_shim.S.obj
                0x10004548                drsub_shim
                0x1000454e                dsub_shim
 .text.dadd_shim
                0x10004558      0x15c CMakeFiles/usb_gamepad_bridge_for_msx.dir/C_/Users/hra/Documents/github/sangria_firmware/pico-sdk/src/rp2_common/pico_double/double_v1_rom_shim.S.obj
                0x10004558                dadd_shim
 .text.dmul_shim
                0x100046b4      0x15c CMakeFiles/usb_gamepad_bridge_for_msx.dir/C_/Users/hra/Documents/github/sangria_firmware/pico-sdk/src/rp2_common/pico_double/double_v1_rom_shim.S.obj
                0x100046b4                dmul_shim
 .text.ddiv_shim
                0x10004810      0x1b0 CMakeFiles/usb_gamepad_bridge_for_msx.dir/C_/Users/hra/Documents/github/sangria_firmware/pico-sdk/src/rp2_common/pico_double/double_v1_rom_shim.S.obj
                0x10004810                ddiv_shim
 .text.double2uint_shim
                0x100049c0        0xe CMakeFiles/usb_gamepad_bridge_for_msx.dir/C_/Users/hra/Documents/github/sangria_firmware/pico-sdk/src/rp2_common/pico_double/double_v1_rom_shim.S.obj
                0x100049c0                double2uint_shim
                0x100049c2                double2ufix_shim
 *fill*         0x100049ce        0x2 
 .text.double2uint64_shim
                0x100049d0       0x70 CMakeFiles/usb_gamepad_bridge_for_msx.dir/C_/Users/hra/Documents/github/sangria_firmware/pico-sdk/src/rp2_common/pico_double/double_v1_rom_shim.S.obj
                0x100049d0                double2uint64_shim
                0x100049d2                double2ufix64_shim
                0x100049f2                d2fix_a
 .text.dunpacks
                0x10004a40       0x3c CMakeFiles/usb_gamepad_bridge_for_msx.dir/C_/Users/hra/Documents/github/sangria_firmware/pico-sdk/src/rp2_common/pico_double/double_v1_rom_shim.S.obj
                0x10004a40                dunpacks
 .text.__aeabi_lmul
                0x10004a7c       0x32 CMakeFiles/usb_gamepad_bridge_for_msx.dir/C_/Users/hra/Documents/github/sangria_firmware/pico-sdk/src/rp2_common/pico_int64_ops/pico_int64_ops_aeabi.S.obj
                0x10004a7c                __wrap___aeabi_lmul
 *fill*         0x10004aae        0x2 
 .text.__aeabi_float_init
                0x10004ab0       0x64 CMakeFiles/usb_gamepad_bridge_for_msx.dir/C_/Users/hra/Documents/github/sangria_firmware/pico-sdk/src/rp2_common/pico_float/float_init_rom.c.obj
                0x10004ab0                __aeabi_float_init
 .text.float_table_shim_on_use_helper
                0x10004b14       0x2c CMakeFiles/usb_gamepad_bridge_for_msx.dir/C_/Users/hra/Documents/github/sangria_firmware/pico-sdk/src/rp2_common/pico_float/float_v1_rom_shim.S.obj
                0x10004b14                float_table_shim_on_use_helper
 .text          0x10004b40       0x10 CMakeFiles/usb_gamepad_bridge_for_msx.dir/C_/Users/hra/Documents/github/sangria_firmware/pico-sdk/src/rp2_common/pico_mem_ops/mem_ops_aeabi.S.obj
                0x10004b40                __aeabi_mem_init
 .text.memset   0x10004b50        0xc CMakeFiles/usb_gamepad_bridge_for_msx.dir/C_/Users/hra/Documents/github/sangria_firmware/pico-sdk/src/rp2_common/pico_mem_ops/mem_ops_aeabi.S.obj
                0x10004b50                __wrap_memset
 .text.memcpy   0x10004b5c        0xc CMakeFiles/usb_gamepad_bridge_for_msx.dir/C_/Users/hra/Documents/github/sangria_firmware/pico-sdk/src/rp2_common/pico_mem_ops/mem_ops_aeabi.S.obj
                0x10004b5c                __wrap_memcpy
                0x10004b5c                __wrap___aeabi_memcpy
 .text.stdio_out_chars_no_crlf
                0x10004b68       0x10 CMakeFiles/usb_gamepad_bridge_for_msx.dir/C_/Users/hra/Documents/github/sangria_firmware/pico-sdk/src/rp2_common/pico_stdio/stdio.c.obj
 .text.stdio_out_chars_crlf
                0x10004b78       0xb4 CMakeFiles/usb_gamepad_bridge_for_msx.dir/C_/Users/hra/Documents/github/sangria_firmware/pico-sdk/src/rp2_common/pico_stdio/stdio.c.obj
 .text.stdio_buffered_printer
                0x10004c2c       0x64 CMakeFiles/usb_gamepad_bridge_for_msx.dir/C_/Users/hra/Documents/github/sangria_firmware/pico-sdk/src/rp2_common/pico_stdio/stdio.c.obj
 .text.stdio_put_string.isra.0
                0x10004c90       0xfc CMakeFiles/usb_gamepad_bridge_for_msx.dir/C_/Users/hra/Documents/github/sangria_firmware/pico-sdk/src/rp2_common/pico_stdio/stdio.c.obj
 .text.__wrap_putchar
                0x10004d8c       0xa0 CMakeFiles/usb_gamepad_bridge_for_msx.dir/C_/Users/hra/Documents/github/sangria_firmware/pico-sdk/src/rp2_common/pico_stdio/stdio.c.obj
                0x10004d8c                __wrap_putchar
 .text.__wrap_puts
                0x10004e2c       0x3c CMakeFiles/usb_gamepad_bridge_for_msx.dir/C_/Users/hra/Documents/github/sangria_firmware/pico-sdk/src/rp2_common/pico_stdio/stdio.c.obj
                0x10004e2c                __wrap_puts
 .text.stdio_set_driver_enabled
                0x10004e68       0x30 CMakeFiles/usb_gamepad_bridge_for_msx.dir/C_/Users/hra/Documents/github/sangria_firmware/pico-sdk/src/rp2_common/pico_stdio/stdio.c.obj
                0x10004e68                stdio_set_driver_enabled
 .text.__wrap_vprintf
                0x10004e98       0xd8 CMakeFiles/usb_gamepad_bridge_for_msx.dir/C_/Users/hra/Documents/github/sangria_firmware/pico-sdk/src/rp2_common/pico_stdio/stdio.c.obj
                0x10004e98                __wrap_vprintf
 .text.__wrap_printf
                0x10004f70       0x18 CMakeFiles/usb_gamepad_bridge_for_msx.dir/C_/Users/hra/Documents/github/sangria_firmware/pico-sdk/src/rp2_common/pico_stdio/stdio.c.obj
                0x10004f70                __wrap_printf
 .text.stdio_uart_out_chars
                0x10004f88       0x4c CMakeFiles/usb_gamepad_bridge_for_msx.dir/C_/Users/hra/Documents/github/sangria_firmware/pico-sdk/src/rp2_common/pico_stdio_uart/stdio_uart.c.obj
 .text.stdio_uart_in_chars
                0x10004fd4       0x38 CMakeFiles/usb_gamepad_bridge_for_msx.dir/C_/Users/hra/Documents/github/sangria_firmware/pico-sdk/src/rp2_common/pico_stdio_uart/stdio_uart.c.obj
                0x10004fd4                stdio_uart_in_chars
 .text.stdio_uart_init_full
                0x1000500c       0x38 CMakeFiles/usb_gamepad_bridge_for_msx.dir/C_/Users/hra/Documents/github/sangria_firmware/pico-sdk/src/rp2_common/pico_stdio_uart/stdio_uart.c.obj
                0x1000500c                stdio_uart_init_full
 .text.core1_trampoline
                0x10005044        0x4 CMakeFiles/usb_gamepad_bridge_for_msx.dir/C_/Users/hra/Documents/github/sangria_firmware/pico-sdk/src/rp2_common/pico_multicore/multicore.c.obj
 .text.core1_wrapper
                0x10005048        0xc CMakeFiles/usb_gamepad_bridge_for_msx.dir/C_/Users/hra/Documents/github/sangria_firmware/pico-sdk/src/rp2_common/pico_multicore/multicore.c.obj
                0x10005048                core1_wrapper
 .text.multicore_launch_core1_raw
                0x10005054       0x84 CMakeFiles/usb_gamepad_bridge_for_msx.dir/C_/Users/hra/Documents/github/sangria_firmware/pico-sdk/src/rp2_common/pico_multicore/multicore.c.obj
                0x10005054                multicore_launch_core1_raw
 .text.multicore_launch_core1
                0x100050d8       0x4c CMakeFiles/usb_gamepad_bridge_for_msx.dir/C_/Users/hra/Documents/github/sangria_firmware/pico-sdk/src/rp2_common/pico_multicore/multicore.c.obj
                0x100050d8                multicore_launch_core1
 .text.hcd_rp2040_irq
                0x10005124      0x34c CMakeFiles/usb_gamepad_bridge_for_msx.dir/C_/Users/hra/Documents/github/sangria_firmware/pico-sdk/lib/tinyusb/src/portable/raspberrypi/rp2040/hcd_rp2040.c.obj
 .text.hcd_init
                0x10005470       0x54 CMakeFiles/usb_gamepad_bridge_for_msx.dir/C_/Users/hra/Documents/github/sangria_firmware/pico-sdk/lib/tinyusb/src/portable/raspberrypi/rp2040/hcd_rp2040.c.obj
                0x10005470                hcd_init
 .text.hcd_port_reset
                0x100054c4        0x4 CMakeFiles/usb_gamepad_bridge_for_msx.dir/C_/Users/hra/Documents/github/sangria_firmware/pico-sdk/lib/tinyusb/src/portable/raspberrypi/rp2040/hcd_rp2040.c.obj
                0x100054c4                hcd_port_reset
 .text.hcd_port_reset_end
                0x100054c8        0x4 CMakeFiles/usb_gamepad_bridge_for_msx.dir/C_/Users/hra/Documents/github/sangria_firmware/pico-sdk/lib/tinyusb/src/portable/raspberrypi/rp2040/hcd_rp2040.c.obj
                0x100054c8                hcd_port_reset_end
 .text.hcd_port_connect_status
                0x100054cc       0x18 CMakeFiles/usb_gamepad_bridge_for_msx.dir/C_/Users/hra/Documents/github/sangria_firmware/pico-sdk/lib/tinyusb/src/portable/raspberrypi/rp2040/hcd_rp2040.c.obj
                0x100054cc                hcd_port_connect_status
 .text.hcd_port_speed_get
                0x100054e4       0x24 CMakeFiles/usb_gamepad_bridge_for_msx.dir/C_/Users/hra/Documents/github/sangria_firmware/pico-sdk/lib/tinyusb/src/portable/raspberrypi/rp2040/hcd_rp2040.c.obj
                0x100054e4                hcd_port_speed_get
 .text.hcd_device_close
                0x10005508      0x47c CMakeFiles/usb_gamepad_bridge_for_msx.dir/C_/Users/hra/Documents/github/sangria_firmware/pico-sdk/lib/tinyusb/src/portable/raspberrypi/rp2040/hcd_rp2040.c.obj
                0x10005508                hcd_device_close
 .text.hcd_int_enable
                0x10005984        0xc CMakeFiles/usb_gamepad_bridge_for_msx.dir/C_/Users/hra/Documents/github/sangria_firmware/pico-sdk/lib/tinyusb/src/portable/raspberrypi/rp2040/hcd_rp2040.c.obj
                0x10005984                hcd_int_enable
 .text.hcd_edpt_open
                0x10005990      0x23c CMakeFiles/usb_gamepad_bridge_for_msx.dir/C_/Users/hra/Documents/github/sangria_firmware/pico-sdk/lib/tinyusb/src/portable/raspberrypi/rp2040/hcd_rp2040.c.obj
                0x10005990                hcd_edpt_open
 .text.hcd_edpt_xfer
                0x10005bcc      0x34c CMakeFiles/usb_gamepad_bridge_for_msx.dir/C_/Users/hra/Documents/github/sangria_firmware/pico-sdk/lib/tinyusb/src/portable/raspberrypi/rp2040/hcd_rp2040.c.obj
                0x10005bcc                hcd_edpt_xfer
 .text.hcd_setup_send
                0x10005f18       0xa8 CMakeFiles/usb_gamepad_bridge_for_msx.dir/C_/Users/hra/Documents/github/sangria_firmware/pico-sdk/lib/tinyusb/src/portable/raspberrypi/rp2040/hcd_rp2040.c.obj
                0x10005f18                hcd_setup_send
 .text._hw_endpoint_buffer_control_update32.part.0.isra.0
                0x10005fc0       0x1c CMakeFiles/usb_gamepad_bridge_for_msx.dir/C_/Users/hra/Documents/github/sangria_firmware/pico-sdk/lib/tinyusb/src/portable/raspberrypi/rp2040/rp2040_usb.c.obj
 .text.rp2040_usb_init
                0x10005fdc       0x4c CMakeFiles/usb_gamepad_bridge_for_msx.dir/C_/Users/hra/Documents/github/sangria_firmware/pico-sdk/lib/tinyusb/src/portable/raspberrypi/rp2040/rp2040_usb.c.obj
                0x10005fdc                rp2040_usb_init
 .text.hw_endpoint_reset_transfer
                0x10006028        0xc CMakeFiles/usb_gamepad_bridge_for_msx.dir/C_/Users/hra/Documents/github/sangria_firmware/pico-sdk/lib/tinyusb/src/portable/raspberrypi/rp2040/rp2040_usb.c.obj
                0x10006028                hw_endpoint_reset_transfer
 .text.hw_endpoint_xfer_start
                0x10006034      0x134 CMakeFiles/usb_gamepad_bridge_for_msx.dir/C_/Users/hra/Documents/github/sangria_firmware/pico-sdk/lib/tinyusb/src/portable/raspberrypi/rp2040/rp2040_usb.c.obj
                0x10006034                hw_endpoint_xfer_start
 .text.hw_endpoint_xfer_continue
                0x10006168      0x1e8 CMakeFiles/usb_gamepad_bridge_for_msx.dir/C_/Users/hra/Documents/github/sangria_firmware/pico-sdk/lib/tinyusb/src/portable/raspberrypi/rp2040/rp2040_usb.c.obj
                0x10006168                hw_endpoint_xfer_continue
 .text._control_blocking_complete_cb
                0x10006350        0x8 CMakeFiles/usb_gamepad_bridge_for_msx.dir/C_/Users/hra/Documents/github/sangria_firmware/pico-sdk/lib/tinyusb/src/host/usbh.c.obj
 .text.process_device_unplugged
                0x10006358      0x14c CMakeFiles/usb_gamepad_bridge_for_msx.dir/C_/Users/hra/Documents/github/sangria_firmware/pico-sdk/lib/tinyusb/src/host/usbh.c.obj
 .text.usbh_control_xfer_cb.constprop.0.isra.0
                0x100064a4      0x160 CMakeFiles/usb_gamepad_bridge_for_msx.dir/C_/Users/hra/Documents/github/sangria_firmware/pico-sdk/lib/tinyusb/src/host/usbh.c.obj
 .text.tuh_task_ext.part.0
                0x10006604      0x1fc CMakeFiles/usb_gamepad_bridge_for_msx.dir/C_/Users/hra/Documents/github/sangria_firmware/pico-sdk/lib/tinyusb/src/host/usbh.c.obj
 .text.tuh_control_xfer.part.0
                0x10006800       0xd8 CMakeFiles/usb_gamepad_bridge_for_msx.dir/C_/Users/hra/Documents/github/sangria_firmware/pico-sdk/lib/tinyusb/src/host/usbh.c.obj
 .text.process_enumeration
                0x100068d8      0x4c4 CMakeFiles/usb_gamepad_bridge_for_msx.dir/C_/Users/hra/Documents/github/sangria_firmware/pico-sdk/lib/tinyusb/src/host/usbh.c.obj
 .text.tuh_speed_get
                0x10006d9c       0x24 CMakeFiles/usb_gamepad_bridge_for_msx.dir/C_/Users/hra/Documents/github/sangria_firmware/pico-sdk/lib/tinyusb/src/host/usbh.c.obj
                0x10006d9c                tuh_speed_get
 .text.tuh_inited
                0x10006dc0       0x14 CMakeFiles/usb_gamepad_bridge_for_msx.dir/C_/Users/hra/Documents/github/sangria_firmware/pico-sdk/lib/tinyusb/src/host/usbh.c.obj
                0x10006dc0                tuh_inited
 .text.tuh_init
                0x10006dd4       0xcc CMakeFiles/usb_gamepad_bridge_for_msx.dir/C_/Users/hra/Documents/github/sangria_firmware/pico-sdk/lib/tinyusb/src/host/usbh.c.obj
                0x10006dd4                tuh_init
 .text.tuh_task_ext
                0x10006ea0       0x10 CMakeFiles/usb_gamepad_bridge_for_msx.dir/C_/Users/hra/Documents/github/sangria_firmware/pico-sdk/lib/tinyusb/src/host/usbh.c.obj
                0x10006ea0                tuh_task_ext
 .text.tuh_control_xfer
                0x10006eb0       0x2c CMakeFiles/usb_gamepad_bridge_for_msx.dir/C_/Users/hra/Documents/github/sangria_firmware/pico-sdk/lib/tinyusb/src/host/usbh.c.obj
                0x10006eb0                tuh_control_xfer
 .text.usbh_get_rhport
                0x10006edc       0x20 CMakeFiles/usb_gamepad_bridge_for_msx.dir/C_/Users/hra/Documents/github/sangria_firmware/pico-sdk/lib/tinyusb/src/host/usbh.c.obj
                0x10006edc                usbh_get_rhport
 .text.usbh_get_enum_buf
                0x10006efc        0x8 CMakeFiles/usb_gamepad_bridge_for_msx.dir/C_/Users/hra/Documents/github/sangria_firmware/pico-sdk/lib/tinyusb/src/host/usbh.c.obj
                0x10006efc                usbh_get_enum_buf
 .text.usbh_edpt_claim
                0x10006f04       0x38 CMakeFiles/usb_gamepad_bridge_for_msx.dir/C_/Users/hra/Documents/github/sangria_firmware/pico-sdk/lib/tinyusb/src/host/usbh.c.obj
                0x10006f04                usbh_edpt_claim
 .text.usbh_edpt_xfer_with_callback
                0x10006f3c       0x78 CMakeFiles/usb_gamepad_bridge_for_msx.dir/C_/Users/hra/Documents/github/sangria_firmware/pico-sdk/lib/tinyusb/src/host/usbh.c.obj
                0x10006f3c                usbh_edpt_xfer_with_callback
 .text.tuh_edpt_open
                0x10006fb4       0x4c CMakeFiles/usb_gamepad_bridge_for_msx.dir/C_/Users/hra/Documents/github/sangria_firmware/pico-sdk/lib/tinyusb/src/host/usbh.c.obj
                0x10006fb4                tuh_edpt_open
 .text.tuh_descriptor_get_hid_report
                0x10007000       0x68 CMakeFiles/usb_gamepad_bridge_for_msx.dir/C_/Users/hra/Documents/github/sangria_firmware/pico-sdk/lib/tinyusb/src/host/usbh.c.obj
                0x10007000                tuh_descriptor_get_hid_report
 .text.usbh_driver_set_config_complete
                0x10007068       0xe0 CMakeFiles/usb_gamepad_bridge_for_msx.dir/C_/Users/hra/Documents/github/sangria_firmware/pico-sdk/lib/tinyusb/src/host/usbh.c.obj
                0x10007068                usbh_driver_set_config_complete
 .text.connection_port_reset_complete
                0x10007148       0x34 CMakeFiles/usb_gamepad_bridge_for_msx.dir/C_/Users/hra/Documents/github/sangria_firmware/pico-sdk/lib/tinyusb/src/host/hub.c.obj
 .text.hub_clear_feature_complete_stub
                0x1000717c       0x30 CMakeFiles/usb_gamepad_bridge_for_msx.dir/C_/Users/hra/Documents/github/sangria_firmware/pico-sdk/lib/tinyusb/src/host/hub.c.obj
 .text.config_set_port_power
                0x100071ac       0x60 CMakeFiles/usb_gamepad_bridge_for_msx.dir/C_/Users/hra/Documents/github/sangria_firmware/pico-sdk/lib/tinyusb/src/host/hub.c.obj
 .text.config_port_power_complete
                0x1000720c       0x94 CMakeFiles/usb_gamepad_bridge_for_msx.dir/C_/Users/hra/Documents/github/sangria_firmware/pico-sdk/lib/tinyusb/src/host/hub.c.obj
 .text.connection_clear_conn_change_complete
                0x100072a0       0xa0 CMakeFiles/usb_gamepad_bridge_for_msx.dir/C_/Users/hra/Documents/github/sangria_firmware/pico-sdk/lib/tinyusb/src/host/hub.c.obj
 .text.hub_get_status_complete
                0x10007340       0x98 CMakeFiles/usb_gamepad_bridge_for_msx.dir/C_/Users/hra/Documents/github/sangria_firmware/pico-sdk/lib/tinyusb/src/host/hub.c.obj
 .text.hub_port_get_status_complete
                0x100073d8      0x1c0 CMakeFiles/usb_gamepad_bridge_for_msx.dir/C_/Users/hra/Documents/github/sangria_firmware/pico-sdk/lib/tinyusb/src/host/hub.c.obj
 .text.hub_port_clear_feature
                0x10007598       0x4c CMakeFiles/usb_gamepad_bridge_for_msx.dir/C_/Users/hra/Documents/github/sangria_firmware/pico-sdk/lib/tinyusb/src/host/hub.c.obj
                0x10007598                hub_port_clear_feature
 .text.hub_port_get_status
                0x100075e4       0x50 CMakeFiles/usb_gamepad_bridge_for_msx.dir/C_/Users/hra/Documents/github/sangria_firmware/pico-sdk/lib/tinyusb/src/host/hub.c.obj
                0x100075e4                hub_port_get_status
 .text.hub_init
                0x10007634       0x14 CMakeFiles/usb_gamepad_bridge_for_msx.dir/C_/Users/hra/Documents/github/sangria_firmware/pico-sdk/lib/tinyusb/src/host/hub.c.obj
                0x10007634                hub_init
 .text.hub_open
                0x10007648       0x58 CMakeFiles/usb_gamepad_bridge_for_msx.dir/C_/Users/hra/Documents/github/sangria_firmware/pico-sdk/lib/tinyusb/src/host/hub.c.obj
                0x10007648                hub_open
 .text.hub_close
                0x100076a0       0x28 CMakeFiles/usb_gamepad_bridge_for_msx.dir/C_/Users/hra/Documents/github/sangria_firmware/pico-sdk/lib/tinyusb/src/host/hub.c.obj
                0x100076a0                hub_close
 .text.hub_edpt_status_xfer
                0x100076c8       0x2c CMakeFiles/usb_gamepad_bridge_for_msx.dir/C_/Users/hra/Documents/github/sangria_firmware/pico-sdk/lib/tinyusb/src/host/hub.c.obj
                0x100076c8                hub_edpt_status_xfer
 .text.hub_set_config
                0x100076f4       0x58 CMakeFiles/usb_gamepad_bridge_for_msx.dir/C_/Users/hra/Documents/github/sangria_firmware/pico-sdk/lib/tinyusb/src/host/hub.c.obj
                0x100076f4                hub_set_config
 .text.hub_xfer_cb
                0x1000774c      0x15c CMakeFiles/usb_gamepad_bridge_for_msx.dir/C_/Users/hra/Documents/github/sangria_firmware/pico-sdk/lib/tinyusb/src/host/hub.c.obj
                0x1000774c                hub_xfer_cb
 .text.process_set_config
                0x100078a8      0x1c8 CMakeFiles/usb_gamepad_bridge_for_msx.dir/C_/Users/hra/Documents/github/sangria_firmware/pico-sdk/lib/tinyusb/src/class/hid/hid_host.c.obj
 .text.tuh_hid_interface_protocol
                0x10007a70       0x1c CMakeFiles/usb_gamepad_bridge_for_msx.dir/C_/Users/hra/Documents/github/sangria_firmware/pico-sdk/lib/tinyusb/src/class/hid/hid_host.c.obj
                0x10007a70                tuh_hid_interface_protocol
 .text.tuh_hid_receive_report
                0x10007a8c       0x64 CMakeFiles/usb_gamepad_bridge_for_msx.dir/C_/Users/hra/Documents/github/sangria_firmware/pico-sdk/lib/tinyusb/src/class/hid/hid_host.c.obj
                0x10007a8c                tuh_hid_receive_report
 .text.hidh_init
                0x10007af0       0x14 CMakeFiles/usb_gamepad_bridge_for_msx.dir/C_/Users/hra/Documents/github/sangria_firmware/pico-sdk/lib/tinyusb/src/class/hid/hid_host.c.obj
                0x10007af0                hidh_init
 .text.hidh_xfer_cb
                0x10007b04       0x80 CMakeFiles/usb_gamepad_bridge_for_msx.dir/C_/Users/hra/Documents/github/sangria_firmware/pico-sdk/lib/tinyusb/src/class/hid/hid_host.c.obj
                0x10007b04                hidh_xfer_cb
 .text.hidh_close
                0x10007b84       0x54 CMakeFiles/usb_gamepad_bridge_for_msx.dir/C_/Users/hra/Documents/github/sangria_firmware/pico-sdk/lib/tinyusb/src/class/hid/hid_host.c.obj
                0x10007b84                hidh_close
 .text.hidh_open
                0x10007bd8      0x118 CMakeFiles/usb_gamepad_bridge_for_msx.dir/C_/Users/hra/Documents/github/sangria_firmware/pico-sdk/lib/tinyusb/src/class/hid/hid_host.c.obj
                0x10007bd8                hidh_open
 .text.hidh_set_config
                0x10007cf0       0xb0 CMakeFiles/usb_gamepad_bridge_for_msx.dir/C_/Users/hra/Documents/github/sangria_firmware/pico-sdk/lib/tinyusb/src/class/hid/hid_host.c.obj
                0x10007cf0                hidh_set_config
 .text.tuh_hid_parse_report_descriptor
                0x10007da0       0xcc CMakeFiles/usb_gamepad_bridge_for_msx.dir/C_/Users/hra/Documents/github/sangria_firmware/pico-sdk/lib/tinyusb/src/class/hid/hid_host.c.obj
                0x10007da0                tuh_hid_parse_report_descriptor
 .text.tusb_init
                0x10007e6c        0xc CMakeFiles/usb_gamepad_bridge_for_msx.dir/C_/Users/hra/Documents/github/sangria_firmware/pico-sdk/lib/tinyusb/src/tusb.c.obj
                0x10007e6c                tusb_init
 .text.tusb_inited
                0x10007e78        0x8 CMakeFiles/usb_gamepad_bridge_for_msx.dir/C_/Users/hra/Documents/github/sangria_firmware/pico-sdk/lib/tinyusb/src/tusb.c.obj
                0x10007e78                tusb_inited
 .text.tu_edpt_claim
                0x10007e80       0x50 CMakeFiles/usb_gamepad_bridge_for_msx.dir/C_/Users/hra/Documents/github/sangria_firmware/pico-sdk/lib/tinyusb/src/tusb.c.obj
                0x10007e80                tu_edpt_claim
 .text.tu_edpt_validate
                0x10007ed0       0x78 CMakeFiles/usb_gamepad_bridge_for_msx.dir/C_/Users/hra/Documents/github/sangria_firmware/pico-sdk/lib/tinyusb/src/tusb.c.obj
                0x10007ed0                tu_edpt_validate
 .text.tu_edpt_bind_driver
                0x10007f48       0x34 CMakeFiles/usb_gamepad_bridge_for_msx.dir/C_/Users/hra/Documents/github/sangria_firmware/pico-sdk/lib/tinyusb/src/tusb.c.obj
                0x10007f48                tu_edpt_bind_driver
 .text.tu_desc_get_interface_total_len
                0x10007f7c       0x4c CMakeFiles/usb_gamepad_bridge_for_msx.dir/C_/Users/hra/Documents/github/sangria_firmware/pico-sdk/lib/tinyusb/src/tusb.c.obj
                0x10007f7c                tu_desc_get_interface_total_len
 .text.tu_fifo_read
                0x10007fc8       0x9c CMakeFiles/usb_gamepad_bridge_for_msx.dir/C_/Users/hra/Documents/github/sangria_firmware/pico-sdk/lib/tinyusb/src/common/tusb_fifo.c.obj
                0x10007fc8                tu_fifo_read
 .text.tu_fifo_write
                0x10008064       0x7c CMakeFiles/usb_gamepad_bridge_for_msx.dir/C_/Users/hra/Documents/github/sangria_firmware/pico-sdk/lib/tinyusb/src/common/tusb_fifo.c.obj
                0x10008064                tu_fifo_write
 .text.tu_fifo_clear
                0x100080e0       0x4c CMakeFiles/usb_gamepad_bridge_for_msx.dir/C_/Users/hra/Documents/github/sangria_firmware/pico-sdk/lib/tinyusb/src/common/tusb_fifo.c.obj
                0x100080e0                tu_fifo_clear
 .text.board_init
                0x1000812c       0x30 CMakeFiles/usb_gamepad_bridge_for_msx.dir/C_/Users/hra/Documents/github/sangria_firmware/pico-sdk/lib/tinyusb/hw/bsp/rp2040/family.c.obj
                0x1000812c                board_init
 .text.board_led_write
                0x1000815c       0x14 CMakeFiles/usb_gamepad_bridge_for_msx.dir/C_/Users/hra/Documents/github/sangria_firmware/pico-sdk/lib/tinyusb/hw/bsp/rp2040/family.c.obj
                0x1000815c                board_led_write
 .text.strlen   0x10008170       0x5c c:/progra~2/gnu arm embedded toolchain/10 2020-q4-major/bin/../lib/gcc/arm-none-eabi/10.2.1/../../../../arm-none-eabi/lib/thumb/v6-m/nofp\libc.a(lib_a-strlen-stub.o)
                0x10008170                strlen
 *(.fini)
 .fini          0x100081cc        0x4 c:/progra~2/gnu arm embedded toolchain/10 2020-q4-major/bin/../lib/gcc/arm-none-eabi/10.2.1/thumb/v6-m/nofp/crti.o
                0x100081cc                _fini
 .fini.__stub   0x100081d0       0x70 linker stubs
 *crtbegin.o(.ctors)
 *crtbegin?.o(.ctors)
 *(EXCLUDE_FILE(*crtend.o *crtend?.o) .ctors)
 *(SORT_BY_NAME(.ctors.*))
 *(.ctors)
 *crtbegin.o(.dtors)
 *crtbegin?.o(.dtors)
 *(EXCLUDE_FILE(*crtend.o *crtend?.o) .dtors)
 *(SORT_BY_NAME(.dtors.*))
 *(.dtors)
 *(.eh_frame*)
 .eh_frame      0x10008240        0x0 c:/progra~2/gnu arm embedded toolchain/10 2020-q4-major/bin/../lib/gcc/arm-none-eabi/10.2.1/thumb/v6-m/nofp/crtbegin.o
                0x10008240                . = ALIGN (0x4)

.glue_7         0x10008240        0x0
 .glue_7        0x10008240        0x0 linker stubs

.glue_7t        0x10008240        0x0
 .glue_7t       0x10008240        0x0 linker stubs

.vfp11_veneer   0x10008240        0x0
 .vfp11_veneer  0x10008240        0x0 linker stubs

.v4_bx          0x10008240        0x0
 .v4_bx         0x10008240        0x0 linker stubs

.iplt           0x10008240        0x0
 .iplt          0x10008240        0x0 c:/progra~2/gnu arm embedded toolchain/10 2020-q4-major/bin/../lib/gcc/arm-none-eabi/10.2.1/thumb/v6-m/nofp/crtbegin.o

.rodata         0x10008240      0x688
 *(EXCLUDE_FILE(*libm.a: *libc.a:*lib_a-mem*.o *libgcc.a:) .rodata*)
 .rodata.tuh_hid_mount_cb.str1.4
                0x10008240       0x51 CMakeFiles/usb_gamepad_bridge_for_msx.dir/usb_gamepad_bridge_for_msx.c.obj
 *fill*         0x10008291        0x3 
 .rodata.tuh_hid_umount_cb.str1.4
                0x10008294       0x1e CMakeFiles/usb_gamepad_bridge_for_msx.dir/usb_gamepad_bridge_for_msx.c.obj
 *fill*         0x100082b2        0x2 
 .rodata.process_generic_report.str1.4
                0x100082b4       0xb6 CMakeFiles/usb_gamepad_bridge_for_msx.dir/usb_gamepad_bridge_for_msx.c.obj
 *fill*         0x1000836a        0x2 
 .rodata.tuh_hid_report_received_cb.str1.4
                0x1000836c       0x2e CMakeFiles/usb_gamepad_bridge_for_msx.dir/usb_gamepad_bridge_for_msx.c.obj
 *fill*         0x1000839a        0x2 
 .rodata.led_pattern
                0x1000839c       0xa0 CMakeFiles/usb_gamepad_bridge_for_msx.dir/usb_gamepad_bridge_for_msx.c.obj
 .rodata.reverse16.0
                0x1000843c       0x40 CMakeFiles/usb_gamepad_bridge_for_msx.dir/usb_gamepad_bridge_for_msx.c.obj
 .rodata.reverse_inv4.1
                0x1000847c       0x10 CMakeFiles/usb_gamepad_bridge_for_msx.dir/usb_gamepad_bridge_for_msx.c.obj
 .rodata.spin_lock_claim_unused.str1.4
                0x1000848c       0x1b CMakeFiles/usb_gamepad_bridge_for_msx.dir/C_/Users/hra/Documents/github/sangria_firmware/pico-sdk/src/rp2_common/hardware_sync/sync.c.obj
 *fill*         0x100084a7        0x1 
 .rodata.hardware_alarm_claim.str1.4
                0x100084a8       0x22 CMakeFiles/usb_gamepad_bridge_for_msx.dir/C_/Users/hra/Documents/github/sangria_firmware/pico-sdk/src/rp2_common/hardware_timer/timer.c.obj
 *fill*         0x100084ca        0x2 
 .rodata.panic.str1.4
                0x100084cc       0x10 CMakeFiles/usb_gamepad_bridge_for_msx.dir/C_/Users/hra/Documents/github/sangria_firmware/pico-sdk/src/rp2_common/pico_runtime/runtime.c.obj
                                 0x12 (size before relaxing)
 .rodata.hard_assertion_failure.str1.4
                0x100084dc        0xc CMakeFiles/usb_gamepad_bridge_for_msx.dir/C_/Users/hra/Documents/github/sangria_firmware/pico-sdk/src/rp2_common/pico_runtime/runtime.c.obj
 .rodata._ftoa.str1.4
                0x100084e8       0x15 CMakeFiles/usb_gamepad_bridge_for_msx.dir/C_/Users/hra/Documents/github/sangria_firmware/pico-sdk/src/rp2_common/pico_printf/printf.c.obj
 *fill*         0x100084fd        0x3 
 .rodata._vsnprintf
                0x10008500      0x1e0 CMakeFiles/usb_gamepad_bridge_for_msx.dir/C_/Users/hra/Documents/github/sangria_firmware/pico-sdk/src/rp2_common/pico_printf/printf.c.obj
 .rodata.pow10.0
                0x100086e0       0x50 CMakeFiles/usb_gamepad_bridge_for_msx.dir/C_/Users/hra/Documents/github/sangria_firmware/pico-sdk/src/rp2_common/pico_printf/printf.c.obj
 .rodata.str1.4
                0x10008730       0x50 CMakeFiles/usb_gamepad_bridge_for_msx.dir/C_/Users/hra/Documents/github/sangria_firmware/pico-sdk/src/rp2_common/pico_standard_link/binary_info.c.obj
 .rodata.__bi_44
                0x10008780        0xc CMakeFiles/usb_gamepad_bridge_for_msx.dir/C_/Users/hra/Documents/github/sangria_firmware/pico-sdk/src/rp2_common/pico_standard_link/binary_info.c.obj
 .rodata.__bi_75
                0x1000878c        0xc CMakeFiles/usb_gamepad_bridge_for_msx.dir/C_/Users/hra/Documents/github/sangria_firmware/pico-sdk/src/rp2_common/pico_standard_link/binary_info.c.obj
 .rodata.__bi_81
                0x10008798        0xc CMakeFiles/usb_gamepad_bridge_for_msx.dir/C_/Users/hra/Documents/github/sangria_firmware/pico-sdk/src/rp2_common/pico_standard_link/binary_info.c.obj
 .rodata.crlf_str.0
                0x100087a4        0x2 CMakeFiles/usb_gamepad_bridge_for_msx.dir/C_/Users/hra/Documents/github/sangria_firmware/pico-sdk/src/rp2_common/pico_stdio/stdio.c.obj
 *fill*         0x100087a6        0x2 
 .rodata.hcd_rp2040_irq.str1.4
                0x100087a8       0x40 CMakeFiles/usb_gamepad_bridge_for_msx.dir/C_/Users/hra/Documents/github/sangria_firmware/pico-sdk/lib/tinyusb/src/portable/raspberrypi/rp2040/hcd_rp2040.c.obj
 .rodata.hcd_port_speed_get.str1.4
                0x100087e8        0xf CMakeFiles/usb_gamepad_bridge_for_msx.dir/C_/Users/hra/Documents/github/sangria_firmware/pico-sdk/lib/tinyusb/src/portable/raspberrypi/rp2040/hcd_rp2040.c.obj
 *fill*         0x100087f7        0x1 
 .rodata._hw_endpoint_buffer_control_update32.part.0.isra.0.str1.4
                0x100087f8       0x1f CMakeFiles/usb_gamepad_bridge_for_msx.dir/C_/Users/hra/Documents/github/sangria_firmware/pico-sdk/lib/tinyusb/src/portable/raspberrypi/rp2040/rp2040_usb.c.obj
 *fill*         0x10008817        0x1 
 .rodata.hw_endpoint_xfer_continue.str1.4
                0x10008818       0x29 CMakeFiles/usb_gamepad_bridge_for_msx.dir/C_/Users/hra/Documents/github/sangria_firmware/pico-sdk/lib/tinyusb/src/portable/raspberrypi/rp2040/rp2040_usb.c.obj
 *fill*         0x10008841        0x3 
 .rodata.str1.4
                0x10008844        0x7 CMakeFiles/usb_gamepad_bridge_for_msx.dir/C_/Users/hra/Documents/github/sangria_firmware/pico-sdk/lib/tinyusb/src/portable/raspberrypi/rp2040/rp2040_usb.c.obj
 *fill*         0x1000884b        0x1 
 .rodata.process_enumeration
                0x1000884c       0x34 CMakeFiles/usb_gamepad_bridge_for_msx.dir/C_/Users/hra/Documents/github/sangria_firmware/pico-sdk/lib/tinyusb/src/host/usbh.c.obj
 .rodata.usbh_class_drivers
                0x10008880       0x28 CMakeFiles/usb_gamepad_bridge_for_msx.dir/C_/Users/hra/Documents/github/sangria_firmware/pico-sdk/lib/tinyusb/src/host/usbh.c.obj
 .rodata        0x100088a8        0x8 CMakeFiles/usb_gamepad_bridge_for_msx.dir/C_/Users/hra/Documents/github/sangria_firmware/pico-sdk/lib/tinyusb/src/host/hub.c.obj
 .rodata.str1.4
                0x100088b0        0x4 CMakeFiles/usb_gamepad_bridge_for_msx.dir/C_/Users/hra/Documents/github/sangria_firmware/pico-sdk/lib/tinyusb/hw/bsp/rp2040/family.c.obj
 .rodata.__bi_142.0
                0x100088b4        0xc CMakeFiles/usb_gamepad_bridge_for_msx.dir/C_/Users/hra/Documents/github/sangria_firmware/pico-sdk/lib/tinyusb/hw/bsp/rp2040/family.c.obj
 .rodata.__bi_152.1
                0x100088c0        0x8 CMakeFiles/usb_gamepad_bridge_for_msx.dir/C_/Users/hra/Documents/github/sangria_firmware/pico-sdk/lib/tinyusb/hw/bsp/rp2040/family.c.obj
                0x100088c8                . = ALIGN (0x4)
 *(SORT_BY_ALIGNMENT(SORT_BY_NAME(.flashdata*)))
                0x100088c8                . = ALIGN (0x4)

.rel.dyn        0x100088c8        0x0
 .rel.iplt      0x100088c8        0x0 c:/progra~2/gnu arm embedded toolchain/10 2020-q4-major/bin/../lib/gcc/arm-none-eabi/10.2.1/thumb/v6-m/nofp/crtbegin.o

.ARM.extab
 *(.ARM.extab* .gnu.linkonce.armextab.*)
                0x100088c8                __exidx_start = .

.ARM.exidx
 *(.ARM.exidx* .gnu.linkonce.armexidx.*)
                0x100088c8                __exidx_end = .
                0x100088c8                . = ALIGN (0x4)
                0x100088c8                __binary_info_start = .

.binary_info    0x100088c8       0x24
 *(.binary_info.keep.*)
 .binary_info.keep.__bi_ptr22
                0x100088c8        0x4 CMakeFiles/usb_gamepad_bridge_for_msx.dir/C_/Users/hra/Documents/github/sangria_firmware/pico-sdk/src/rp2_common/pico_standard_link/binary_info.c.obj
 .binary_info.keep.__bi_ptr30
                0x100088cc        0x4 CMakeFiles/usb_gamepad_bridge_for_msx.dir/C_/Users/hra/Documents/github/sangria_firmware/pico-sdk/src/rp2_common/pico_standard_link/binary_info.c.obj
 .binary_info.keep.__bi_ptr38
                0x100088d0        0x4 CMakeFiles/usb_gamepad_bridge_for_msx.dir/C_/Users/hra/Documents/github/sangria_firmware/pico-sdk/src/rp2_common/pico_standard_link/binary_info.c.obj
 .binary_info.keep.__bi_ptr44
                0x100088d4        0x4 CMakeFiles/usb_gamepad_bridge_for_msx.dir/C_/Users/hra/Documents/github/sangria_firmware/pico-sdk/src/rp2_common/pico_standard_link/binary_info.c.obj
 .binary_info.keep.__bi_ptr50
                0x100088d8        0x4 CMakeFiles/usb_gamepad_bridge_for_msx.dir/C_/Users/hra/Documents/github/sangria_firmware/pico-sdk/src/rp2_common/pico_standard_link/binary_info.c.obj
 .binary_info.keep.__bi_ptr75
                0x100088dc        0x4 CMakeFiles/usb_gamepad_bridge_for_msx.dir/C_/Users/hra/Documents/github/sangria_firmware/pico-sdk/src/rp2_common/pico_standard_link/binary_info.c.obj
 .binary_info.keep.__bi_ptr81
                0x100088e0        0x4 CMakeFiles/usb_gamepad_bridge_for_msx.dir/C_/Users/hra/Documents/github/sangria_firmware/pico-sdk/src/rp2_common/pico_standard_link/binary_info.c.obj
 .binary_info.keep.__bi_ptr142
                0x100088e4        0x4 CMakeFiles/usb_gamepad_bridge_for_msx.dir/C_/Users/hra/Documents/github/sangria_firmware/pico-sdk/lib/tinyusb/hw/bsp/rp2040/family.c.obj
 .binary_info.keep.__bi_ptr152
                0x100088e8        0x4 CMakeFiles/usb_gamepad_bridge_for_msx.dir/C_/Users/hra/Documents/github/sangria_firmware/pico-sdk/lib/tinyusb/hw/bsp/rp2040/family.c.obj
 *(.binary_info.*)
                0x100088ec                __binary_info_end = .
                0x100088ec                . = ALIGN (0x4)
                0x100088ec                __etext = .

.ram_vector_table
                0x20000000       0xc0
 *(.ram_vector_table)
 .ram_vector_table
                0x20000000       0xc0 CMakeFiles/usb_gamepad_bridge_for_msx.dir/C_/Users/hra/Documents/github/sangria_firmware/pico-sdk/src/rp2_common/pico_runtime/runtime.c.obj
                0x20000000                ram_vector_table

.data           0x200000c0      0x2d8 load address 0x100088ec
                0x200000c0                __data_start__ = .
 *(vtable)
 *(.time_critical*)
 .time_critical.mutex_enter_blocking
                0x200000c0       0x48 CMakeFiles/usb_gamepad_bridge_for_msx.dir/C_/Users/hra/Documents/github/sangria_firmware/pico-sdk/src/common/pico_sync/mutex.c.obj
                0x200000c0                mutex_enter_blocking
 .time_critical.mutex_try_enter
                0x20000108       0x44 CMakeFiles/usb_gamepad_bridge_for_msx.dir/C_/Users/hra/Documents/github/sangria_firmware/pico-sdk/src/common/pico_sync/mutex.c.obj
                0x20000108                mutex_try_enter
 .time_critical.mutex_enter_timeout_ms
                0x2000014c       0xa0 CMakeFiles/usb_gamepad_bridge_for_msx.dir/C_/Users/hra/Documents/github/sangria_firmware/pico-sdk/src/common/pico_sync/mutex.c.obj
                0x2000014c                mutex_enter_timeout_ms
 .time_critical.mutex_exit
                0x200001ec       0x28 CMakeFiles/usb_gamepad_bridge_for_msx.dir/C_/Users/hra/Documents/github/sangria_firmware/pico-sdk/src/common/pico_sync/mutex.c.obj
                0x200001ec                mutex_exit
 .time_critical.tinyusb
                0x20000214       0x38 CMakeFiles/usb_gamepad_bridge_for_msx.dir/C_/Users/hra/Documents/github/sangria_firmware/pico-sdk/lib/tinyusb/src/host/usbh.c.obj
                0x20000214                hcd_event_handler
 *(.text*)
 .text          0x2000024c        0x4 c:/progra~2/gnu arm embedded toolchain/10 2020-q4-major/bin/../lib/gcc/arm-none-eabi/10.2.1/thumb/v6-m/nofp\libgcc.a(_dvmd_tls.o)
                0x2000024c                __aeabi_idiv0
                0x2000024c                __aeabi_ldiv0
 .text.__stub   0x20000250       0x40 linker stubs
                0x20000290                . = ALIGN (0x4)
 *(.rodata*)
                0x20000290                . = ALIGN (0x4)
 *(.data*)
 .data.joymega_matrix
                0x20000290        0x5 CMakeFiles/usb_gamepad_bridge_for_msx.dir/usb_gamepad_bridge_for_msx.c.obj
 *fill*         0x20000295        0x3 
 .data.mouse_current_data
                0x20000298        0x4 CMakeFiles/usb_gamepad_bridge_for_msx.dir/usb_gamepad_bridge_for_msx.c.obj
 .data.striped_spin_lock_num
                0x2000029c        0x1 CMakeFiles/usb_gamepad_bridge_for_msx.dir/C_/Users/hra/Documents/github/sangria_firmware/pico-sdk/src/rp2_common/hardware_sync/sync.c.obj
 *fill*         0x2000029d        0x3 
 .data          0x200002a0       0x48 CMakeFiles/usb_gamepad_bridge_for_msx.dir/C_/Users/hra/Documents/github/sangria_firmware/pico-sdk/src/rp2_common/hardware_irq/irq_handler_chain.S.obj
                0x200002a0                irq_handler_chain_slots
                0x200002d0                irq_handler_chain_first_slot
                0x200002da                irq_handler_chain_remove_tail
 .data.default_alarm_pool
                0x200002e8       0x18 CMakeFiles/usb_gamepad_bridge_for_msx.dir/C_/Users/hra/Documents/github/sangria_firmware/pico-sdk/src/common/pico_time/time.c.obj
 .data.default_alarm_pool_heap
                0x20000300       0x10 CMakeFiles/usb_gamepad_bridge_for_msx.dir/C_/Users/hra/Documents/github/sangria_firmware/pico-sdk/src/common/pico_time/time.c.obj
 .data.aeabi_bits_funcs
                0x20000310       0x10 CMakeFiles/usb_gamepad_bridge_for_msx.dir/C_/Users/hra/Documents/github/sangria_firmware/pico-sdk/src/rp2_common/pico_bit_ops/bit_ops_aeabi.S.obj
                0x20000310                aeabi_bits_funcs
                0x20000320                aeabi_bits_funcs_end
 .data.aeabi_mem_funcs
                0x20000320       0x10 CMakeFiles/usb_gamepad_bridge_for_msx.dir/C_/Users/hra/Documents/github/sangria_firmware/pico-sdk/src/rp2_common/pico_mem_ops/mem_ops_aeabi.S.obj
                0x20000320                aeabi_mem_funcs
                0x20000330                aeabi_mem_funcs_end
 .data.stdio_uart
                0x20000330       0x14 CMakeFiles/usb_gamepad_bridge_for_msx.dir/C_/Users/hra/Documents/github/sangria_firmware/pico-sdk/src/rp2_common/pico_stdio_uart/stdio_uart.c.obj
                0x20000330                stdio_uart
 .data.ep_dir_string
                0x20000344        0x8 CMakeFiles/usb_gamepad_bridge_for_msx.dir/C_/Users/hra/Documents/github/sangria_firmware/pico-sdk/lib/tinyusb/src/portable/raspberrypi/rp2040/rp2040_usb.c.obj
                0x20000344                ep_dir_string
 .data._usbh_controller
                0x2000034c        0x1 CMakeFiles/usb_gamepad_bridge_for_msx.dir/C_/Users/hra/Documents/github/sangria_firmware/pico-sdk/lib/tinyusb/src/host/usbh.c.obj
 *fill*         0x2000034d        0x3 
 .data._usbh_qdef
                0x20000350       0x24 CMakeFiles/usb_gamepad_bridge_for_msx.dir/C_/Users/hra/Documents/github/sangria_firmware/pico-sdk/lib/tinyusb/src/host/usbh.c.obj
                0x20000350                _usbh_qdef
                0x20000374                . = ALIGN (0x4)
 *(.after_data.*)
                0x20000374                . = ALIGN (0x4)
                0x20000374                PROVIDE (__mutex_array_start = .)
 *(SORT_BY_NAME(.mutex_array.*))
 *(.mutex_array)
 .mutex_array   0x20000374        0x8 CMakeFiles/usb_gamepad_bridge_for_msx.dir/C_/Users/hra/Documents/github/sangria_firmware/pico-sdk/src/rp2_common/pico_malloc/pico_malloc.c.obj
 .mutex_array   0x2000037c        0x8 CMakeFiles/usb_gamepad_bridge_for_msx.dir/C_/Users/hra/Documents/github/sangria_firmware/pico-sdk/src/rp2_common/pico_stdio/stdio.c.obj
                0x20000384                PROVIDE (__mutex_array_end = .)
                0x20000384                . = ALIGN (0x4)
                0x20000384                PROVIDE (__preinit_array_start = .)
 *(SORT_BY_NAME(.preinit_array.*))
 .preinit_array.00001
                0x20000384        0x4 CMakeFiles/usb_gamepad_bridge_for_msx.dir/C_/Users/hra/Documents/github/sangria_firmware/pico-sdk/src/rp2_common/pico_mem_ops/mem_ops_aeabi.S.obj
 .preinit_array.00010
                0x20000388        0x4 CMakeFiles/usb_gamepad_bridge_for_msx.dir/C_/Users/hra/Documents/github/sangria_firmware/pico-sdk/src/rp2_common/pico_bit_ops/bit_ops_aeabi.S.obj
 .preinit_array.00020
                0x2000038c        0x4 CMakeFiles/usb_gamepad_bridge_for_msx.dir/C_/Users/hra/Documents/github/sangria_firmware/pico-sdk/src/rp2_common/pico_double/double_aeabi.S.obj
 .preinit_array.00020
                0x20000390        0x4 CMakeFiles/usb_gamepad_bridge_for_msx.dir/C_/Users/hra/Documents/github/sangria_firmware/pico-sdk/src/rp2_common/pico_float/float_aeabi.S.obj
 *(.preinit_array)
                0x20000394                PROVIDE (__preinit_array_end = .)
                0x20000394                . = ALIGN (0x4)
                0x20000394                PROVIDE (__init_array_start = .)
 *(SORT_BY_NAME(.init_array.*))
 *(.init_array)
 .init_array    0x20000394        0x4 c:/progra~2/gnu arm embedded toolchain/10 2020-q4-major/bin/../lib/gcc/arm-none-eabi/10.2.1/thumb/v6-m/nofp/crtbegin.o
                0x20000398                PROVIDE (__init_array_end = .)
                0x20000398                . = ALIGN (0x4)
                [!provide]                PROVIDE (__fini_array_start = .)
 *(SORT_BY_NAME(.fini_array.*))
 *(.fini_array)
                [!provide]                PROVIDE (__fini_array_end = .)
 *(.jcr)
                0x20000398                . = ALIGN (0x4)
                0x20000398                __data_end__ = .

.igot.plt       0x20000398        0x0 load address 0x10008bc4
 .igot.plt      0x20000398        0x0 c:/progra~2/gnu arm embedded toolchain/10 2020-q4-major/bin/../lib/gcc/arm-none-eabi/10.2.1/thumb/v6-m/nofp/crtbegin.o

.uninitialized_data
                0x20000398        0x0 load address 0x10008bc4
                0x20000398                . = ALIGN (0x4)
 *(.uninitialized_data*)

.scratch_x      0x20040000        0x0 load address 0x10008bc4
                0x20040000                __scratch_x_start__ = .
 *(.scratch_x.*)
                0x20040000                . = ALIGN (0x4)
                0x20040000                __scratch_x_end__ = .
                0x10008bc4                __scratch_x_source__ = LOADADDR (.scratch_x)

.scratch_y      0x20041000        0x0 load address 0x10008bc4
                0x20041000                __scratch_y_start__ = .
 *(.scratch_y.*)
                0x20041000                . = ALIGN (0x4)
                0x20041000                __scratch_y_end__ = .
                0x10008bc4                __scratch_y_source__ = LOADADDR (.scratch_y)

.bss            0x20000398      0x9e8
                0x20000398                . = ALIGN (0x4)
                0x20000398                __bss_start__ = .
 *(SORT_BY_ALIGNMENT(SORT_BY_NAME(.bss*)))
 .bss.default_alarm_pool_entries
                0x20000398      0x100 CMakeFiles/usb_gamepad_bridge_for_msx.dir/C_/Users/hra/Documents/github/sangria_firmware/pico-sdk/src/common/pico_time/time.c.obj
 .bss.sd_table  0x20000498      0x100 CMakeFiles/usb_gamepad_bridge_for_msx.dir/C_/Users/hra/Documents/github/sangria_firmware/pico-sdk/src/rp2_common/pico_double/double_init_rom.c.obj
                0x20000498                sd_table
 .bss.sf_table  0x20000598      0x100 CMakeFiles/usb_gamepad_bridge_for_msx.dir/C_/Users/hra/Documents/github/sangria_firmware/pico-sdk/src/rp2_common/pico_float/float_init_rom.c.obj
                0x20000598                sf_table
 .bss.start_time.5
                0x20000698        0x8 CMakeFiles/usb_gamepad_bridge_for_msx.dir/usb_gamepad_bridge_for_msx.c.obj
 .bss.start_time.6
                0x200006a0        0x8 CMakeFiles/usb_gamepad_bridge_for_msx.dir/usb_gamepad_bridge_for_msx.c.obj
 .bss           0x200006a8       0x1c c:/progra~2/gnu arm embedded toolchain/10 2020-q4-major/bin/../lib/gcc/arm-none-eabi/10.2.1/thumb/v6-m/nofp/crtbegin.o
 .bss._ctrl_xfer
                0x200006c4       0x18 CMakeFiles/usb_gamepad_bridge_for_msx.dir/C_/Users/hra/Documents/github/sangria_firmware/pico-sdk/lib/tinyusb/src/host/usbh.c.obj
                0x200006c4                _ctrl_xfer
 .bss._dev0     0x200006dc        0x5 CMakeFiles/usb_gamepad_bridge_for_msx.dir/C_/Users/hra/Documents/github/sangria_firmware/pico-sdk/lib/tinyusb/src/host/usbh.c.obj
 *fill*         0x200006e1        0x3 
 .bss._hidh_dev
                0x200006e4      0x11a CMakeFiles/usb_gamepad_bridge_for_msx.dir/C_/Users/hra/Documents/github/sangria_firmware/pico-sdk/lib/tinyusb/src/class/hid/hid_host.c.obj
 *fill*         0x200007fe        0x2 
 .bss._hub_buffer
                0x20000800        0x9 CMakeFiles/usb_gamepad_bridge_for_msx.dir/C_/Users/hra/Documents/github/sangria_firmware/pico-sdk/lib/tinyusb/src/host/hub.c.obj
 *fill*         0x20000809        0x3 
 .bss._usbh_ctrl_buf
                0x2000080c      0x100 CMakeFiles/usb_gamepad_bridge_for_msx.dir/C_/Users/hra/Documents/github/sangria_firmware/pico-sdk/lib/tinyusb/src/host/usbh.c.obj
 .bss._usbh_devices
                0x2000090c       0x54 CMakeFiles/usb_gamepad_bridge_for_msx.dir/C_/Users/hra/Documents/github/sangria_firmware/pico-sdk/lib/tinyusb/src/host/usbh.c.obj
                0x2000090c                _usbh_devices
 .bss._usbh_mutex
                0x20000960        0x4 CMakeFiles/usb_gamepad_bridge_for_msx.dir/C_/Users/hra/Documents/github/sangria_firmware/pico-sdk/lib/tinyusb/src/host/usbh.c.obj
 .bss._usbh_mutexdef
                0x20000964        0x8 CMakeFiles/usb_gamepad_bridge_for_msx.dir/C_/Users/hra/Documents/github/sangria_firmware/pico-sdk/lib/tinyusb/src/host/usbh.c.obj
 .bss._usbh_q   0x2000096c        0x4 CMakeFiles/usb_gamepad_bridge_for_msx.dir/C_/Users/hra/Documents/github/sangria_firmware/pico-sdk/lib/tinyusb/src/host/usbh.c.obj
 .bss._usbh_qdef_buf
                0x20000970       0xc0 CMakeFiles/usb_gamepad_bridge_for_msx.dir/C_/Users/hra/Documents/github/sangria_firmware/pico-sdk/lib/tinyusb/src/host/usbh.c.obj
                0x20000970                _usbh_qdef_buf
 .bss.alarm_callbacks
                0x20000a30       0x10 CMakeFiles/usb_gamepad_bridge_for_msx.dir/C_/Users/hra/Documents/github/sangria_firmware/pico-sdk/src/rp2_common/hardware_timer/timer.c.obj
 .bss.claimed   0x20000a40        0x4 CMakeFiles/usb_gamepad_bridge_for_msx.dir/C_/Users/hra/Documents/github/sangria_firmware/pico-sdk/src/rp2_common/hardware_sync/sync.c.obj
 .bss.configured_freq
                0x20000a44       0x28 CMakeFiles/usb_gamepad_bridge_for_msx.dir/C_/Users/hra/Documents/github/sangria_firmware/pico-sdk/src/rp2_common/hardware_clocks/clocks.c.obj
 .bss.default_alarm_pool_entry_ids_high
                0x20000a6c       0x10 CMakeFiles/usb_gamepad_bridge_for_msx.dir/C_/Users/hra/Documents/github/sangria_firmware/pico-sdk/src/common/pico_time/time.c.obj
 .bss.default_alarm_pool_heap_nodes
                0x20000a7c       0x30 CMakeFiles/usb_gamepad_bridge_for_msx.dir/C_/Users/hra/Documents/github/sangria_firmware/pico-sdk/src/common/pico_time/time.c.obj
 .bss.drivers   0x20000aac        0x4 CMakeFiles/usb_gamepad_bridge_for_msx.dir/C_/Users/hra/Documents/github/sangria_firmware/pico-sdk/src/rp2_common/pico_stdio/stdio.c.obj
 .bss.ep_pool   0x20000ab0      0x240 CMakeFiles/usb_gamepad_bridge_for_msx.dir/C_/Users/hra/Documents/github/sangria_firmware/pico-sdk/lib/tinyusb/src/portable/raspberrypi/rp2040/hcd_rp2040.c.obj
 .bss.filter    0x20000cf0        0x4 CMakeFiles/usb_gamepad_bridge_for_msx.dir/C_/Users/hra/Documents/github/sangria_firmware/pico-sdk/src/rp2_common/pico_stdio/stdio.c.obj
 .bss.hid_info  0x20000cf4       0x24 CMakeFiles/usb_gamepad_bridge_for_msx.dir/usb_gamepad_bridge_for_msx.c.obj
 .bss.hub_data  0x20000d18        0xc CMakeFiles/usb_gamepad_bridge_for_msx.dir/C_/Users/hra/Documents/github/sangria_firmware/pico-sdk/lib/tinyusb/src/host/hub.c.obj
 .bss.lazy_vsnprintf
                0x20000d24        0x4 CMakeFiles/usb_gamepad_bridge_for_msx.dir/C_/Users/hra/Documents/github/sangria_firmware/pico-sdk/src/rp2_common/pico_printf/printf.c.obj
 .bss.led_state
                0x20000d28        0x4 CMakeFiles/usb_gamepad_bridge_for_msx.dir/usb_gamepad_bridge_for_msx.c.obj
 .bss.mouse_button
                0x20000d2c        0x4 CMakeFiles/usb_gamepad_bridge_for_msx.dir/usb_gamepad_bridge_for_msx.c.obj
 .bss.mouse_resolution
                0x20000d30        0x4 CMakeFiles/usb_gamepad_bridge_for_msx.dir/usb_gamepad_bridge_for_msx.c.obj
 .bss.mouse_sending_data
                0x20000d34        0x4 CMakeFiles/usb_gamepad_bridge_for_msx.dir/usb_gamepad_bridge_for_msx.c.obj
 .bss.pools     0x20000d38       0x10 CMakeFiles/usb_gamepad_bridge_for_msx.dir/C_/Users/hra/Documents/github/sangria_firmware/pico-sdk/src/common/pico_time/time.c.obj
 .bss.process_mode
                0x20000d48        0x4 CMakeFiles/usb_gamepad_bridge_for_msx.dir/usb_gamepad_bridge_for_msx.c.obj
 .bss.sf_clz_func
                0x20000d4c        0x4 CMakeFiles/usb_gamepad_bridge_for_msx.dir/C_/Users/hra/Documents/github/sangria_firmware/pico-sdk/src/rp2_common/pico_double/double_init_rom.c.obj
                0x20000d4c                sf_clz_func
 .bss.sleep_notifier
                0x20000d50        0x4 CMakeFiles/usb_gamepad_bridge_for_msx.dir/C_/Users/hra/Documents/github/sangria_firmware/pico-sdk/src/common/pico_time/time.c.obj
 .bss.start_ms.4
                0x20000d54        0x4 CMakeFiles/usb_gamepad_bridge_for_msx.dir/usb_gamepad_bridge_for_msx.c.obj
 .bss.target_hi
                0x20000d58       0x10 CMakeFiles/usb_gamepad_bridge_for_msx.dir/C_/Users/hra/Documents/github/sangria_firmware/pico-sdk/src/rp2_common/hardware_timer/timer.c.obj
 .bss.uart_char_to_line_feed
                0x20000d68        0x4 CMakeFiles/usb_gamepad_bridge_for_msx.dir/C_/Users/hra/Documents/github/sangria_firmware/pico-sdk/src/rp2_common/hardware_uart/uart.c.obj
                0x20000d68                uart_char_to_line_feed
 .bss.uart_inst
                0x20000d6c        0x4 CMakeFiles/usb_gamepad_bridge_for_msx.dir/C_/Users/hra/Documents/github/sangria_firmware/pico-sdk/lib/tinyusb/hw/bsp/rp2040/family.c.obj
 .bss.uart_instance
                0x20000d70        0x4 CMakeFiles/usb_gamepad_bridge_for_msx.dir/C_/Users/hra/Documents/github/sangria_firmware/pico-sdk/src/rp2_common/pico_stdio_uart/stdio_uart.c.obj
 .bss.mouse_delta_x
                0x20000d74        0x2 CMakeFiles/usb_gamepad_bridge_for_msx.dir/usb_gamepad_bridge_for_msx.c.obj
 .bss.mouse_delta_y
                0x20000d76        0x2 CMakeFiles/usb_gamepad_bridge_for_msx.dir/usb_gamepad_bridge_for_msx.c.obj
 .bss.claimed   0x20000d78        0x1 CMakeFiles/usb_gamepad_bridge_for_msx.dir/C_/Users/hra/Documents/github/sangria_firmware/pico-sdk/src/rp2_common/hardware_timer/timer.c.obj
 .bss.failed_count.0
                0x20000d79        0x1 CMakeFiles/usb_gamepad_bridge_for_msx.dir/C_/Users/hra/Documents/github/sangria_firmware/pico-sdk/lib/tinyusb/src/host/usbh.c.obj
 .bss.irq_hander_chain_free_slot_head
                0x20000d7a        0x1 CMakeFiles/usb_gamepad_bridge_for_msx.dir/C_/Users/hra/Documents/github/sangria_firmware/pico-sdk/src/rp2_common/hardware_irq/irq.c.obj
 .bss.mouse_consume_data
                0x20000d7b        0x1 CMakeFiles/usb_gamepad_bridge_for_msx.dir/usb_gamepad_bridge_for_msx.c.obj
 .bss.timer_callbacks_pending
                0x20000d7c        0x1 CMakeFiles/usb_gamepad_bridge_for_msx.dir/C_/Users/hra/Documents/github/sangria_firmware/pico-sdk/src/rp2_common/hardware_timer/timer.c.obj
 *(COMMON)
                0x20000d80                . = ALIGN (0x4)
 *fill*         0x20000d7d        0x3 
                0x20000d80                __bss_end__ = .

.heap           0x20000d80      0x800
                0x20000d80                __end__ = .
                0x20000d80                end = __end__
 *(.heap*)
 .heap          0x20000d80      0x800 CMakeFiles/usb_gamepad_bridge_for_msx.dir/C_/Users/hra/Documents/github/sangria_firmware/pico-sdk/src/rp2_common/pico_standard_link/crt0.S.obj
                0x20001580                __HeapLimit = .

.stack1_dummy   0x20040000      0x800
 *(.stack1*)
 .stack1        0x20040000      0x800 CMakeFiles/usb_gamepad_bridge_for_msx.dir/C_/Users/hra/Documents/github/sangria_firmware/pico-sdk/src/rp2_common/pico_multicore/multicore.c.obj

.stack_dummy    0x20041000      0x800
 *(.stack*)
 .stack         0x20041000      0x800 CMakeFiles/usb_gamepad_bridge_for_msx.dir/C_/Users/hra/Documents/github/sangria_firmware/pico-sdk/src/rp2_common/pico_standard_link/crt0.S.obj

.flash_end      0x10008bc4        0x0
                0x10008bc4                __flash_binary_end = .
                0x20040000                __StackLimit = (ORIGIN (RAM) + LENGTH (RAM))
                0x20041000                __StackOneTop = (ORIGIN (SCRATCH_X) + LENGTH (SCRATCH_X))
                0x20042000                __StackTop = (ORIGIN (SCRATCH_Y) + LENGTH (SCRATCH_Y))
                0x20040800                __StackOneBottom = (__StackOneTop - SIZEOF (.stack1_dummy))
                0x20041800                __StackBottom = (__StackTop - SIZEOF (.stack_dummy))
                0x20042000                PROVIDE (__stack = __StackTop)
                0x00000001                ASSERT ((__StackLimit >= __HeapLimit), region RAM overflowed)
                0x00000001                ASSERT (((__binary_info_header_end - __logical_binary_start) <= 0x100), Binary info must be in first 256 bytes of the binary)
LOAD CMakeFiles/usb_gamepad_bridge_for_msx.dir/usb_gamepad_bridge_for_msx.c.obj
LOAD CMakeFiles/usb_gamepad_bridge_for_msx.dir/C_/Users/hra/Documents/github/sangria_firmware/pico-sdk/src/rp2_common/pico_stdlib/stdlib.c.obj
LOAD CMakeFiles/usb_gamepad_bridge_for_msx.dir/C_/Users/hra/Documents/github/sangria_firmware/pico-sdk/src/rp2_common/hardware_gpio/gpio.c.obj
LOAD CMakeFiles/usb_gamepad_bridge_for_msx.dir/C_/Users/hra/Documents/github/sangria_firmware/pico-sdk/src/rp2_common/hardware_claim/claim.c.obj
LOAD CMakeFiles/usb_gamepad_bridge_for_msx.dir/C_/Users/hra/Documents/github/sangria_firmware/pico-sdk/src/rp2_common/pico_platform/platform.c.obj
LOAD CMakeFiles/usb_gamepad_bridge_for_msx.dir/C_/Users/hra/Documents/github/sangria_firmware/pico-sdk/src/rp2_common/hardware_sync/sync.c.obj
LOAD CMakeFiles/usb_gamepad_bridge_for_msx.dir/C_/Users/hra/Documents/github/sangria_firmware/pico-sdk/src/rp2_common/hardware_irq/irq.c.obj
LOAD CMakeFiles/usb_gamepad_bridge_for_msx.dir/C_/Users/hra/Documents/github/sangria_firmware/pico-sdk/src/rp2_common/hardware_irq/irq_handler_chain.S.obj
LOAD CMakeFiles/usb_gamepad_bridge_for_msx.dir/C_/Users/hra/Documents/github/sangria_firmware/pico-sdk/src/common/pico_sync/sem.c.obj
LOAD CMakeFiles/usb_gamepad_bridge_for_msx.dir/C_/Users/hra/Documents/github/sangria_firmware/pico-sdk/src/common/pico_sync/lock_core.c.obj
LOAD CMakeFiles/usb_gamepad_bridge_for_msx.dir/C_/Users/hra/Documents/github/sangria_firmware/pico-sdk/src/common/pico_time/time.c.obj
LOAD CMakeFiles/usb_gamepad_bridge_for_msx.dir/C_/Users/hra/Documents/github/sangria_firmware/pico-sdk/src/common/pico_time/timeout_helper.c.obj
LOAD CMakeFiles/usb_gamepad_bridge_for_msx.dir/C_/Users/hra/Documents/github/sangria_firmware/pico-sdk/src/rp2_common/hardware_timer/timer.c.obj
LOAD CMakeFiles/usb_gamepad_bridge_for_msx.dir/C_/Users/hra/Documents/github/sangria_firmware/pico-sdk/src/common/pico_util/datetime.c.obj
LOAD CMakeFiles/usb_gamepad_bridge_for_msx.dir/C_/Users/hra/Documents/github/sangria_firmware/pico-sdk/src/common/pico_util/pheap.c.obj
LOAD CMakeFiles/usb_gamepad_bridge_for_msx.dir/C_/Users/hra/Documents/github/sangria_firmware/pico-sdk/src/common/pico_util/queue.c.obj
LOAD CMakeFiles/usb_gamepad_bridge_for_msx.dir/C_/Users/hra/Documents/github/sangria_firmware/pico-sdk/src/common/pico_sync/mutex.c.obj
LOAD CMakeFiles/usb_gamepad_bridge_for_msx.dir/C_/Users/hra/Documents/github/sangria_firmware/pico-sdk/src/common/pico_sync/critical_section.c.obj
LOAD CMakeFiles/usb_gamepad_bridge_for_msx.dir/C_/Users/hra/Documents/github/sangria_firmware/pico-sdk/src/rp2_common/hardware_uart/uart.c.obj
LOAD CMakeFiles/usb_gamepad_bridge_for_msx.dir/C_/Users/hra/Documents/github/sangria_firmware/pico-sdk/src/rp2_common/hardware_divider/divider.S.obj
LOAD CMakeFiles/usb_gamepad_bridge_for_msx.dir/C_/Users/hra/Documents/github/sangria_firmware/pico-sdk/src/rp2_common/pico_runtime/runtime.c.obj
LOAD CMakeFiles/usb_gamepad_bridge_for_msx.dir/C_/Users/hra/Documents/github/sangria_firmware/pico-sdk/src/rp2_common/hardware_clocks/clocks.c.obj
LOAD CMakeFiles/usb_gamepad_bridge_for_msx.dir/C_/Users/hra/Documents/github/sangria_firmware/pico-sdk/src/rp2_common/hardware_pll/pll.c.obj
LOAD CMakeFiles/usb_gamepad_bridge_for_msx.dir/C_/Users/hra/Documents/github/sangria_firmware/pico-sdk/src/rp2_common/hardware_vreg/vreg.c.obj
LOAD CMakeFiles/usb_gamepad_bridge_for_msx.dir/C_/Users/hra/Documents/github/sangria_firmware/pico-sdk/src/rp2_common/hardware_watchdog/watchdog.c.obj
LOAD CMakeFiles/usb_gamepad_bridge_for_msx.dir/C_/Users/hra/Documents/github/sangria_firmware/pico-sdk/src/rp2_common/hardware_xosc/xosc.c.obj
LOAD CMakeFiles/usb_gamepad_bridge_for_msx.dir/C_/Users/hra/Documents/github/sangria_firmware/pico-sdk/src/rp2_common/pico_printf/printf.c.obj
LOAD CMakeFiles/usb_gamepad_bridge_for_msx.dir/C_/Users/hra/Documents/github/sangria_firmware/pico-sdk/src/rp2_common/pico_bit_ops/bit_ops_aeabi.S.obj
LOAD CMakeFiles/usb_gamepad_bridge_for_msx.dir/C_/Users/hra/Documents/github/sangria_firmware/pico-sdk/src/rp2_common/pico_bootrom/bootrom.c.obj
LOAD CMakeFiles/usb_gamepad_bridge_for_msx.dir/C_/Users/hra/Documents/github/sangria_firmware/pico-sdk/src/rp2_common/pico_divider/divider.S.obj
LOAD CMakeFiles/usb_gamepad_bridge_for_msx.dir/C_/Users/hra/Documents/github/sangria_firmware/pico-sdk/src/rp2_common/pico_double/double_aeabi.S.obj
LOAD CMakeFiles/usb_gamepad_bridge_for_msx.dir/C_/Users/hra/Documents/github/sangria_firmware/pico-sdk/src/rp2_common/pico_double/double_init_rom.c.obj
LOAD CMakeFiles/usb_gamepad_bridge_for_msx.dir/C_/Users/hra/Documents/github/sangria_firmware/pico-sdk/src/rp2_common/pico_double/double_math.c.obj
LOAD CMakeFiles/usb_gamepad_bridge_for_msx.dir/C_/Users/hra/Documents/github/sangria_firmware/pico-sdk/src/rp2_common/pico_double/double_v1_rom_shim.S.obj
LOAD CMakeFiles/usb_gamepad_bridge_for_msx.dir/C_/Users/hra/Documents/github/sangria_firmware/pico-sdk/src/rp2_common/pico_int64_ops/pico_int64_ops_aeabi.S.obj
LOAD CMakeFiles/usb_gamepad_bridge_for_msx.dir/C_/Users/hra/Documents/github/sangria_firmware/pico-sdk/src/rp2_common/pico_float/float_aeabi.S.obj
LOAD CMakeFiles/usb_gamepad_bridge_for_msx.dir/C_/Users/hra/Documents/github/sangria_firmware/pico-sdk/src/rp2_common/pico_float/float_init_rom.c.obj
LOAD CMakeFiles/usb_gamepad_bridge_for_msx.dir/C_/Users/hra/Documents/github/sangria_firmware/pico-sdk/src/rp2_common/pico_float/float_math.c.obj
LOAD CMakeFiles/usb_gamepad_bridge_for_msx.dir/C_/Users/hra/Documents/github/sangria_firmware/pico-sdk/src/rp2_common/pico_float/float_v1_rom_shim.S.obj
LOAD CMakeFiles/usb_gamepad_bridge_for_msx.dir/C_/Users/hra/Documents/github/sangria_firmware/pico-sdk/src/rp2_common/pico_malloc/pico_malloc.c.obj
LOAD CMakeFiles/usb_gamepad_bridge_for_msx.dir/C_/Users/hra/Documents/github/sangria_firmware/pico-sdk/src/rp2_common/pico_mem_ops/mem_ops_aeabi.S.obj
LOAD CMakeFiles/usb_gamepad_bridge_for_msx.dir/C_/Users/hra/Documents/github/sangria_firmware/pico-sdk/src/rp2_common/pico_standard_link/crt0.S.obj
LOAD CMakeFiles/usb_gamepad_bridge_for_msx.dir/C_/Users/hra/Documents/github/sangria_firmware/pico-sdk/src/rp2_common/pico_standard_link/new_delete.cpp.obj
LOAD CMakeFiles/usb_gamepad_bridge_for_msx.dir/C_/Users/hra/Documents/github/sangria_firmware/pico-sdk/src/rp2_common/pico_standard_link/binary_info.c.obj
LOAD CMakeFiles/usb_gamepad_bridge_for_msx.dir/C_/Users/hra/Documents/github/sangria_firmware/pico-sdk/src/rp2_common/pico_stdio/stdio.c.obj
LOAD CMakeFiles/usb_gamepad_bridge_for_msx.dir/C_/Users/hra/Documents/github/sangria_firmware/pico-sdk/src/rp2_common/pico_stdio_uart/stdio_uart.c.obj
LOAD CMakeFiles/usb_gamepad_bridge_for_msx.dir/C_/Users/hra/Documents/github/sangria_firmware/pico-sdk/src/rp2_common/pico_multicore/multicore.c.obj
LOAD CMakeFiles/usb_gamepad_bridge_for_msx.dir/C_/Users/hra/Documents/github/sangria_firmware/pico-sdk/lib/tinyusb/src/portable/raspberrypi/rp2040/hcd_rp2040.c.obj
LOAD CMakeFiles/usb_gamepad_bridge_for_msx.dir/C_/Users/hra/Documents/github/sangria_firmware/pico-sdk/lib/tinyusb/src/portable/raspberrypi/rp2040/rp2040_usb.c.obj
LOAD CMakeFiles/usb_gamepad_bridge_for_msx.dir/C_/Users/hra/Documents/github/sangria_firmware/pico-sdk/lib/tinyusb/src/host/usbh.c.obj
LOAD CMakeFiles/usb_gamepad_bridge_for_msx.dir/C_/Users/hra/Documents/github/sangria_firmware/pico-sdk/lib/tinyusb/src/host/hub.c.obj
LOAD CMakeFiles/usb_gamepad_bridge_for_msx.dir/C_/Users/hra/Documents/github/sangria_firmware/pico-sdk/lib/tinyusb/src/class/cdc/cdc_host.c.obj
LOAD CMakeFiles/usb_gamepad_bridge_for_msx.dir/C_/Users/hra/Documents/github/sangria_firmware/pico-sdk/lib/tinyusb/src/class/hid/hid_host.c.obj
LOAD CMakeFiles/usb_gamepad_bridge_for_msx.dir/C_/Users/hra/Documents/github/sangria_firmware/pico-sdk/lib/tinyusb/src/class/msc/msc_host.c.obj
LOAD CMakeFiles/usb_gamepad_bridge_for_msx.dir/C_/Users/hra/Documents/github/sangria_firmware/pico-sdk/lib/tinyusb/src/class/vendor/vendor_host.c.obj
LOAD CMakeFiles/usb_gamepad_bridge_for_msx.dir/C_/Users/hra/Documents/github/sangria_firmware/pico-sdk/lib/tinyusb/src/tusb.c.obj
LOAD CMakeFiles/usb_gamepad_bridge_for_msx.dir/C_/Users/hra/Documents/github/sangria_firmware/pico-sdk/lib/tinyusb/src/common/tusb_fifo.c.obj
LOAD CMakeFiles/usb_gamepad_bridge_for_msx.dir/C_/Users/hra/Documents/github/sangria_firmware/pico-sdk/lib/tinyusb/hw/bsp/rp2040/family.c.obj
LOAD C:\Users\hra\AppData\Local\Temp\ccIp7hZx.o
LOAD c:/progra~2/gnu arm embedded toolchain/10 2020-q4-major/bin/../lib/gcc/arm-none-eabi/10.2.1/../../../../arm-none-eabi/lib/thumb/v6-m/nofp\libstdc++.a
LOAD c:/progra~2/gnu arm embedded toolchain/10 2020-q4-major/bin/../lib/gcc/arm-none-eabi/10.2.1/../../../../arm-none-eabi/lib/thumb/v6-m/nofp\libm.a
START GROUP
LOAD c:/progra~2/gnu arm embedded toolchain/10 2020-q4-major/bin/../lib/gcc/arm-none-eabi/10.2.1/thumb/v6-m/nofp\libgcc.a
LOAD c:/progra~2/gnu arm embedded toolchain/10 2020-q4-major/bin/../lib/gcc/arm-none-eabi/10.2.1/../../../../arm-none-eabi/lib/thumb/v6-m/nofp\libc.a
END GROUP
START GROUP
LOAD c:/progra~2/gnu arm embedded toolchain/10 2020-q4-major/bin/../lib/gcc/arm-none-eabi/10.2.1/thumb/v6-m/nofp\libgcc.a
LOAD c:/progra~2/gnu arm embedded toolchain/10 2020-q4-major/bin/../lib/gcc/arm-none-eabi/10.2.1/../../../../arm-none-eabi/lib/thumb/v6-m/nofp\libc.a
LOAD c:/progra~2/gnu arm embedded toolchain/10 2020-q4-major/bin/../lib/gcc/arm-none-eabi/10.2.1/../../../../arm-none-eabi/lib/thumb/v6-m/nofp\libnosys.a
END GROUP
LOAD c:/progra~2/gnu arm embedded toolchain/10 2020-q4-major/bin/../lib/gcc/arm-none-eabi/10.2.1/thumb/v6-m/nofp/crtend.o
LOAD c:/progra~2/gnu arm embedded toolchain/10 2020-q4-major/bin/../lib/gcc/arm-none-eabi/10.2.1/thumb/v6-m/nofp/crtn.o
OUTPUT(usb_gamepad_bridge_for_msx.elf elf32-littlearm)
LOAD linker stubs

.ARM.attributes
                0x00000000       0x28
 .ARM.attributes
                0x00000000       0x1e c:/progra~2/gnu arm embedded toolchain/10 2020-q4-major/bin/../lib/gcc/arm-none-eabi/10.2.1/thumb/v6-m/nofp/crti.o
 .ARM.attributes
                0x0000001e       0x2c c:/progra~2/gnu arm embedded toolchain/10 2020-q4-major/bin/../lib/gcc/arm-none-eabi/10.2.1/thumb/v6-m/nofp/crtbegin.o
 .ARM.attributes
                0x0000004a       0x2c CMakeFiles/usb_gamepad_bridge_for_msx.dir/usb_gamepad_bridge_for_msx.c.obj
 .ARM.attributes
                0x00000076       0x2c CMakeFiles/usb_gamepad_bridge_for_msx.dir/C_/Users/hra/Documents/github/sangria_firmware/pico-sdk/src/rp2_common/hardware_gpio/gpio.c.obj
 .ARM.attributes
                0x000000a2       0x2c CMakeFiles/usb_gamepad_bridge_for_msx.dir/C_/Users/hra/Documents/github/sangria_firmware/pico-sdk/src/rp2_common/hardware_claim/claim.c.obj
 .ARM.attributes
                0x000000ce       0x2c CMakeFiles/usb_gamepad_bridge_for_msx.dir/C_/Users/hra/Documents/github/sangria_firmware/pico-sdk/src/rp2_common/pico_platform/platform.c.obj
 .ARM.attributes
                0x000000fa       0x2c CMakeFiles/usb_gamepad_bridge_for_msx.dir/C_/Users/hra/Documents/github/sangria_firmware/pico-sdk/src/rp2_common/hardware_sync/sync.c.obj