Archive member included to satisfy reference by file (symbol)

c:/progra~2/gnu arm embedded toolchain/10 2020-q4-major/bin/../lib/gcc/arm-none-eabi/10.2.1/thumb/v6-m/nofp\libgcc.a(_dvmd_tls.o)
                              CMakeFiles/sx2_indicator.dir/C_/Users/hra/Documents/github/sangria_firmware/pico-sdk/src/rp2_common/pico_divider/divider.S.obj (__aeabi_idiv0)
c:/progra~2/gnu arm embedded toolchain/10 2020-q4-major/bin/../lib/gcc/arm-none-eabi/10.2.1/../../../../arm-none-eabi/lib/thumb/v6-m/nofp\libc.a(lib_a-calloc.o)
                              CMakeFiles/sx2_indicator.dir/C_/Users/hra/Documents/github/sangria_firmware/pico-sdk/src/rp2_common/pico_malloc/pico_malloc.c.obj (calloc)
c:/progra~2/gnu arm embedded toolchain/10 2020-q4-major/bin/../lib/gcc/arm-none-eabi/10.2.1/../../../../arm-none-eabi/lib/thumb/v6-m/nofp\libc.a(lib_a-callocr.o)
                              c:/progra~2/gnu arm embedded toolchain/10 2020-q4-major/bin/../lib/gcc/arm-none-eabi/10.2.1/../../../../arm-none-eabi/lib/thumb/v6-m/nofp\libc.a(lib_a-calloc.o) (_calloc_r)
c:/progra~2/gnu arm embedded toolchain/10 2020-q4-major/bin/../lib/gcc/arm-none-eabi/10.2.1/../../../../arm-none-eabi/lib/thumb/v6-m/nofp\libc.a(lib_a-impure.o)
                              c:/progra~2/gnu arm embedded toolchain/10 2020-q4-major/bin/../lib/gcc/arm-none-eabi/10.2.1/../../../../arm-none-eabi/lib/thumb/v6-m/nofp\libc.a(lib_a-calloc.o) (_impure_ptr)
c:/progra~2/gnu arm embedded toolchain/10 2020-q4-major/bin/../lib/gcc/arm-none-eabi/10.2.1/../../../../arm-none-eabi/lib/thumb/v6-m/nofp\libc.a(lib_a-init.o)
                              c:/progra~2/gnu arm embedded toolchain/10 2020-q4-major/bin/../lib/gcc/arm-none-eabi/10.2.1/../../../../arm-none-eabi/lib/thumb/v6-m/nofp/crt0.o (__libc_init_array)
c:/progra~2/gnu arm embedded toolchain/10 2020-q4-major/bin/../lib/gcc/arm-none-eabi/10.2.1/../../../../arm-none-eabi/lib/thumb/v6-m/nofp\libc.a(lib_a-malloc.o)
                              CMakeFiles/sx2_indicator.dir/C_/Users/hra/Documents/github/sangria_firmware/pico-sdk/src/rp2_common/pico_malloc/pico_malloc.c.obj (malloc)
c:/progra~2/gnu arm embedded toolchain/10 2020-q4-major/bin/../lib/gcc/arm-none-eabi/10.2.1/../../../../arm-none-eabi/lib/thumb/v6-m/nofp\libc.a(lib_a-mallocr.o)
                              c:/progra~2/gnu arm embedded toolchain/10 2020-q4-major/bin/../lib/gcc/arm-none-eabi/10.2.1/../../../../arm-none-eabi/lib/thumb/v6-m/nofp\libc.a(lib_a-callocr.o) (_malloc_r)
c:/progra~2/gnu arm embedded toolchain/10 2020-q4-major/bin/../lib/gcc/arm-none-eabi/10.2.1/../../../../arm-none-eabi/lib/thumb/v6-m/nofp\libc.a(lib_a-mlock.o)
                              c:/progra~2/gnu arm embedded toolchain/10 2020-q4-major/bin/../lib/gcc/arm-none-eabi/10.2.1/../../../../arm-none-eabi/lib/thumb/v6-m/nofp\libc.a(lib_a-mallocr.o) (__malloc_lock)
c:/progra~2/gnu arm embedded toolchain/10 2020-q4-major/bin/../lib/gcc/arm-none-eabi/10.2.1/../../../../arm-none-eabi/lib/thumb/v6-m/nofp\libc.a(lib_a-realloc.o)
                              CMakeFiles/sx2_indicator.dir/C_/Users/hra/Documents/github/sangria_firmware/pico-sdk/src/rp2_common/pico_malloc/pico_malloc.c.obj (realloc)
c:/progra~2/gnu arm embedded toolchain/10 2020-q4-major/bin/../lib/gcc/arm-none-eabi/10.2.1/../../../../arm-none-eabi/lib/thumb/v6-m/nofp\libc.a(lib_a-reallocr.o)
                              c:/progra~2/gnu arm embedded toolchain/10 2020-q4-major/bin/../lib/gcc/arm-none-eabi/10.2.1/../../../../arm-none-eabi/lib/thumb/v6-m/nofp\libc.a(lib_a-realloc.o) (_realloc_r)
c:/progra~2/gnu arm embedded toolchain/10 2020-q4-major/bin/../lib/gcc/arm-none-eabi/10.2.1/../../../../arm-none-eabi/lib/thumb/v6-m/nofp\libc.a(lib_a-sbrkr.o)
                              c:/progra~2/gnu arm embedded toolchain/10 2020-q4-major/bin/../lib/gcc/arm-none-eabi/10.2.1/../../../../arm-none-eabi/lib/thumb/v6-m/nofp\libc.a(lib_a-mallocr.o) (_sbrk_r)
c:/progra~2/gnu arm embedded toolchain/10 2020-q4-major/bin/../lib/gcc/arm-none-eabi/10.2.1/../../../../arm-none-eabi/lib/thumb/v6-m/nofp\libc.a(lib_a-strlen-stub.o)
                              CMakeFiles/sx2_indicator.dir/C_/Users/hra/Documents/github/sangria_firmware/pico-sdk/src/rp2_common/pico_stdio/stdio.c.obj (strlen)
c:/progra~2/gnu arm embedded toolchain/10 2020-q4-major/bin/../lib/gcc/arm-none-eabi/10.2.1/../../../../arm-none-eabi/lib/thumb/v6-m/nofp\libc.a(lib_a-freer.o)
                              c:/progra~2/gnu arm embedded toolchain/10 2020-q4-major/bin/../lib/gcc/arm-none-eabi/10.2.1/../../../../arm-none-eabi/lib/thumb/v6-m/nofp\libc.a(lib_a-malloc.o) (_free_r)
c:/progra~2/gnu arm embedded toolchain/10 2020-q4-major/bin/../lib/gcc/arm-none-eabi/10.2.1/../../../../arm-none-eabi/lib/thumb/v6-m/nofp\libc.a(lib_a-lock.o)
                              c:/progra~2/gnu arm embedded toolchain/10 2020-q4-major/bin/../lib/gcc/arm-none-eabi/10.2.1/../../../../arm-none-eabi/lib/thumb/v6-m/nofp\libc.a(lib_a-mlock.o) (__retarget_lock_acquire_recursive)
[...]
Memory Configuration

Name             Origin             Length             Attributes
FLASH            0x10000000         0x00200000         xr
RAM              0x20000000         0x00040000         xrw
SCRATCH_X        0x20040000         0x00001000         xrw
SCRATCH_Y        0x20041000         0x00001000         xrw
*default*        0x00000000         0xffffffff

Linker script and memory map

LOAD c:/progra~2/gnu arm embedded toolchain/10 2020-q4-major/bin/../lib/gcc/arm-none-eabi/10.2.1/thumb/v6-m/nofp/crti.o
LOAD c:/progra~2/gnu arm embedded toolchain/10 2020-q4-major/bin/../lib/gcc/arm-none-eabi/10.2.1/thumb/v6-m/nofp/crtbegin.o
LOAD c:/progra~2/gnu arm embedded toolchain/10 2020-q4-major/bin/../lib/gcc/arm-none-eabi/10.2.1/../../../../arm-none-eabi/lib/thumb/v6-m/nofp/crt0.o

.flash_begin    0x10000000        0x0
                0x10000000                __flash_binary_start = .

.boot2          0x10000000      0x100
                0x10000000                __boot2_start__ = .
 *(.boot2)
 .boot2         0x10000000      0x100 C:\Users\hra\AppData\Local\Temp\ccisF8ve.o
                0x10000100                __boot2_end__ = .
                0x00000001                ASSERT (((__boot2_end__ - __boot2_start__) == 0x100), ERROR: Pico second stage bootloader must be 256 bytes in size)

.text           0x10000100     0x5bb0
                0x10000100                __logical_binary_start = .
 *(.vectors)
 .vectors       0x10000100       0xd4 CMakeFiles/sx2_indicator.dir/C_/Users/hra/Documents/github/sangria_firmware/pico-sdk/src/rp2_common/pico_standard_link/crt0.S.obj
                0x10000100                __VECTOR_TABLE
                0x10000100                __vectors
                0x100001c0                isr_invalid
                0x100001c0                __default_isrs_start
                0x100001c2                isr_nmi
                0x100001c4                isr_hardfault
                0x100001c6                isr_svcall
                0x100001c8                isr_pendsv
                0x100001ca                isr_systick
                0x100001cc                isr_irq23
                0x100001cc                isr_irq18
                0x100001cc                isr_irq11
                0x100001cc                isr_irq28
                0x100001cc                isr_irq19
                0x100001cc                isr_irq0
                0x100001cc                isr_irq6
                0x100001cc                isr_irq5
                0x100001cc                isr_irq12
                0x100001cc                isr_irq22
                0x100001cc                isr_irq31
                0x100001cc                isr_irq17
                0x100001cc                isr_irq27
                0x100001cc                isr_irq30
                0x100001cc                isr_irq2
                0x100001cc                isr_irq10
                0x100001cc                isr_irq8
                0x100001cc                isr_irq24
                0x100001cc                isr_irq1
                0x100001cc                isr_irq7
                0x100001cc                isr_irq21
                0x100001cc                isr_irq20
                0x100001cc                isr_irq15
                0x100001cc                isr_irq25
                0x100001cc                isr_irq13
                0x100001cc                __unhandled_user_irq
                0x100001cc                isr_irq4
                0x100001cc                isr_irq16
                0x100001cc                isr_irq29
                0x100001cc                isr_irq26
                0x100001cc                __default_isrs_end
                0x100001cc                isr_irq3
                0x100001cc                isr_irq14
                0x100001cc                isr_irq9
                0x100001d2                unhandled_user_irq_num_in_r0
 *(.binary_info_header)
 .binary_info_header
                0x100001d4       0x14 CMakeFiles/sx2_indicator.dir/C_/Users/hra/Documents/github/sangria_firmware/pico-sdk/src/rp2_common/pico_standard_link/crt0.S.obj
                0x100001e8                __binary_info_header_end = .
 *(.reset)
 .reset         0x100001e8       0xa8 CMakeFiles/sx2_indicator.dir/C_/Users/hra/Documents/github/sangria_firmware/pico-sdk/src/rp2_common/pico_standard_link/crt0.S.obj
                0x100001e8                _entry_point
                0x10000266                __get_current_exception
 .reset         0x10000290       0x30 CMakeFiles/sx2_indicator.dir/C_/Users/hra/Documents/github/sangria_firmware/pico-sdk/src/rp2_common/pico_standard_link/binary_info.c.obj
 *(.init)
 .init          0x100002c0        0x4 c:/progra~2/gnu arm embedded toolchain/10 2020-q4-major/bin/../lib/gcc/arm-none-eabi/10.2.1/thumb/v6-m/nofp/crti.o
                0x100002c0                _init
 *(EXCLUDE_FILE(*libm.a: *libc.a:*lib_a-mem*.o *libgcc.a:) .text*)
 .text          0x100002c4       0x48 c:/progra~2/gnu arm embedded toolchain/10 2020-q4-major/bin/../lib/gcc/arm-none-eabi/10.2.1/thumb/v6-m/nofp/crtbegin.o
 .text._ZL13response_corev
                0x1000030c      0x1c4 CMakeFiles/sx2_indicator.dir/main.cpp.obj
 .text.startup.main
                0x100004d0       0x2c CMakeFiles/sx2_indicator.dir/main.cpp.obj
                0x100004d0                main
 .text._Z8tft_initv
                0x100004fc      0xc38 CMakeFiles/sx2_indicator.dir/tft_driver.cpp.obj
                0x100004fc                tft_init()
 .text._Z20tft_send_framebufferPKt
                0x10001134      0x2f0 CMakeFiles/sx2_indicator.dir/tft_driver.cpp.obj
                0x10001134                tft_send_framebuffer(unsigned short const*)
 .text._Z8tft_copyPtiiiiPKtiiiiii
                0x10001424      0x140 CMakeFiles/sx2_indicator.dir/tft_driver.cpp.obj
                0x10001424                tft_copy(unsigned short*, int, int, int, int, unsigned short const*, int, int, int, int, int, int)
 .text.is_mouse_active
                0x10001564        0xc CMakeFiles/sx2_indicator.dir/usb_host_driver.c.obj
                0x10001564                is_mouse_active
 .text.get_mouse_position
                0x10001570       0x44 CMakeFiles/sx2_indicator.dir/usb_host_driver.c.obj
                0x10001570                get_mouse_position
 .text.tuh_hid_mount_cb
                0x100015b4       0x68 CMakeFiles/sx2_indicator.dir/usb_host_driver.c.obj
                0x100015b4                tuh_hid_mount_cb
 .text.tuh_hid_umount_cb
                0x1000161c       0x18 CMakeFiles/sx2_indicator.dir/usb_host_driver.c.obj
                0x1000161c                tuh_hid_umount_cb
 .text.tuh_hid_report_received_cb
                0x10001634       0xcc CMakeFiles/sx2_indicator.dir/usb_host_driver.c.obj
                0x10001634                tuh_hid_report_received_cb
 .text.gpio_set_function
                0x10001700       0x30 CMakeFiles/sx2_indicator.dir/C_/Users/hra/Documents/github/sangria_firmware/pico-sdk/src/rp2_common/hardware_gpio/gpio.c.obj
                0x10001700                gpio_set_function
 .text.gpio_init
                0x10001730       0x3c CMakeFiles/sx2_indicator.dir/C_/Users/hra/Documents/github/sangria_firmware/pico-sdk/src/rp2_common/hardware_gpio/gpio.c.obj
                0x10001730                gpio_init
 .text.hw_claim_or_assert
                0x1000176c       0x44 CMakeFiles/sx2_indicator.dir/C_/Users/hra/Documents/github/sangria_firmware/pico-sdk/src/rp2_common/hardware_claim/claim.c.obj
                0x1000176c                hw_claim_or_assert
 .text.hw_claim_unused_from_range
                0x100017b0       0x9c CMakeFiles/sx2_indicator.dir/C_/Users/hra/Documents/github/sangria_firmware/pico-sdk/src/rp2_common/hardware_claim/claim.c.obj
                0x100017b0                hw_claim_unused_from_range
 .text.running_on_fpga
                0x1000184c       0x10 CMakeFiles/sx2_indicator.dir/C_/Users/hra/Documents/github/sangria_firmware/pico-sdk/src/rp2_common/pico_platform/platform.c.obj
                0x1000184c                running_on_fpga
 .text.spin_locks_reset
                0x1000185c       0x1c CMakeFiles/sx2_indicator.dir/C_/Users/hra/Documents/github/sangria_firmware/pico-sdk/src/rp2_common/hardware_sync/sync.c.obj
                0x1000185c                spin_locks_reset
 .text.next_striped_spin_lock_num
                0x10001878       0x18 CMakeFiles/sx2_indicator.dir/C_/Users/hra/Documents/github/sangria_firmware/pico-sdk/src/rp2_common/hardware_sync/sync.c.obj
                0x10001878                next_striped_spin_lock_num
 .text.spin_lock_claim_unused
                0x10001890       0x20 CMakeFiles/sx2_indicator.dir/C_/Users/hra/Documents/github/sangria_firmware/pico-sdk/src/rp2_common/hardware_sync/sync.c.obj
                0x10001890                spin_lock_claim_unused
 .text.irq_set_enabled
                0x100018b0       0x24 CMakeFiles/sx2_indicator.dir/C_/Users/hra/Documents/github/sangria_firmware/pico-sdk/src/rp2_common/hardware_irq/irq.c.obj
                0x100018b0                irq_set_enabled
 .text.irq_is_enabled
                0x100018d4       0x18 CMakeFiles/sx2_indicator.dir/C_/Users/hra/Documents/github/sangria_firmware/pico-sdk/src/rp2_common/hardware_irq/irq.c.obj
                0x100018d4                irq_is_enabled
 .text.irq_get_vtable_handler
                0x100018ec       0x10 CMakeFiles/sx2_indicator.dir/C_/Users/hra/Documents/github/sangria_firmware/pico-sdk/src/rp2_common/hardware_irq/irq.c.obj
                0x100018ec                irq_get_vtable_handler
 .text.irq_set_exclusive_handler
                0x100018fc       0x54 CMakeFiles/sx2_indicator.dir/C_/Users/hra/Documents/github/sangria_firmware/pico-sdk/src/rp2_common/hardware_irq/irq.c.obj
                0x100018fc                irq_set_exclusive_handler
 .text.irq_remove_handler
                0x10001950      0x1b4 CMakeFiles/sx2_indicator.dir/C_/Users/hra/Documents/github/sangria_firmware/pico-sdk/src/rp2_common/hardware_irq/irq.c.obj
                0x10001950                irq_remove_handler
 .text.irq_add_tail_to_free_list
                0x10001b04       0xb4 CMakeFiles/sx2_indicator.dir/C_/Users/hra/Documents/github/sangria_firmware/pico-sdk/src/rp2_common/hardware_irq/irq.c.obj
                0x10001b04                irq_add_tail_to_free_list
 .text.irq_init_priorities
                0x10001bb8       0x24 CMakeFiles/sx2_indicator.dir/C_/Users/hra/Documents/github/sangria_firmware/pico-sdk/src/rp2_common/hardware_irq/irq.c.obj
                0x10001bb8                irq_init_priorities
 .text.lock_init
                0x10001bdc       0x10 CMakeFiles/sx2_indicator.dir/C_/Users/hra/Documents/github/sangria_firmware/pico-sdk/src/common/pico_sync/lock_core.c.obj
                0x10001bdc                lock_init
 .text.timer_pool_entry_comparator
                0x10001bec       0x34 CMakeFiles/sx2_indicator.dir/C_/Users/hra/Documents/github/sangria_firmware/pico-sdk/src/common/pico_time/time.c.obj
                0x10001bec                timer_pool_entry_comparator
 .text.sleep_until_callback
                0x10001c20       0x30 CMakeFiles/sx2_indicator.dir/C_/Users/hra/Documents/github/sangria_firmware/pico-sdk/src/common/pico_time/time.c.obj
 .text.add_alarm_under_lock.isra.0
                0x10001c50      0x100 CMakeFiles/sx2_indicator.dir/C_/Users/hra/Documents/github/sangria_firmware/pico-sdk/src/common/pico_time/time.c.obj
 .text.alarm_pool_alarm_callback
                0x10001d50      0x1c8 CMakeFiles/sx2_indicator.dir/C_/Users/hra/Documents/github/sangria_firmware/pico-sdk/src/common/pico_time/time.c.obj
 .text.alarm_pool_add_alarm_at.constprop.0
                0x10001f18      0x11c CMakeFiles/sx2_indicator.dir/C_/Users/hra/Documents/github/sangria_firmware/pico-sdk/src/common/pico_time/time.c.obj
 .text.alarm_pool_init_default
                0x10002034       0x64 CMakeFiles/sx2_indicator.dir/C_/Users/hra/Documents/github/sangria_firmware/pico-sdk/src/common/pico_time/time.c.obj
                0x10002034                alarm_pool_init_default
 .text.sleep_until
                0x10002098       0xac CMakeFiles/sx2_indicator.dir/C_/Users/hra/Documents/github/sangria_firmware/pico-sdk/src/common/pico_time/time.c.obj
                0x10002098                sleep_until
 .text.sleep_ms
                0x10002144       0x38 CMakeFiles/sx2_indicator.dir/C_/Users/hra/Documents/github/sangria_firmware/pico-sdk/src/common/pico_time/time.c.obj
                0x10002144                sleep_ms
 .text.best_effort_wfe_or_timeout
                0x1000217c       0xd4 CMakeFiles/sx2_indicator.dir/C_/Users/hra/Documents/github/sangria_firmware/pico-sdk/src/common/pico_time/time.c.obj
                0x1000217c                best_effort_wfe_or_timeout
 .text.hardware_alarm_irq_handler
                0x10002250       0xb8 CMakeFiles/sx2_indicator.dir/C_/Users/hra/Documents/github/sangria_firmware/pico-sdk/src/rp2_common/hardware_timer/timer.c.obj
 .text.hardware_alarm_claim
                0x10002308       0x18 CMakeFiles/sx2_indicator.dir/C_/Users/hra/Documents/github/sangria_firmware/pico-sdk/src/rp2_common/hardware_timer/timer.c.obj
                0x10002308                hardware_alarm_claim
 .text.time_us_64
                0x10002320       0x14 CMakeFiles/sx2_indicator.dir/C_/Users/hra/Documents/github/sangria_firmware/pico-sdk/src/rp2_common/hardware_timer/timer.c.obj
                0x10002320                time_us_64
 .text.busy_wait_until
                0x10002334       0x20 CMakeFiles/sx2_indicator.dir/C_/Users/hra/Documents/github/sangria_firmware/pico-sdk/src/rp2_common/hardware_timer/timer.c.obj
                0x10002334                busy_wait_until
 .text.hardware_alarm_set_callback
                0x10002354       0x8c CMakeFiles/sx2_indicator.dir/C_/Users/hra/Documents/github/sangria_firmware/pico-sdk/src/rp2_common/hardware_timer/timer.c.obj
                0x10002354                hardware_alarm_set_callback
 .text.hardware_alarm_set_target
                0x100023e0       0xe0 CMakeFiles/sx2_indicator.dir/C_/Users/hra/Documents/github/sangria_firmware/pico-sdk/src/rp2_common/hardware_timer/timer.c.obj
                0x100023e0                hardware_alarm_set_target
 .text.hardware_alarm_cancel
                0x100024c0       0x3c CMakeFiles/sx2_indicator.dir/C_/Users/hra/Documents/github/sangria_firmware/pico-sdk/src/rp2_common/hardware_timer/timer.c.obj
                0x100024c0                hardware_alarm_cancel
 .text.ph_merge_nodes
                0x100024fc       0x68 CMakeFiles/sx2_indicator.dir/C_/Users/hra/Documents/github/sangria_firmware/pico-sdk/src/common/pico_util/pheap.c.obj
 .text.ph_post_alloc_init
                0x10002564       0x3c CMakeFiles/sx2_indicator.dir/C_/Users/hra/Documents/github/sangria_firmware/pico-sdk/src/common/pico_util/pheap.c.obj
                0x10002564                ph_post_alloc_init
 .text.ph_merge_two_pass
                0x100025a0       0x90 CMakeFiles/sx2_indicator.dir/C_/Users/hra/Documents/github/sangria_firmware/pico-sdk/src/common/pico_util/pheap.c.obj
                0x100025a0                ph_merge_two_pass
 .text.ph_remove_any_head
                0x10002630       0xf8 CMakeFiles/sx2_indicator.dir/C_/Users/hra/Documents/github/sangria_firmware/pico-sdk/src/common/pico_util/pheap.c.obj
 .text.ph_remove_head
                0x10002728       0xfc CMakeFiles/sx2_indicator.dir/C_/Users/hra/Documents/github/sangria_firmware/pico-sdk/src/common/pico_util/pheap.c.obj
                0x10002728                ph_remove_head
 .text.ph_remove_and_free_node
                0x10002824       0x7c CMakeFiles/sx2_indicator.dir/C_/Users/hra/Documents/github/sangria_firmware/pico-sdk/src/common/pico_util/pheap.c.obj
                0x10002824                ph_remove_and_free_node
 .text.mutex_init
                0x100028a0       0x1c CMakeFiles/sx2_indicator.dir/C_/Users/hra/Documents/github/sangria_firmware/pico-sdk/src/common/pico_sync/mutex.c.obj
                0x100028a0                mutex_init
 .text.recursive_mutex_init
                0x100028bc       0x1c CMakeFiles/sx2_indicator.dir/C_/Users/hra/Documents/github/sangria_firmware/pico-sdk/src/common/pico_sync/mutex.c.obj
                0x100028bc                recursive_mutex_init
 .text.critical_section_init
                0x100028d8       0x20 CMakeFiles/sx2_indicator.dir/C_/Users/hra/Documents/github/sangria_firmware/pico-sdk/src/common/pico_sync/critical_section.c.obj
                0x100028d8                critical_section_init
 .text.uart_init
                0x100028f8       0xe0 CMakeFiles/sx2_indicator.dir/C_/Users/hra/Documents/github/sangria_firmware/pico-sdk/src/rp2_common/hardware_uart/uart.c.obj
                0x100028f8                uart_init
 .text.runtime_init
                0x100029d8       0xf0 CMakeFiles/sx2_indicator.dir/C_/Users/hra/Documents/github/sangria_firmware/pico-sdk/src/rp2_common/pico_runtime/runtime.c.obj
                0x100029d8                runtime_init
 .text.exit     0x10002ac8        0x4 CMakeFiles/sx2_indicator.dir/C_/Users/hra/Documents/github/sangria_firmware/pico-sdk/src/rp2_common/pico_runtime/runtime.c.obj
                0x10002ac8                exit
 .text.panic    0x10002acc       0x30 CMakeFiles/sx2_indicator.dir/C_/Users/hra/Documents/github/sangria_firmware/pico-sdk/src/rp2_common/pico_runtime/runtime.c.obj
                0x10002acc                panic
 .text.hard_assertion_failure
                0x10002afc        0xc CMakeFiles/sx2_indicator.dir/C_/Users/hra/Documents/github/sangria_firmware/pico-sdk/src/rp2_common/pico_runtime/runtime.c.obj
                0x10002afc                hard_assertion_failure
 .text.clocks_init
                0x10002b08      0x2bc CMakeFiles/sx2_indicator.dir/C_/Users/hra/Documents/github/sangria_firmware/pico-sdk/src/rp2_common/hardware_clocks/clocks.c.obj
                0x10002b08                clocks_init
 .text.clock_get_hz
                0x10002dc4        0xc CMakeFiles/sx2_indicator.dir/C_/Users/hra/Documents/github/sangria_firmware/pico-sdk/src/rp2_common/hardware_clocks/clocks.c.obj
                0x10002dc4                clock_get_hz
 .text.pll_init
                0x10002dd0       0xb0 CMakeFiles/sx2_indicator.dir/C_/Users/hra/Documents/github/sangria_firmware/pico-sdk/src/rp2_common/hardware_pll/pll.c.obj
                0x10002dd0                pll_init
 .text.watchdog_start_tick
                0x10002e80       0x10 CMakeFiles/sx2_indicator.dir/C_/Users/hra/Documents/github/sangria_firmware/pico-sdk/src/rp2_common/hardware_watchdog/watchdog.c.obj
                0x10002e80                watchdog_start_tick
 .text.xosc_init
                0x10002e90       0x28 CMakeFiles/sx2_indicator.dir/C_/Users/hra/Documents/github/sangria_firmware/pico-sdk/src/rp2_common/hardware_xosc/xosc.c.obj
                0x10002e90                xosc_init
 .text._out_char
                0x10002eb8       0x10 CMakeFiles/sx2_indicator.dir/C_/Users/hra/Documents/github/sangria_firmware/pico-sdk/src/rp2_common/pico_printf/printf.c.obj
 .text.weak_raw_vprintf
                0x10002ec8       0x30 CMakeFiles/sx2_indicator.dir/C_/Users/hra/Documents/github/sangria_firmware/pico-sdk/src/rp2_common/pico_printf/printf.c.obj
                0x10002ec8                weak_raw_vprintf
 .text          0x10002ef8       0x10 CMakeFiles/sx2_indicator.dir/C_/Users/hra/Documents/github/sangria_firmware/pico-sdk/src/rp2_common/pico_bit_ops/bit_ops_aeabi.S.obj
 .text.rom_func_lookup
                0x10002f08       0x10 CMakeFiles/sx2_indicator.dir/C_/Users/hra/Documents/github/sangria_firmware/pico-sdk/src/rp2_common/pico_bootrom/bootrom.c.obj
                0x10002f08                rom_func_lookup
 .text.rom_data_lookup
                0x10002f18       0x10 CMakeFiles/sx2_indicator.dir/C_/Users/hra/Documents/github/sangria_firmware/pico-sdk/src/rp2_common/pico_bootrom/bootrom.c.obj
                0x10002f18                rom_data_lookup
 .text.rom_funcs_lookup
                0x10002f28       0x44 CMakeFiles/sx2_indicator.dir/C_/Users/hra/Documents/github/sangria_firmware/pico-sdk/src/rp2_common/pico_bootrom/bootrom.c.obj
                0x10002f28                rom_funcs_lookup
 .text.__wrap___aeabi_uidiv
                0x10002f6c       0x4c CMakeFiles/sx2_indicator.dir/C_/Users/hra/Documents/github/sangria_firmware/pico-sdk/src/rp2_common/pico_divider/divider.S.obj
                0x10002f6c                __wrap___aeabi_uidiv
                0x10002f6c                __wrap___aeabi_uidivmod
                0x10002f6c                div_u32u32
                0x10002f6c                divmod_u32u32
                0x10002f74                divmod_u32u32_unsafe
                0x10002f9c                divmod_u32u32_savestate
 .text.__aeabi_double_init
                0x10002fb8       0x94 CMakeFiles/sx2_indicator.dir/C_/Users/hra/Documents/github/sangria_firmware/pico-sdk/src/rp2_common/pico_double/double_init_rom.c.obj
                0x10002fb8                __aeabi_double_init
 .text.double_table_shim_on_use_helper
                0x1000304c       0x2c CMakeFiles/sx2_indicator.dir/C_/Users/hra/Documents/github/sangria_firmware/pico-sdk/src/rp2_common/pico_double/double_v1_rom_shim.S.obj
                0x1000304c                double_table_shim_on_use_helper
 .text.__aeabi_lmul
                0x10003078       0x32 CMakeFiles/sx2_indicator.dir/C_/Users/hra/Documents/github/sangria_firmware/pico-sdk/src/rp2_common/pico_int64_ops/pico_int64_ops_aeabi.S.obj
                0x10003078                __wrap___aeabi_lmul
 *fill*         0x100030aa        0x2 
 .text.__aeabi_float_init
                0x100030ac       0x64 CMakeFiles/sx2_indicator.dir/C_/Users/hra/Documents/github/sangria_firmware/pico-sdk/src/rp2_common/pico_float/float_init_rom.c.obj
                0x100030ac                __aeabi_float_init
 .text.float_table_shim_on_use_helper
                0x10003110       0x2c CMakeFiles/sx2_indicator.dir/C_/Users/hra/Documents/github/sangria_firmware/pico-sdk/src/rp2_common/pico_float/float_v1_rom_shim.S.obj
                0x10003110                float_table_shim_on_use_helper
 .text          0x1000313c       0x10 CMakeFiles/sx2_indicator.dir/C_/Users/hra/Documents/github/sangria_firmware/pico-sdk/src/rp2_common/pico_mem_ops/mem_ops_aeabi.S.obj
                0x1000313c                __aeabi_mem_init
 .text.memset   0x1000314c        0xc CMakeFiles/sx2_indicator.dir/C_/Users/hra/Documents/github/sangria_firmware/pico-sdk/src/rp2_common/pico_mem_ops/mem_ops_aeabi.S.obj
                0x1000314c                __wrap_memset
 .text.memcpy   0x10003158        0xc CMakeFiles/sx2_indicator.dir/C_/Users/hra/Documents/github/sangria_firmware/pico-sdk/src/rp2_common/pico_mem_ops/mem_ops_aeabi.S.obj
                0x10003158                __wrap_memcpy
                0x10003158                __wrap___aeabi_memcpy
 .text.stdio_out_chars_no_crlf
                0x10003164       0x10 CMakeFiles/sx2_indicator.dir/C_/Users/hra/Documents/github/sangria_firmware/pico-sdk/src/rp2_common/pico_stdio/stdio.c.obj
 .text.stdio_out_chars_crlf
                0x10003174       0xb4 CMakeFiles/sx2_indicator.dir/C_/Users/hra/Documents/github/sangria_firmware/pico-sdk/src/rp2_common/pico_stdio/stdio.c.obj
 .text.stdio_put_string.isra.0
                0x10003228       0xfc CMakeFiles/sx2_indicator.dir/C_/Users/hra/Documents/github/sangria_firmware/pico-sdk/src/rp2_common/pico_stdio/stdio.c.obj
 .text.__wrap_putchar
                0x10003324       0xa0 CMakeFiles/sx2_indicator.dir/C_/Users/hra/Documents/github/sangria_firmware/pico-sdk/src/rp2_common/pico_stdio/stdio.c.obj
                0x10003324                __wrap_putchar
 .text.__wrap_puts
                0x100033c4       0x3c CMakeFiles/sx2_indicator.dir/C_/Users/hra/Documents/github/sangria_firmware/pico-sdk/src/rp2_common/pico_stdio/stdio.c.obj
                0x100033c4                __wrap_puts
 .text.stdio_set_driver_enabled
                0x10003400       0x30 CMakeFiles/sx2_indicator.dir/C_/Users/hra/Documents/github/sangria_firmware/pico-sdk/src/rp2_common/pico_stdio/stdio.c.obj
                0x10003400                stdio_set_driver_enabled
 .text.stdio_uart_out_chars
                0x10003430       0x4c CMakeFiles/sx2_indicator.dir/C_/Users/hra/Documents/github/sangria_firmware/pico-sdk/src/rp2_common/pico_stdio_uart/stdio_uart.c.obj
 .text.stdio_uart_in_chars
                0x1000347c       0x38 CMakeFiles/sx2_indicator.dir/C_/Users/hra/Documents/github/sangria_firmware/pico-sdk/src/rp2_common/pico_stdio_uart/stdio_uart.c.obj
                0x1000347c                stdio_uart_in_chars
 .text.stdio_uart_init_full
                0x100034b4       0x38 CMakeFiles/sx2_indicator.dir/C_/Users/hra/Documents/github/sangria_firmware/pico-sdk/src/rp2_common/pico_stdio_uart/stdio_uart.c.obj
                0x100034b4                stdio_uart_init_full
 .text.spi_init
                0x100034ec       0xf8 CMakeFiles/sx2_indicator.dir/C_/Users/hra/Documents/github/sangria_firmware/pico-sdk/src/rp2_common/hardware_spi/spi.c.obj
                0x100034ec                spi_init
 .text.dma_claim_unused_channel
                0x100035e4       0x20 CMakeFiles/sx2_indicator.dir/C_/Users/hra/Documents/github/sangria_firmware/pico-sdk/src/rp2_common/hardware_dma/dma.c.obj
                0x100035e4                dma_claim_unused_channel
 .text.core1_trampoline
                0x10003604        0x4 CMakeFiles/sx2_indicator.dir/C_/Users/hra/Documents/github/sangria_firmware/pico-sdk/src/rp2_common/pico_multicore/multicore.c.obj
 .text.core1_wrapper
                0x10003608        0xc CMakeFiles/sx2_indicator.dir/C_/Users/hra/Documents/github/sangria_firmware/pico-sdk/src/rp2_common/pico_multicore/multicore.c.obj
                0x10003608                core1_wrapper
 .text.multicore_launch_core1_raw
                0x10003614       0x84 CMakeFiles/sx2_indicator.dir/C_/Users/hra/Documents/github/sangria_firmware/pico-sdk/src/rp2_common/pico_multicore/multicore.c.obj
                0x10003614                multicore_launch_core1_raw
 .text.multicore_launch_core1
                0x10003698       0x4c CMakeFiles/sx2_indicator.dir/C_/Users/hra/Documents/github/sangria_firmware/pico-sdk/src/rp2_common/pico_multicore/multicore.c.obj
                0x10003698                multicore_launch_core1
 .text.hcd_rp2040_irq
                0x100036e4      0x2a0 CMakeFiles/sx2_indicator.dir/C_/Users/hra/Documents/github/sangria_firmware/pico-sdk/lib/tinyusb/src/portable/raspberrypi/rp2040/hcd_rp2040.c.obj
 .text.hcd_init
                0x10003984       0x48 CMakeFiles/sx2_indicator.dir/C_/Users/hra/Documents/github/sangria_firmware/pico-sdk/lib/tinyusb/src/portable/raspberrypi/rp2040/hcd_rp2040.c.obj
                0x10003984                hcd_init
 .text.hcd_port_reset
                0x100039cc        0x4 CMakeFiles/sx2_indicator.dir/C_/Users/hra/Documents/github/sangria_firmware/pico-sdk/lib/tinyusb/src/portable/raspberrypi/rp2040/hcd_rp2040.c.obj
                0x100039cc                hcd_port_reset
 .text.hcd_port_connect_status
                0x100039d0       0x18 CMakeFiles/sx2_indicator.dir/C_/Users/hra/Documents/github/sangria_firmware/pico-sdk/lib/tinyusb/src/portable/raspberrypi/rp2040/hcd_rp2040.c.obj
                0x100039d0                hcd_port_connect_status
 .text.hcd_port_speed_get
                0x100039e8       0x24 CMakeFiles/sx2_indicator.dir/C_/Users/hra/Documents/github/sangria_firmware/pico-sdk/lib/tinyusb/src/portable/raspberrypi/rp2040/hcd_rp2040.c.obj
                0x100039e8                hcd_port_speed_get
 .text.hcd_device_close
                0x10003a0c        0x4 CMakeFiles/sx2_indicator.dir/C_/Users/hra/Documents/github/sangria_firmware/pico-sdk/lib/tinyusb/src/portable/raspberrypi/rp2040/hcd_rp2040.c.obj
                0x10003a0c                hcd_device_close
 .text.hcd_int_enable
                0x10003a10        0xc CMakeFiles/sx2_indicator.dir/C_/Users/hra/Documents/github/sangria_firmware/pico-sdk/lib/tinyusb/src/portable/raspberrypi/rp2040/hcd_rp2040.c.obj
                0x10003a10                hcd_int_enable
 .text.hcd_edpt_open
                0x10003a1c      0x20c CMakeFiles/sx2_indicator.dir/C_/Users/hra/Documents/github/sangria_firmware/pico-sdk/lib/tinyusb/src/portable/raspberrypi/rp2040/hcd_rp2040.c.obj
                0x10003a1c                hcd_edpt_open
 .text.hcd_edpt_xfer
                0x10003c28      0x2d4 CMakeFiles/sx2_indicator.dir/C_/Users/hra/Documents/github/sangria_firmware/pico-sdk/lib/tinyusb/src/portable/raspberrypi/rp2040/hcd_rp2040.c.obj
                0x10003c28                hcd_edpt_xfer
 .text.hcd_setup_send
                0x10003efc       0x94 CMakeFiles/sx2_indicator.dir/C_/Users/hra/Documents/github/sangria_firmware/pico-sdk/lib/tinyusb/src/portable/raspberrypi/rp2040/hcd_rp2040.c.obj
                0x10003efc                hcd_setup_send
 .text._hw_endpoint_buffer_control_update32.part.0.isra.0
                0x10003f90       0x1c CMakeFiles/sx2_indicator.dir/C_/Users/hra/Documents/github/sangria_firmware/pico-sdk/lib/tinyusb/src/portable/raspberrypi/rp2040/rp2040_usb.c.obj
 .text.rp2040_usb_init
                0x10003fac       0x4c CMakeFiles/sx2_indicator.dir/C_/Users/hra/Documents/github/sangria_firmware/pico-sdk/lib/tinyusb/src/portable/raspberrypi/rp2040/rp2040_usb.c.obj
                0x10003fac                rp2040_usb_init
 .text.hw_endpoint_reset_transfer
                0x10003ff8        0xc CMakeFiles/sx2_indicator.dir/C_/Users/hra/Documents/github/sangria_firmware/pico-sdk/lib/tinyusb/src/portable/raspberrypi/rp2040/rp2040_usb.c.obj
                0x10003ff8                hw_endpoint_reset_transfer
 .text.hw_endpoint_xfer_start
                0x10004004      0x128 CMakeFiles/sx2_indicator.dir/C_/Users/hra/Documents/github/sangria_firmware/pico-sdk/lib/tinyusb/src/portable/raspberrypi/rp2040/rp2040_usb.c.obj
                0x10004004                hw_endpoint_xfer_start
 .text.hw_endpoint_xfer_continue
                0x1000412c      0x1d4 CMakeFiles/sx2_indicator.dir/C_/Users/hra/Documents/github/sangria_firmware/pico-sdk/lib/tinyusb/src/portable/raspberrypi/rp2040/rp2040_usb.c.obj
                0x1000412c                hw_endpoint_xfer_continue
 .text.enum_hub_get_status0_complete
                0x10004300       0x5c CMakeFiles/sx2_indicator.dir/C_/Users/hra/Documents/github/sangria_firmware/pico-sdk/lib/tinyusb/src/host/usbh.c.obj
 .text.enum_hub_get_status1_complete
                0x1000435c       0x38 CMakeFiles/sx2_indicator.dir/C_/Users/hra/Documents/github/sangria_firmware/pico-sdk/lib/tinyusb/src/host/usbh.c.obj
 .text.enum_get_device_desc_complete
                0x10004394       0x58 CMakeFiles/sx2_indicator.dir/C_/Users/hra/Documents/github/sangria_firmware/pico-sdk/lib/tinyusb/src/host/usbh.c.obj
 .text.enum_get_9byte_config_desc_complete
                0x100043ec       0x48 CMakeFiles/sx2_indicator.dir/C_/Users/hra/Documents/github/sangria_firmware/pico-sdk/lib/tinyusb/src/host/usbh.c.obj
 .text.enum_set_address_complete
                0x10004434       0x9c CMakeFiles/sx2_indicator.dir/C_/Users/hra/Documents/github/sangria_firmware/pico-sdk/lib/tinyusb/src/host/usbh.c.obj
 .text.enum_get_config_desc_complete
                0x100044d0      0x100 CMakeFiles/sx2_indicator.dir/C_/Users/hra/Documents/github/sangria_firmware/pico-sdk/lib/tinyusb/src/host/usbh.c.obj
 .text.tuh_task.part.0
                0x100045d0      0x2b0 CMakeFiles/sx2_indicator.dir/C_/Users/hra/Documents/github/sangria_firmware/pico-sdk/lib/tinyusb/src/host/usbh.c.obj
 .text.enum_get_addr0_device_desc_complete
                0x10004880       0xdc CMakeFiles/sx2_indicator.dir/C_/Users/hra/Documents/github/sangria_firmware/pico-sdk/lib/tinyusb/src/host/usbh.c.obj
 .text.enum_set_config_complete
                0x1000495c       0xf8 CMakeFiles/sx2_indicator.dir/C_/Users/hra/Documents/github/sangria_firmware/pico-sdk/lib/tinyusb/src/host/usbh.c.obj
 .text.enum_hub_clear_reset0_complete
                0x10004a54       0x64 CMakeFiles/sx2_indicator.dir/C_/Users/hra/Documents/github/sangria_firmware/pico-sdk/lib/tinyusb/src/host/usbh.c.obj
 .text.enum_hub_clear_reset1_complete
                0x10004ab8       0x88 CMakeFiles/sx2_indicator.dir/C_/Users/hra/Documents/github/sangria_firmware/pico-sdk/lib/tinyusb/src/host/usbh.c.obj
 .text.tuh_speed_get
                0x10004b40       0x24 CMakeFiles/sx2_indicator.dir/C_/Users/hra/Documents/github/sangria_firmware/pico-sdk/lib/tinyusb/src/host/usbh.c.obj
                0x10004b40                tuh_speed_get
 .text.tuh_inited
                0x10004b64        0xc CMakeFiles/sx2_indicator.dir/C_/Users/hra/Documents/github/sangria_firmware/pico-sdk/lib/tinyusb/src/host/usbh.c.obj
                0x10004b64                tuh_inited
 .text.tuh_init
                0x10004b70       0xb8 CMakeFiles/sx2_indicator.dir/C_/Users/hra/Documents/github/sangria_firmware/pico-sdk/lib/tinyusb/src/host/usbh.c.obj
                0x10004b70                tuh_init
 .text.tuh_task
                0x10004c28       0x10 CMakeFiles/sx2_indicator.dir/C_/Users/hra/Documents/github/sangria_firmware/pico-sdk/lib/tinyusb/src/host/usbh.c.obj
                0x10004c28                tuh_task
 .text.usbh_get_rhport
                0x10004c38       0x20 CMakeFiles/sx2_indicator.dir/C_/Users/hra/Documents/github/sangria_firmware/pico-sdk/lib/tinyusb/src/host/usbh.c.obj
                0x10004c38                usbh_get_rhport
 .text.usbh_get_enum_buf
                0x10004c58        0x8 CMakeFiles/sx2_indicator.dir/C_/Users/hra/Documents/github/sangria_firmware/pico-sdk/lib/tinyusb/src/host/usbh.c.obj
                0x10004c58                usbh_get_enum_buf
 .text.hcd_event_handler
                0x10004c60       0x38 CMakeFiles/sx2_indicator.dir/C_/Users/hra/Documents/github/sangria_firmware/pico-sdk/lib/tinyusb/src/host/usbh.c.obj
                0x10004c60                hcd_event_handler
 .text.hcd_event_xfer_complete
                0x10004c98       0x4c CMakeFiles/sx2_indicator.dir/C_/Users/hra/Documents/github/sangria_firmware/pico-sdk/lib/tinyusb/src/host/usbh.c.obj
                0x10004c98                hcd_event_xfer_complete
 .text.hcd_event_device_attach
                0x10004ce4       0x4c CMakeFiles/sx2_indicator.dir/C_/Users/hra/Documents/github/sangria_firmware/pico-sdk/lib/tinyusb/src/host/usbh.c.obj
                0x10004ce4                hcd_event_device_attach
 .text.hcd_event_device_remove
                0x10004d30       0x54 CMakeFiles/sx2_indicator.dir/C_/Users/hra/Documents/github/sangria_firmware/pico-sdk/lib/tinyusb/src/host/usbh.c.obj
                0x10004d30                hcd_event_device_remove
 .text.usbh_driver_set_config_complete
                0x10004d84      0x160 CMakeFiles/sx2_indicator.dir/C_/Users/hra/Documents/github/sangria_firmware/pico-sdk/lib/tinyusb/src/host/usbh.c.obj
                0x10004d84                usbh_driver_set_config_complete
 .text.usbh_edpt_xfer
                0x10004ee4       0x84 CMakeFiles/sx2_indicator.dir/C_/Users/hra/Documents/github/sangria_firmware/pico-sdk/lib/tinyusb/src/host/usbh.c.obj
                0x10004ee4                usbh_edpt_xfer
 .text.usbh_edpt_open
                0x10004f68       0x3c CMakeFiles/sx2_indicator.dir/C_/Users/hra/Documents/github/sangria_firmware/pico-sdk/lib/tinyusb/src/host/usbh.c.obj
                0x10004f68                usbh_edpt_open
 .text.tuh_control_xfer
                0x10004fa4       0x44 CMakeFiles/sx2_indicator.dir/C_/Users/hra/Documents/github/sangria_firmware/pico-sdk/lib/tinyusb/src/host/usbh_control.c.obj
                0x10004fa4                tuh_control_xfer
 .text.usbh_control_xfer_cb
                0x10004fe8       0x90 CMakeFiles/sx2_indicator.dir/C_/Users/hra/Documents/github/sangria_firmware/pico-sdk/lib/tinyusb/src/host/usbh_control.c.obj
                0x10004fe8                usbh_control_xfer_cb
 .text.connection_port_reset_complete
                0x10005078       0x34 CMakeFiles/sx2_indicator.dir/C_/Users/hra/Documents/github/sangria_firmware/pico-sdk/lib/tinyusb/src/host/hub.c.obj
 .text.connection_get_status_complete
                0x100050ac       0x54 CMakeFiles/sx2_indicator.dir/C_/Users/hra/Documents/github/sangria_firmware/pico-sdk/lib/tinyusb/src/host/hub.c.obj
 .text.config_set_port_power
                0x10005100       0x4c CMakeFiles/sx2_indicator.dir/C_/Users/hra/Documents/github/sangria_firmware/pico-sdk/lib/tinyusb/src/host/hub.c.obj
 .text.config_port_power_complete
                0x1000514c       0x74 CMakeFiles/sx2_indicator.dir/C_/Users/hra/Documents/github/sangria_firmware/pico-sdk/lib/tinyusb/src/host/hub.c.obj
 .text.connection_clear_conn_change_complete
                0x100051c0       0x78 CMakeFiles/sx2_indicator.dir/C_/Users/hra/Documents/github/sangria_firmware/pico-sdk/lib/tinyusb/src/host/hub.c.obj
 .text.hub_port_clear_feature
                0x10005238       0x20 CMakeFiles/sx2_indicator.dir/C_/Users/hra/Documents/github/sangria_firmware/pico-sdk/lib/tinyusb/src/host/hub.c.obj
                0x10005238                hub_port_clear_feature
 .text.hub_port_reset
                0x10005258       0x24 CMakeFiles/sx2_indicator.dir/C_/Users/hra/Documents/github/sangria_firmware/pico-sdk/lib/tinyusb/src/host/hub.c.obj
                0x10005258                hub_port_reset
 .text.hub_port_get_status
                0x1000527c       0x20 CMakeFiles/sx2_indicator.dir/C_/Users/hra/Documents/github/sangria_firmware/pico-sdk/lib/tinyusb/src/host/hub.c.obj
                0x1000527c                hub_port_get_status
 .text.hub_init
                0x1000529c       0x14 CMakeFiles/sx2_indicator.dir/C_/Users/hra/Documents/github/sangria_firmware/pico-sdk/lib/tinyusb/src/host/hub.c.obj
                0x1000529c                hub_init
 .text.hub_open
                0x100052b0       0x54 CMakeFiles/sx2_indicator.dir/C_/Users/hra/Documents/github/sangria_firmware/pico-sdk/lib/tinyusb/src/host/hub.c.obj
                0x100052b0                hub_open
 .text.hub_close
                0x10005304       0x24 CMakeFiles/sx2_indicator.dir/C_/Users/hra/Documents/github/sangria_firmware/pico-sdk/lib/tinyusb/src/host/hub.c.obj
                0x10005304                hub_close
 .text.hub_status_pipe_queue
                0x10005328       0x1c CMakeFiles/sx2_indicator.dir/C_/Users/hra/Documents/github/sangria_firmware/pico-sdk/lib/tinyusb/src/host/hub.c.obj
                0x10005328                hub_status_pipe_queue
 .text.hub_set_config
                0x10005344       0x40 CMakeFiles/sx2_indicator.dir/C_/Users/hra/Documents/github/sangria_firmware/pico-sdk/lib/tinyusb/src/host/hub.c.obj
                0x10005344                hub_set_config
 .text.hub_xfer_cb
                0x10005384       0x6c CMakeFiles/sx2_indicator.dir/C_/Users/hra/Documents/github/sangria_firmware/pico-sdk/lib/tinyusb/src/host/hub.c.obj
                0x10005384                hub_xfer_cb
 .text.config_get_report_desc
                0x100053f0       0xe0 CMakeFiles/sx2_indicator.dir/C_/Users/hra/Documents/github/sangria_firmware/pico-sdk/lib/tinyusb/src/class/hid/hid_host.c.obj
 .text.config_set_protocol
                0x100054d0       0x98 CMakeFiles/sx2_indicator.dir/C_/Users/hra/Documents/github/sangria_firmware/pico-sdk/lib/tinyusb/src/class/hid/hid_host.c.obj
 .text.config_get_report_desc_complete
                0x10005568       0xc0 CMakeFiles/sx2_indicator.dir/C_/Users/hra/Documents/github/sangria_firmware/pico-sdk/lib/tinyusb/src/class/hid/hid_host.c.obj
 .text.tuh_hid_interface_protocol
                0x10005628       0x1c CMakeFiles/sx2_indicator.dir/C_/Users/hra/Documents/github/sangria_firmware/pico-sdk/lib/tinyusb/src/class/hid/hid_host.c.obj
                0x10005628                tuh_hid_interface_protocol
 .text.hidh_init
                0x10005644       0x14 CMakeFiles/sx2_indicator.dir/C_/Users/hra/Documents/github/sangria_firmware/pico-sdk/lib/tinyusb/src/class/hid/hid_host.c.obj
                0x10005644                hidh_init
 .text.hidh_xfer_cb
                0x10005658       0x80 CMakeFiles/sx2_indicator.dir/C_/Users/hra/Documents/github/sangria_firmware/pico-sdk/lib/tinyusb/src/class/hid/hid_host.c.obj
                0x10005658                hidh_xfer_cb
 .text.hidh_close
                0x100056d8       0x54 CMakeFiles/sx2_indicator.dir/C_/Users/hra/Documents/github/sangria_firmware/pico-sdk/lib/tinyusb/src/class/hid/hid_host.c.obj
                0x100056d8                hidh_close
 .text.hidh_open
                0x1000572c       0xbc CMakeFiles/sx2_indicator.dir/C_/Users/hra/Documents/github/sangria_firmware/pico-sdk/lib/tinyusb/src/class/hid/hid_host.c.obj
                0x1000572c                hidh_open
 .text.hidh_set_config
                0x100057e8       0xa0 CMakeFiles/sx2_indicator.dir/C_/Users/hra/Documents/github/sangria_firmware/pico-sdk/lib/tinyusb/src/class/hid/hid_host.c.obj
                0x100057e8                hidh_set_config
 .text.tuh_hid_parse_report_descriptor
                0x10005888       0xcc CMakeFiles/sx2_indicator.dir/C_/Users/hra/Documents/github/sangria_firmware/pico-sdk/lib/tinyusb/src/class/hid/hid_host.c.obj
                0x10005888                tuh_hid_parse_report_descriptor
 .text.tusb_init
                0x10005954        0xc CMakeFiles/sx2_indicator.dir/C_/Users/hra/Documents/github/sangria_firmware/pico-sdk/lib/tinyusb/src/tusb.c.obj
                0x10005954                tusb_init
 .text.tusb_inited
                0x10005960        0x8 CMakeFiles/sx2_indicator.dir/C_/Users/hra/Documents/github/sangria_firmware/pico-sdk/lib/tinyusb/src/tusb.c.obj
                0x10005960                tusb_inited
 .text.tu_edpt_validate
                0x10005968       0x78 CMakeFiles/sx2_indicator.dir/C_/Users/hra/Documents/github/sangria_firmware/pico-sdk/lib/tinyusb/src/tusb.c.obj
                0x10005968                tu_edpt_validate
 .text.tu_edpt_bind_driver
                0x100059e0       0x2c CMakeFiles/sx2_indicator.dir/C_/Users/hra/Documents/github/sangria_firmware/pico-sdk/lib/tinyusb/src/tusb.c.obj
                0x100059e0                tu_edpt_bind_driver
 .text.tu_desc_get_interface_total_len
                0x10005a0c       0x4c CMakeFiles/sx2_indicator.dir/C_/Users/hra/Documents/github/sangria_firmware/pico-sdk/lib/tinyusb/src/tusb.c.obj
                0x10005a0c                tu_desc_get_interface_total_len
 .text.tu_fifo_read
                0x10005a58       0x9c CMakeFiles/sx2_indicator.dir/C_/Users/hra/Documents/github/sangria_firmware/pico-sdk/lib/tinyusb/src/common/tusb_fifo.c.obj
                0x10005a58                tu_fifo_read
 .text.tu_fifo_write
                0x10005af4       0x7c CMakeFiles/sx2_indicator.dir/C_/Users/hra/Documents/github/sangria_firmware/pico-sdk/lib/tinyusb/src/common/tusb_fifo.c.obj
                0x10005af4                tu_fifo_write
 .text.tu_fifo_clear
                0x10005b70       0x4c CMakeFiles/sx2_indicator.dir/C_/Users/hra/Documents/github/sangria_firmware/pico-sdk/lib/tinyusb/src/common/tusb_fifo.c.obj
                0x10005b70                tu_fifo_clear
 .text.board_init
                0x10005bbc       0x30 CMakeFiles/sx2_indicator.dir/C_/Users/hra/Documents/github/sangria_firmware/pico-sdk/lib/tinyusb/hw/bsp/rp2040/family.c.obj
                0x10005bbc                board_init
 .text.strlen   0x10005bec       0x5c c:/progra~2/gnu arm embedded toolchain/10 2020-q4-major/bin/../lib/gcc/arm-none-eabi/10.2.1/../../../../arm-none-eabi/lib/thumb/v6-m/nofp\libc.a(lib_a-strlen-stub.o)
                0x10005bec                strlen
 *(.fini)
 .fini          0x10005c48        0x4 c:/progra~2/gnu arm embedded toolchain/10 2020-q4-major/bin/../lib/gcc/arm-none-eabi/10.2.1/thumb/v6-m/nofp/crti.o
                0x10005c48                _fini
 *fill*         0x10005c4c        0x4 
 .fini.__stub   0x10005c50       0x60 linker stubs
 *crtbegin.o(.ctors)
 *crtbegin?.o(.ctors)
 *(EXCLUDE_FILE(*crtend.o *crtend?.o) .ctors)
 *(SORT_BY_NAME(.ctors.*))
 *(.ctors)
 *crtbegin.o(.dtors)
 *crtbegin?.o(.dtors)
 *(EXCLUDE_FILE(*crtend.o *crtend?.o) .dtors)
 *(SORT_BY_NAME(.dtors.*))
 *(.dtors)
 *(.eh_frame*)
 .eh_frame      0x10005cb0        0x0 c:/progra~2/gnu arm embedded toolchain/10 2020-q4-major/bin/../lib/gcc/arm-none-eabi/10.2.1/thumb/v6-m/nofp/crtbegin.o
                0x10005cb0                . = ALIGN (0x4)

.glue_7         0x10005cb0        0x0
 .glue_7        0x10005cb0        0x0 linker stubs

.glue_7t        0x10005cb0        0x0
 .glue_7t       0x10005cb0        0x0 linker stubs

.vfp11_veneer   0x10005cb0        0x0
 .vfp11_veneer  0x10005cb0        0x0 linker stubs

.v4_bx          0x10005cb0        0x0
 .v4_bx         0x10005cb0        0x0 linker stubs

.iplt           0x10005cb0        0x0
 .iplt          0x10005cb0        0x0 c:/progra~2/gnu arm embedded toolchain/10 2020-q4-major/bin/../lib/gcc/arm-none-eabi/10.2.1/thumb/v6-m/nofp/crtbegin.o

.rodata         0x10005cb0    0x25318
 *(EXCLUDE_FILE(*libm.a: *libc.a:*lib_a-mem*.o *libgcc.a:) .rodata*)
 .rodata._ZL13grp_indicator
                0x10005cb0     0xfd20 CMakeFiles/sx2_indicator.dir/main.cpp.obj
 .rodata._ZL14grp_background
                0x100159d0     0xfd20 CMakeFiles/sx2_indicator.dir/main.cpp.obj
 .rodata._ZL7grp_msx
                0x100256f0     0x5200 CMakeFiles/sx2_indicator.dir/main.cpp.obj
 .rodata._ZL9grp_mouse
                0x1002a8f0      0x4e0 CMakeFiles/sx2_indicator.dir/main.cpp.obj
 .rodata.spin_lock_claim_unused.str1.4
                0x1002add0       0x1b CMakeFiles/sx2_indicator.dir/C_/Users/hra/Documents/github/sangria_firmware/pico-sdk/src/rp2_common/hardware_sync/sync.c.obj
 *fill*         0x1002adeb        0x1 
 .rodata.hardware_alarm_claim.str1.4
                0x1002adec       0x22 CMakeFiles/sx2_indicator.dir/C_/Users/hra/Documents/github/sangria_firmware/pico-sdk/src/rp2_common/hardware_timer/timer.c.obj
 *fill*         0x1002ae0e        0x2 
 .rodata.panic.str1.4
                0x1002ae10       0x12 CMakeFiles/sx2_indicator.dir/C_/Users/hra/Documents/github/sangria_firmware/pico-sdk/src/rp2_common/pico_runtime/runtime.c.obj
 *fill*         0x1002ae22        0x2 
 .rodata.hard_assertion_failure.str1.4
                0x1002ae24        0xc CMakeFiles/sx2_indicator.dir/C_/Users/hra/Documents/github/sangria_firmware/pico-sdk/src/rp2_common/pico_runtime/runtime.c.obj
 .rodata.str1.4
                0x1002ae30       0x44 CMakeFiles/sx2_indicator.dir/C_/Users/hra/Documents/github/sangria_firmware/pico-sdk/src/rp2_common/pico_standard_link/binary_info.c.obj
 .rodata.__bi_44
                0x1002ae74        0xc CMakeFiles/sx2_indicator.dir/C_/Users/hra/Documents/github/sangria_firmware/pico-sdk/src/rp2_common/pico_standard_link/binary_info.c.obj
 .rodata.__bi_75
                0x1002ae80        0xc CMakeFiles/sx2_indicator.dir/C_/Users/hra/Documents/github/sangria_firmware/pico-sdk/src/rp2_common/pico_standard_link/binary_info.c.obj
 .rodata.__bi_81
                0x1002ae8c        0xc CMakeFiles/sx2_indicator.dir/C_/Users/hra/Documents/github/sangria_firmware/pico-sdk/src/rp2_common/pico_standard_link/binary_info.c.obj
 .rodata.crlf_str.0
                0x1002ae98        0x2 CMakeFiles/sx2_indicator.dir/C_/Users/hra/Documents/github/sangria_firmware/pico-sdk/src/rp2_common/pico_stdio/stdio.c.obj
 *fill*         0x1002ae9a        0x2 
 .rodata.dma_claim_unused_channel.str1.4
                0x1002ae9c       0x1e CMakeFiles/sx2_indicator.dir/C_/Users/hra/Documents/github/sangria_firmware/pico-sdk/src/rp2_common/hardware_dma/dma.c.obj
 *fill*         0x1002aeba        0x2 
 .rodata.hcd_rp2040_irq.str1.4
                0x1002aebc       0x40 CMakeFiles/sx2_indicator.dir/C_/Users/hra/Documents/github/sangria_firmware/pico-sdk/lib/tinyusb/src/portable/raspberrypi/rp2040/hcd_rp2040.c.obj
 .rodata.hcd_port_speed_get.str1.4
                0x1002aefc        0xf CMakeFiles/sx2_indicator.dir/C_/Users/hra/Documents/github/sangria_firmware/pico-sdk/lib/tinyusb/src/portable/raspberrypi/rp2040/hcd_rp2040.c.obj
 *fill*         0x1002af0b        0x1 
 .rodata._hw_endpoint_buffer_control_update32.part.0.isra.0.str1.4
                0x1002af0c       0x1f CMakeFiles/sx2_indicator.dir/C_/Users/hra/Documents/github/sangria_firmware/pico-sdk/lib/tinyusb/src/portable/raspberrypi/rp2040/rp2040_usb.c.obj
 *fill*         0x1002af2b        0x1 
 .rodata.hw_endpoint_xfer_continue.str1.4
                0x1002af2c       0x29 CMakeFiles/sx2_indicator.dir/C_/Users/hra/Documents/github/sangria_firmware/pico-sdk/lib/tinyusb/src/portable/raspberrypi/rp2040/rp2040_usb.c.obj
 *fill*         0x1002af55        0x3 
 .rodata.str1.4
                0x1002af58        0x7 CMakeFiles/sx2_indicator.dir/C_/Users/hra/Documents/github/sangria_firmware/pico-sdk/lib/tinyusb/src/portable/raspberrypi/rp2040/rp2040_usb.c.obj
 *fill*         0x1002af5f        0x1 
 .rodata        0x1002af60       0x20 CMakeFiles/sx2_indicator.dir/C_/Users/hra/Documents/github/sangria_firmware/pico-sdk/lib/tinyusb/src/host/usbh.c.obj
 .rodata.usbh_class_drivers
                0x1002af80       0x28 CMakeFiles/sx2_indicator.dir/C_/Users/hra/Documents/github/sangria_firmware/pico-sdk/lib/tinyusb/src/host/usbh.c.obj
 .rodata        0x1002afa8        0x8 CMakeFiles/sx2_indicator.dir/C_/Users/hra/Documents/github/sangria_firmware/pico-sdk/lib/tinyusb/src/host/hub.c.obj
 .rodata.str1.4
                0x1002afb0        0x4 CMakeFiles/sx2_indicator.dir/C_/Users/hra/Documents/github/sangria_firmware/pico-sdk/lib/tinyusb/hw/bsp/rp2040/family.c.obj
 .rodata.__bi_121.0
                0x1002afb4        0xc CMakeFiles/sx2_indicator.dir/C_/Users/hra/Documents/github/sangria_firmware/pico-sdk/lib/tinyusb/hw/bsp/rp2040/family.c.obj
 .rodata.__bi_131.1
                0x1002afc0        0x8 CMakeFiles/sx2_indicator.dir/C_/Users/hra/Documents/github/sangria_firmware/pico-sdk/lib/tinyusb/hw/bsp/rp2040/family.c.obj
                0x1002afc8                . = ALIGN (0x4)
 *(SORT_BY_ALIGNMENT(SORT_BY_NAME(.flashdata*)))
                0x1002afc8                . = ALIGN (0x4)

.rel.dyn        0x1002afc8        0x0
 .rel.iplt      0x1002afc8        0x0 c:/progra~2/gnu arm embedded toolchain/10 2020-q4-major/bin/../lib/gcc/arm-none-eabi/10.2.1/thumb/v6-m/nofp/crtbegin.o

.ARM.extab
 *(.ARM.extab* .gnu.linkonce.armextab.*)
                0x1002afc8                __exidx_start = .

.ARM.exidx
 *(.ARM.exidx* .gnu.linkonce.armexidx.*)
                0x1002afc8                __exidx_end = .
                0x1002afc8                . = ALIGN (0x4)
                0x1002afc8                __binary_info_start = .

.binary_info    0x1002afc8       0x24
 *(.binary_info.keep.*)
 .binary_info.keep.__bi_ptr22
                0x1002afc8        0x4 CMakeFiles/sx2_indicator.dir/C_/Users/hra/Documents/github/sangria_firmware/pico-sdk/src/rp2_common/pico_standard_link/binary_info.c.obj
 .binary_info.keep.__bi_ptr30
                0x1002afcc        0x4 CMakeFiles/sx2_indicator.dir/C_/Users/hra/Documents/github/sangria_firmware/pico-sdk/src/rp2_common/pico_standard_link/binary_info.c.obj
 .binary_info.keep.__bi_ptr38
                0x1002afd0        0x4 CMakeFiles/sx2_indicator.dir/C_/Users/hra/Documents/github/sangria_firmware/pico-sdk/src/rp2_common/pico_standard_link/binary_info.c.obj
 .binary_info.keep.__bi_ptr44
                0x1002afd4        0x4 CMakeFiles/sx2_indicator.dir/C_/Users/hra/Documents/github/sangria_firmware/pico-sdk/src/rp2_common/pico_standard_link/binary_info.c.obj
 .binary_info.keep.__bi_ptr50
                0x1002afd8        0x4 CMakeFiles/sx2_indicator.dir/C_/Users/hra/Documents/github/sangria_firmware/pico-sdk/src/rp2_common/pico_standard_link/binary_info.c.obj
 .binary_info.keep.__bi_ptr75
                0x1002afdc        0x4 CMakeFiles/sx2_indicator.dir/C_/Users/hra/Documents/github/sangria_firmware/pico-sdk/src/rp2_common/pico_standard_link/binary_info.c.obj
 .binary_info.keep.__bi_ptr81
                0x1002afe0        0x4 CMakeFiles/sx2_indicator.dir/C_/Users/hra/Documents/github/sangria_firmware/pico-sdk/src/rp2_common/pico_standard_link/binary_info.c.obj
 .binary_info.keep.__bi_ptr121
                0x1002afe4        0x4 CMakeFiles/sx2_indicator.dir/C_/Users/hra/Documents/github/sangria_firmware/pico-sdk/lib/tinyusb/hw/bsp/rp2040/family.c.obj
 .binary_info.keep.__bi_ptr131
                0x1002afe8        0x4 CMakeFiles/sx2_indicator.dir/C_/Users/hra/Documents/github/sangria_firmware/pico-sdk/lib/tinyusb/hw/bsp/rp2040/family.c.obj
 *(.binary_info.*)
                0x1002afec                __binary_info_end = .
                0x1002afec                . = ALIGN (0x4)
                0x1002afec                __etext = .

.ram_vector_table
                0x20000000       0xc0
 *(.ram_vector_table)
 .ram_vector_table
                0x20000000       0xc0 CMakeFiles/sx2_indicator.dir/C_/Users/hra/Documents/github/sangria_firmware/pico-sdk/src/rp2_common/pico_runtime/runtime.c.obj
                0x20000000                ram_vector_table

.data           0x200000c0      0x2e4 load address 0x1002afec
                0x200000c0                __data_start__ = .
 *(vtable)
 *(.time_critical*)
 .time_critical.mutex_enter_blocking
                0x200000c0       0x48 CMakeFiles/sx2_indicator.dir/C_/Users/hra/Documents/github/sangria_firmware/pico-sdk/src/common/pico_sync/mutex.c.obj
                0x200000c0                mutex_enter_blocking
 .time_critical.mutex_try_enter
                0x20000108       0x44 CMakeFiles/sx2_indicator.dir/C_/Users/hra/Documents/github/sangria_firmware/pico-sdk/src/common/pico_sync/mutex.c.obj
                0x20000108                mutex_try_enter
 .time_critical.mutex_enter_timeout_ms
                0x2000014c       0xa0 CMakeFiles/sx2_indicator.dir/C_/Users/hra/Documents/github/sangria_firmware/pico-sdk/src/common/pico_sync/mutex.c.obj
                0x2000014c                mutex_enter_timeout_ms
 .time_critical.mutex_exit
                0x200001ec       0x28 CMakeFiles/sx2_indicator.dir/C_/Users/hra/Documents/github/sangria_firmware/pico-sdk/src/common/pico_sync/mutex.c.obj
                0x200001ec                mutex_exit
 .time_critical.spi_write_blocking
                0x20000214       0x4c CMakeFiles/sx2_indicator.dir/C_/Users/hra/Documents/github/sangria_firmware/pico-sdk/src/rp2_common/hardware_spi/spi.c.obj
                0x20000214                spi_write_blocking
 *(.text*)
 .text          0x20000260        0x4 c:/progra~2/gnu arm embedded toolchain/10 2020-q4-major/bin/../lib/gcc/arm-none-eabi/10.2.1/thumb/v6-m/nofp\libgcc.a(_dvmd_tls.o)
                0x20000260                __aeabi_idiv0
                0x20000260                __aeabi_ldiv0
 *fill*         0x20000264        0x4 
 .text.__stub   0x20000268       0x30 linker stubs
                0x20000298                . = ALIGN (0x4)
 *(.rodata*)
                0x20000298                . = ALIGN (0x4)
 *(.data*)
 .data.grp_mouse_height
                0x20000298        0x4 CMakeFiles/sx2_indicator.dir/main.cpp.obj
                0x20000298                grp_mouse_height
 .data.grp_mouse_width
                0x2000029c        0x4 CMakeFiles/sx2_indicator.dir/main.cpp.obj
                0x2000029c                grp_mouse_width
 .data.striped_spin_lock_num
                0x200002a0        0x1 CMakeFiles/sx2_indicator.dir/C_/Users/hra/Documents/github/sangria_firmware/pico-sdk/src/rp2_common/hardware_sync/sync.c.obj
 *fill*         0x200002a1        0x3 
 .data          0x200002a4       0x48 CMakeFiles/sx2_indicator.dir/C_/Users/hra/Documents/github/sangria_firmware/pico-sdk/src/rp2_common/hardware_irq/irq_handler_chain.S.obj
                0x200002a4                irq_handler_chain_slots
                0x200002d4                irq_handler_chain_first_slot
                0x200002de                irq_handler_chain_remove_tail
 .data.default_alarm_pool
                0x200002ec       0x18 CMakeFiles/sx2_indicator.dir/C_/Users/hra/Documents/github/sangria_firmware/pico-sdk/src/common/pico_time/time.c.obj
 .data.default_alarm_pool_heap
                0x20000304       0x10 CMakeFiles/sx2_indicator.dir/C_/Users/hra/Documents/github/sangria_firmware/pico-sdk/src/common/pico_time/time.c.obj
 *fill*         0x20000314        0xc 
 .data.aeabi_bits_funcs
                0x20000320       0x10 CMakeFiles/sx2_indicator.dir/C_/Users/hra/Documents/github/sangria_firmware/pico-sdk/src/rp2_common/pico_bit_ops/bit_ops_aeabi.S.obj
                0x20000320                aeabi_bits_funcs
                0x20000330                aeabi_bits_funcs_end
 .data.aeabi_mem_funcs
                0x20000330       0x10 CMakeFiles/sx2_indicator.dir/C_/Users/hra/Documents/github/sangria_firmware/pico-sdk/src/rp2_common/pico_mem_ops/mem_ops_aeabi.S.obj
                0x20000330                aeabi_mem_funcs
                0x20000340                aeabi_mem_funcs_end
 .data.stdio_uart
                0x20000340       0x14 CMakeFiles/sx2_indicator.dir/C_/Users/hra/Documents/github/sangria_firmware/pico-sdk/src/rp2_common/pico_stdio_uart/stdio_uart.c.obj
                0x20000340                stdio_uart
 .data.ep_dir_string
                0x20000354        0x8 CMakeFiles/sx2_indicator.dir/C_/Users/hra/Documents/github/sangria_firmware/pico-sdk/lib/tinyusb/src/portable/raspberrypi/rp2040/rp2040_usb.c.obj
                0x20000354                ep_dir_string
 .data._usbh_qdef
                0x2000035c       0x24 CMakeFiles/sx2_indicator.dir/C_/Users/hra/Documents/github/sangria_firmware/pico-sdk/lib/tinyusb/src/host/usbh.c.obj
                0x2000035c                _usbh_qdef
                0x20000380                . = ALIGN (0x4)
 *(.after_data.*)
                0x20000380                . = ALIGN (0x4)
                0x20000380                PROVIDE (__mutex_array_start = .)
 *(SORT_BY_NAME(.mutex_array.*))
 *(.mutex_array)
 .mutex_array   0x20000380        0x8 CMakeFiles/sx2_indicator.dir/C_/Users/hra/Documents/github/sangria_firmware/pico-sdk/src/rp2_common/pico_malloc/pico_malloc.c.obj
 .mutex_array   0x20000388        0x8 CMakeFiles/sx2_indicator.dir/C_/Users/hra/Documents/github/sangria_firmware/pico-sdk/src/rp2_common/pico_stdio/stdio.c.obj
                0x20000390                PROVIDE (__mutex_array_end = .)
                0x20000390                . = ALIGN (0x4)
                0x20000390                PROVIDE (__preinit_array_start = .)
 *(SORT_BY_NAME(.preinit_array.*))
 .preinit_array.00001
                0x20000390        0x4 CMakeFiles/sx2_indicator.dir/C_/Users/hra/Documents/github/sangria_firmware/pico-sdk/src/rp2_common/pico_mem_ops/mem_ops_aeabi.S.obj
 .preinit_array.00010
                0x20000394        0x4 CMakeFiles/sx2_indicator.dir/C_/Users/hra/Documents/github/sangria_firmware/pico-sdk/src/rp2_common/pico_bit_ops/bit_ops_aeabi.S.obj
 .preinit_array.00020
                0x20000398        0x4 CMakeFiles/sx2_indicator.dir/C_/Users/hra/Documents/github/sangria_firmware/pico-sdk/src/rp2_common/pico_double/double_aeabi.S.obj
 .preinit_array.00020
                0x2000039c        0x4 CMakeFiles/sx2_indicator.dir/C_/Users/hra/Documents/github/sangria_firmware/pico-sdk/src/rp2_common/pico_float/float_aeabi.S.obj
 *(.preinit_array)
                0x200003a0                PROVIDE (__preinit_array_end = .)
                0x200003a0                . = ALIGN (0x4)
                0x200003a0                PROVIDE (__init_array_start = .)
 *(SORT_BY_NAME(.init_array.*))
 *(.init_array)
 .init_array    0x200003a0        0x4 c:/progra~2/gnu arm embedded toolchain/10 2020-q4-major/bin/../lib/gcc/arm-none-eabi/10.2.1/thumb/v6-m/nofp/crtbegin.o
                0x200003a4                PROVIDE (__init_array_end = .)
                0x200003a4                . = ALIGN (0x4)
                [!provide]                PROVIDE (__fini_array_start = .)
 *(SORT_BY_NAME(.fini_array.*))
 *(.fini_array)
                [!provide]                PROVIDE (__fini_array_end = .)
 *(.jcr)
                0x200003a4                . = ALIGN (0x4)
                0x200003a4                __data_end__ = .

.igot.plt       0x200003a4        0x0 load address 0x1002b2d0
 .igot.plt      0x200003a4        0x0 c:/progra~2/gnu arm embedded toolchain/10 2020-q4-major/bin/../lib/gcc/arm-none-eabi/10.2.1/thumb/v6-m/nofp/crtbegin.o

.uninitialized_data
                0x200003a4        0x0 load address 0x1002b2d0
                0x200003a4                . = ALIGN (0x4)
 *(.uninitialized_data*)

.scratch_x      0x20040000        0x0 load address 0x1002b2d0
                0x20040000                __scratch_x_start__ = .
 *(.scratch_x.*)
                0x20040000                . = ALIGN (0x4)
                0x20040000                __scratch_x_end__ = .
                0x1002b2d0                __scratch_x_source__ = LOADADDR (.scratch_x)

.scratch_y      0x20041000        0x0 load address 0x1002b2d0
                0x20041000                __scratch_y_start__ = .
 *(.scratch_y.*)
                0x20041000                . = ALIGN (0x4)
                0x20041000                __scratch_y_end__ = .
                0x1002b2d0                __scratch_y_source__ = LOADADDR (.scratch_y)

.bss            0x200003a8    0x2044c
                0x200003a8                . = ALIGN (0x4)
                0x200003a8                __bss_start__ = .
 *(SORT_BY_ALIGNMENT(SORT_BY_NAME(.bss*)))
 .bss.default_alarm_pool_entries
                0x200003a8      0x100 CMakeFiles/sx2_indicator.dir/C_/Users/hra/Documents/github/sangria_firmware/pico-sdk/src/common/pico_time/time.c.obj
 .bss.sd_table  0x200004a8      0x100 CMakeFiles/sx2_indicator.dir/C_/Users/hra/Documents/github/sangria_firmware/pico-sdk/src/rp2_common/pico_double/double_init_rom.c.obj
                0x200004a8                sd_table
 .bss.sf_table  0x200005a8      0x100 CMakeFiles/sx2_indicator.dir/C_/Users/hra/Documents/github/sangria_firmware/pico-sdk/src/rp2_common/pico_float/float_init_rom.c.obj
                0x200005a8                sf_table
 .bss           0x200006a8       0x1c c:/progra~2/gnu arm embedded toolchain/10 2020-q4-major/bin/../lib/gcc/arm-none-eabi/10.2.1/thumb/v6-m/nofp/crtbegin.o
 .bss._ZL13dma_tx_config
                0x200006c4        0x4 CMakeFiles/sx2_indicator.dir/tft_driver.cpp.obj
 .bss._ZL14dma_tx_channel
                0x200006c8        0x4 CMakeFiles/sx2_indicator.dir/tft_driver.cpp.obj
 .bss._ZL17chip_select_count
                0x200006cc        0x4 CMakeFiles/sx2_indicator.dir/tft_driver.cpp.obj
 .bss._ZL7buffer1
                0x200006d0     0xfd20 CMakeFiles/sx2_indicator.dir/main.cpp.obj
 .bss._ZL7buffer2
                0x200103f0     0xfd20 CMakeFiles/sx2_indicator.dir/main.cpp.obj
 .bss._ctrl_xfer
                0x20020110       0x14 CMakeFiles/sx2_indicator.dir/C_/Users/hra/Documents/github/sangria_firmware/pico-sdk/lib/tinyusb/src/host/usbh_control.c.obj
 .bss._dev0     0x20020124        0x5 CMakeFiles/sx2_indicator.dir/C_/Users/hra/Documents/github/sangria_firmware/pico-sdk/lib/tinyusb/src/host/usbh.c.obj
 *fill*         0x20020129        0x3 
 .bss._hidh_dev
                0x2002012c      0x11a CMakeFiles/sx2_indicator.dir/C_/Users/hra/Documents/github/sangria_firmware/pico-sdk/lib/tinyusb/src/class/hid/hid_host.c.obj
 *fill*         0x20020246        0x2 
 .bss._hub_buffer
                0x20020248        0x9 CMakeFiles/sx2_indicator.dir/C_/Users/hra/Documents/github/sangria_firmware/pico-sdk/lib/tinyusb/src/host/hub.c.obj
 *fill*         0x20020251        0x3 
 .bss._usbh_ctrl_buf
                0x20020254      0x100 CMakeFiles/sx2_indicator.dir/C_/Users/hra/Documents/github/sangria_firmware/pico-sdk/lib/tinyusb/src/host/usbh.c.obj
 .bss._usbh_devices
                0x20020354       0xa0 CMakeFiles/sx2_indicator.dir/C_/Users/hra/Documents/github/sangria_firmware/pico-sdk/lib/tinyusb/src/host/usbh.c.obj
                0x20020354                _usbh_devices
 .bss._usbh_q   0x200203f4        0x4 CMakeFiles/sx2_indicator.dir/C_/Users/hra/Documents/github/sangria_firmware/pico-sdk/lib/tinyusb/src/host/usbh.c.obj
 .bss._usbh_qdef_buf
                0x200203f8       0xc0 CMakeFiles/sx2_indicator.dir/C_/Users/hra/Documents/github/sangria_firmware/pico-sdk/lib/tinyusb/src/host/usbh.c.obj
                0x200203f8                _usbh_qdef_buf
 .bss.alarm_callbacks
                0x200204b8       0x10 CMakeFiles/sx2_indicator.dir/C_/Users/hra/Documents/github/sangria_firmware/pico-sdk/src/rp2_common/hardware_timer/timer.c.obj
 .bss.claimed   0x200204c8        0x4 CMakeFiles/sx2_indicator.dir/C_/Users/hra/Documents/github/sangria_firmware/pico-sdk/src/rp2_common/hardware_sync/sync.c.obj
 .bss.configured_freq
                0x200204cc       0x28 CMakeFiles/sx2_indicator.dir/C_/Users/hra/Documents/github/sangria_firmware/pico-sdk/src/rp2_common/hardware_clocks/clocks.c.obj
 .bss.default_alarm_pool_entry_ids_high
                0x200204f4       0x10 CMakeFiles/sx2_indicator.dir/C_/Users/hra/Documents/github/sangria_firmware/pico-sdk/src/common/pico_time/time.c.obj
 .bss.default_alarm_pool_heap_nodes
                0x20020504       0x30 CMakeFiles/sx2_indicator.dir/C_/Users/hra/Documents/github/sangria_firmware/pico-sdk/src/common/pico_time/time.c.obj
 .bss.drivers   0x20020534        0x4 CMakeFiles/sx2_indicator.dir/C_/Users/hra/Documents/github/sangria_firmware/pico-sdk/src/rp2_common/pico_stdio/stdio.c.obj
 .bss.ep_pool   0x20020538      0x240 CMakeFiles/sx2_indicator.dir/C_/Users/hra/Documents/github/sangria_firmware/pico-sdk/lib/tinyusb/src/portable/raspberrypi/rp2040/hcd_rp2040.c.obj
 .bss.filter    0x20020778        0x4 CMakeFiles/sx2_indicator.dir/C_/Users/hra/Documents/github/sangria_firmware/pico-sdk/src/rp2_common/pico_stdio/stdio.c.obj
 .bss.hub_data  0x2002077c        0x8 CMakeFiles/sx2_indicator.dir/C_/Users/hra/Documents/github/sangria_firmware/pico-sdk/lib/tinyusb/src/host/hub.c.obj
 .bss.lazy_vsnprintf
                0x20020784        0x4 CMakeFiles/sx2_indicator.dir/C_/Users/hra/Documents/github/sangria_firmware/pico-sdk/src/rp2_common/pico_printf/printf.c.obj
 .bss.mouse_button
                0x20020788        0x4 CMakeFiles/sx2_indicator.dir/usb_host_driver.c.obj
 .bss.mouse_resolution
                0x2002078c        0x4 CMakeFiles/sx2_indicator.dir/usb_host_driver.c.obj
 .bss.pools     0x20020790       0x10 CMakeFiles/sx2_indicator.dir/C_/Users/hra/Documents/github/sangria_firmware/pico-sdk/src/common/pico_time/time.c.obj
 .bss.report_count
                0x200207a0        0x2 CMakeFiles/sx2_indicator.dir/usb_host_driver.c.obj
 *fill*         0x200207a2        0x2 
 .bss.report_info_arr
                0x200207a4       0x20 CMakeFiles/sx2_indicator.dir/usb_host_driver.c.obj
 .bss.sf_clz_func
                0x200207c4        0x4 CMakeFiles/sx2_indicator.dir/C_/Users/hra/Documents/github/sangria_firmware/pico-sdk/src/rp2_common/pico_double/double_init_rom.c.obj
                0x200207c4                sf_clz_func
 .bss.sleep_notifier
                0x200207c8        0x4 CMakeFiles/sx2_indicator.dir/C_/Users/hra/Documents/github/sangria_firmware/pico-sdk/src/common/pico_time/time.c.obj
 .bss.target_hi
                0x200207cc       0x10 CMakeFiles/sx2_indicator.dir/C_/Users/hra/Documents/github/sangria_firmware/pico-sdk/src/rp2_common/hardware_timer/timer.c.obj
 .bss.uart_char_to_line_feed
                0x200207dc        0x4 CMakeFiles/sx2_indicator.dir/C_/Users/hra/Documents/github/sangria_firmware/pico-sdk/src/rp2_common/hardware_uart/uart.c.obj
                0x200207dc                uart_char_to_line_feed
 .bss.uart_inst
                0x200207e0        0x4 CMakeFiles/sx2_indicator.dir/C_/Users/hra/Documents/github/sangria_firmware/pico-sdk/lib/tinyusb/hw/bsp/rp2040/family.c.obj
 .bss.uart_instance
                0x200207e4        0x4 CMakeFiles/sx2_indicator.dir/C_/Users/hra/Documents/github/sangria_firmware/pico-sdk/src/rp2_common/pico_stdio_uart/stdio_uart.c.obj
 .bss._claimed  0x200207e8        0x2 CMakeFiles/sx2_indicator.dir/C_/Users/hra/Documents/github/sangria_firmware/pico-sdk/src/rp2_common/hardware_dma/dma.c.obj
 .bss.mouse_delta_x
                0x200207ea        0x2 CMakeFiles/sx2_indicator.dir/usb_host_driver.c.obj
 .bss.mouse_delta_y
                0x200207ec        0x2 CMakeFiles/sx2_indicator.dir/usb_host_driver.c.obj
 .bss._usbh_initialized
                0x200207ee        0x1 CMakeFiles/sx2_indicator.dir/C_/Users/hra/Documents/github/sangria_firmware/pico-sdk/lib/tinyusb/src/host/usbh.c.obj
 .bss.claimed   0x200207ef        0x1 CMakeFiles/sx2_indicator.dir/C_/Users/hra/Documents/github/sangria_firmware/pico-sdk/src/rp2_common/hardware_timer/timer.c.obj
 .bss.irq_hander_chain_free_slot_head
                0x200207f0        0x1 CMakeFiles/sx2_indicator.dir/C_/Users/hra/Documents/github/sangria_firmware/pico-sdk/src/rp2_common/hardware_irq/irq.c.obj
 .bss.mouse_consume_data
                0x200207f1        0x1 CMakeFiles/sx2_indicator.dir/usb_host_driver.c.obj
 .bss.mouse_is_active
                0x200207f2        0x1 CMakeFiles/sx2_indicator.dir/usb_host_driver.c.obj
 .bss.timer_callbacks_pending
                0x200207f3        0x1 CMakeFiles/sx2_indicator.dir/C_/Users/hra/Documents/github/sangria_firmware/pico-sdk/src/rp2_common/hardware_timer/timer.c.obj
 *(COMMON)
                0x200207f4                . = ALIGN (0x4)
                0x200207f4                __bss_end__ = .

.heap           0x200207f4      0x800
                0x200207f4                __end__ = .
                0x200207f4                end = __end__
 *(.heap*)
 .heap          0x200207f4      0x800 CMakeFiles/sx2_indicator.dir/C_/Users/hra/Documents/github/sangria_firmware/pico-sdk/src/rp2_common/pico_standard_link/crt0.S.obj
                0x20020ff4                __HeapLimit = .

.stack1_dummy   0x20040000      0x800
 *(.stack1*)
 .stack1        0x20040000      0x800 CMakeFiles/sx2_indicator.dir/C_/Users/hra/Documents/github/sangria_firmware/pico-sdk/src/rp2_common/pico_multicore/multicore.c.obj

.stack_dummy    0x20041000      0x800
 *(.stack*)
 .stack         0x20041000      0x800 CMakeFiles/sx2_indicator.dir/C_/Users/hra/Documents/github/sangria_firmware/pico-sdk/src/rp2_common/pico_standard_link/crt0.S.obj

.flash_end      0x1002b2d0        0x0
                0x1002b2d0                __flash_binary_end = .
                0x20040000                __StackLimit = (ORIGIN (RAM) + LENGTH (RAM))
                0x20041000                __StackOneTop = (ORIGIN (SCRATCH_X) + LENGTH (SCRATCH_X))
                0x20042000                __StackTop = (ORIGIN (SCRATCH_Y) + LENGTH (SCRATCH_Y))
                0x20040800                __StackOneBottom = (__StackOneTop - SIZEOF (.stack1_dummy))
                0x20041800                __StackBottom = (__StackTop - SIZEOF (.stack_dummy))
                0x20042000                PROVIDE (__stack = __StackTop)
                0x00000001                ASSERT ((__StackLimit >= __HeapLimit), region RAM overflowed)
                0x00000001                ASSERT (((__binary_info_header_end - __logical_binary_start) <= 0x100), Binary info must be in first 256 bytes of the binary)
LOAD CMakeFiles/sx2_indicator.dir/main.cpp.obj
LOAD CMakeFiles/sx2_indicator.dir/tft_driver.cpp.obj
LOAD CMakeFiles/sx2_indicator.dir/usb_host_driver.c.obj
LOAD CMakeFiles/sx2_indicator.dir/C_/Users/hra/Documents/github/sangria_firmware/pico-sdk/src/rp2_common/pico_stdlib/stdlib.c.obj
LOAD CMakeFiles/sx2_indicator.dir/C_/Users/hra/Documents/github/sangria_firmware/pico-sdk/src/rp2_common/hardware_gpio/gpio.c.obj
LOAD CMakeFiles/sx2_indicator.dir/C_/Users/hra/Documents/github/sangria_firmware/pico-sdk/src/rp2_common/hardware_claim/claim.c.obj
LOAD CMakeFiles/sx2_indicator.dir/C_/Users/hra/Documents/github/sangria_firmware/pico-sdk/src/rp2_common/pico_platform/platform.c.obj
LOAD CMakeFiles/sx2_indicator.dir/C_/Users/hra/Documents/github/sangria_firmware/pico-sdk/src/rp2_common/hardware_sync/sync.c.obj
LOAD CMakeFiles/sx2_indicator.dir/C_/Users/hra/Documents/github/sangria_firmware/pico-sdk/src/rp2_common/hardware_irq/irq.c.obj
LOAD CMakeFiles/sx2_indicator.dir/C_/Users/hra/Documents/github/sangria_firmware/pico-sdk/src/rp2_common/hardware_irq/irq_handler_chain.S.obj
LOAD CMakeFiles/sx2_indicator.dir/C_/Users/hra/Documents/github/sangria_firmware/pico-sdk/src/common/pico_sync/sem.c.obj
LOAD CMakeFiles/sx2_indicator.dir/C_/Users/hra/Documents/github/sangria_firmware/pico-sdk/src/common/pico_sync/lock_core.c.obj
LOAD CMakeFiles/sx2_indicator.dir/C_/Users/hra/Documents/github/sangria_firmware/pico-sdk/src/common/pico_time/time.c.obj
LOAD CMakeFiles/sx2_indicator.dir/C_/Users/hra/Documents/github/sangria_firmware/pico-sdk/src/common/pico_time/timeout_helper.c.obj
LOAD CMakeFiles/sx2_indicator.dir/C_/Users/hra/Documents/github/sangria_firmware/pico-sdk/src/rp2_common/hardware_timer/timer.c.obj
LOAD CMakeFiles/sx2_indicator.dir/C_/Users/hra/Documents/github/sangria_firmware/pico-sdk/src/common/pico_util/datetime.c.obj
LOAD CMakeFiles/sx2_indicator.dir/C_/Users/hra/Documents/github/sangria_firmware/pico-sdk/src/common/pico_util/pheap.c.obj
LOAD CMakeFiles/sx2_indicator.dir/C_/Users/hra/Documents/github/sangria_firmware/pico-sdk/src/common/pico_util/queue.c.obj
LOAD CMakeFiles/sx2_indicator.dir/C_/Users/hra/Documents/github/sangria_firmware/pico-sdk/src/common/pico_sync/mutex.c.obj
LOAD CMakeFiles/sx2_indicator.dir/C_/Users/hra/Documents/github/sangria_firmware/pico-sdk/src/common/pico_sync/critical_section.c.obj
LOAD CMakeFiles/sx2_indicator.dir/C_/Users/hra/Documents/github/sangria_firmware/pico-sdk/src/rp2_common/hardware_uart/uart.c.obj
LOAD CMakeFiles/sx2_indicator.dir/C_/Users/hra/Documents/github/sangria_firmware/pico-sdk/src/rp2_common/hardware_divider/divider.S.obj
LOAD CMakeFiles/sx2_indicator.dir/C_/Users/hra/Documents/github/sangria_firmware/pico-sdk/src/rp2_common/pico_runtime/runtime.c.obj
LOAD CMakeFiles/sx2_indicator.dir/C_/Users/hra/Documents/github/sangria_firmware/pico-sdk/src/rp2_common/hardware_clocks/clocks.c.obj
LOAD CMakeFiles/sx2_indicator.dir/C_/Users/hra/Documents/github/sangria_firmware/pico-sdk/src/rp2_common/hardware_pll/pll.c.obj
LOAD CMakeFiles/sx2_indicator.dir/C_/Users/hra/Documents/github/sangria_firmware/pico-sdk/src/rp2_common/hardware_vreg/vreg.c.obj
LOAD CMakeFiles/sx2_indicator.dir/C_/Users/hra/Documents/github/sangria_firmware/pico-sdk/src/rp2_common/hardware_watchdog/watchdog.c.obj
LOAD CMakeFiles/sx2_indicator.dir/C_/Users/hra/Documents/github/sangria_firmware/pico-sdk/src/rp2_common/hardware_xosc/xosc.c.obj
LOAD CMakeFiles/sx2_indicator.dir/C_/Users/hra/Documents/github/sangria_firmware/pico-sdk/src/rp2_common/pico_printf/printf.c.obj
LOAD CMakeFiles/sx2_indicator.dir/C_/Users/hra/Documents/github/sangria_firmware/pico-sdk/src/rp2_common/pico_bit_ops/bit_ops_aeabi.S.obj
LOAD CMakeFiles/sx2_indicator.dir/C_/Users/hra/Documents/github/sangria_firmware/pico-sdk/src/rp2_common/pico_bootrom/bootrom.c.obj
LOAD CMakeFiles/sx2_indicator.dir/C_/Users/hra/Documents/github/sangria_firmware/pico-sdk/src/rp2_common/pico_divider/divider.S.obj
LOAD CMakeFiles/sx2_indicator.dir/C_/Users/hra/Documents/github/sangria_firmware/pico-sdk/src/rp2_common/pico_double/double_aeabi.S.obj
LOAD CMakeFiles/sx2_indicator.dir/C_/Users/hra/Documents/github/sangria_firmware/pico-sdk/src/rp2_common/pico_double/double_init_rom.c.obj
LOAD CMakeFiles/sx2_indicator.dir/C_/Users/hra/Documents/github/sangria_firmware/pico-sdk/src/rp2_common/pico_double/double_math.c.obj
LOAD CMakeFiles/sx2_indicator.dir/C_/Users/hra/Documents/github/sangria_firmware/pico-sdk/src/rp2_common/pico_double/double_v1_rom_shim.S.obj
LOAD CMakeFiles/sx2_indicator.dir/C_/Users/hra/Documents/github/sangria_firmware/pico-sdk/src/rp2_common/pico_int64_ops/pico_int64_ops_aeabi.S.obj
LOAD CMakeFiles/sx2_indicator.dir/C_/Users/hra/Documents/github/sangria_firmware/pico-sdk/src/rp2_common/pico_float/float_aeabi.S.obj
LOAD CMakeFiles/sx2_indicator.dir/C_/Users/hra/Documents/github/sangria_firmware/pico-sdk/src/rp2_common/pico_float/float_init_rom.c.obj
LOAD CMakeFiles/sx2_indicator.dir/C_/Users/hra/Documents/github/sangria_firmware/pico-sdk/src/rp2_common/pico_float/float_math.c.obj
LOAD CMakeFiles/sx2_indicator.dir/C_/Users/hra/Documents/github/sangria_firmware/pico-sdk/src/rp2_common/pico_float/float_v1_rom_shim.S.obj
LOAD CMakeFiles/sx2_indicator.dir/C_/Users/hra/Documents/github/sangria_firmware/pico-sdk/src/rp2_common/pico_malloc/pico_malloc.c.obj
LOAD CMakeFiles/sx2_indicator.dir/C_/Users/hra/Documents/github/sangria_firmware/pico-sdk/src/rp2_common/pico_mem_ops/mem_ops_aeabi.S.obj
LOAD CMakeFiles/sx2_indicator.dir/C_/Users/hra/Documents/github/sangria_firmware/pico-sdk/src/rp2_common/pico_standard_link/crt0.S.obj
LOAD CMakeFiles/sx2_indicator.dir/C_/Users/hra/Documents/github/sangria_firmware/pico-sdk/src/rp2_common/pico_standard_link/new_delete.cpp.obj
LOAD CMakeFiles/sx2_indicator.dir/C_/Users/hra/Documents/github/sangria_firmware/pico-sdk/src/rp2_common/pico_standard_link/binary_info.c.obj
LOAD CMakeFiles/sx2_indicator.dir/C_/Users/hra/Documents/github/sangria_firmware/pico-sdk/src/rp2_common/pico_stdio/stdio.c.obj
LOAD CMakeFiles/sx2_indicator.dir/C_/Users/hra/Documents/github/sangria_firmware/pico-sdk/src/rp2_common/pico_stdio_uart/stdio_uart.c.obj
LOAD CMakeFiles/sx2_indicator.dir/C_/Users/hra/Documents/github/sangria_firmware/pico-sdk/src/rp2_common/hardware_spi/spi.c.obj
LOAD CMakeFiles/sx2_indicator.dir/C_/Users/hra/Documents/github/sangria_firmware/pico-sdk/src/rp2_common/hardware_dma/dma.c.obj
LOAD CMakeFiles/sx2_indicator.dir/C_/Users/hra/Documents/github/sangria_firmware/pico-sdk/src/rp2_common/pico_multicore/multicore.c.obj
LOAD CMakeFiles/sx2_indicator.dir/C_/Users/hra/Documents/github/sangria_firmware/pico-sdk/lib/tinyusb/src/portable/raspberrypi/rp2040/hcd_rp2040.c.obj
LOAD CMakeFiles/sx2_indicator.dir/C_/Users/hra/Documents/github/sangria_firmware/pico-sdk/lib/tinyusb/src/portable/raspberrypi/rp2040/rp2040_usb.c.obj
LOAD CMakeFiles/sx2_indicator.dir/C_/Users/hra/Documents/github/sangria_firmware/pico-sdk/lib/tinyusb/src/host/usbh.c.obj
LOAD CMakeFiles/sx2_indicator.dir/C_/Users/hra/Documents/github/sangria_firmware/pico-sdk/lib/tinyusb/src/host/usbh_control.c.obj
LOAD CMakeFiles/sx2_indicator.dir/C_/Users/hra/Documents/github/sangria_firmware/pico-sdk/lib/tinyusb/src/host/hub.c.obj
LOAD CMakeFiles/sx2_indicator.dir/C_/Users/hra/Documents/github/sangria_firmware/pico-sdk/lib/tinyusb/src/class/cdc/cdc_host.c.obj
LOAD CMakeFiles/sx2_indicator.dir/C_/Users/hra/Documents/github/sangria_firmware/pico-sdk/lib/tinyusb/src/class/hid/hid_host.c.obj
LOAD CMakeFiles/sx2_indicator.dir/C_/Users/hra/Documents/github/sangria_firmware/pico-sdk/lib/tinyusb/src/class/msc/msc_host.c.obj
LOAD CMakeFiles/sx2_indicator.dir/C_/Users/hra/Documents/github/sangria_firmware/pico-sdk/lib/tinyusb/src/class/vendor/vendor_host.c.obj
LOAD CMakeFiles/sx2_indicator.dir/C_/Users/hra/Documents/github/sangria_firmware/pico-sdk/lib/tinyusb/src/tusb.c.obj
LOAD CMakeFiles/sx2_indicator.dir/C_/Users/hra/Documents/github/sangria_firmware/pico-sdk/lib/tinyusb/src/common/tusb_fifo.c.obj
LOAD CMakeFiles/sx2_indicator.dir/C_/Users/hra/Documents/github/sangria_firmware/pico-sdk/lib/tinyusb/hw/bsp/rp2040/family.c.obj
LOAD C:\Users\hra\AppData\Local\Temp\ccisF8ve.o
LOAD c:/progra~2/gnu arm embedded toolchain/10 2020-q4-major/bin/../lib/gcc/arm-none-eabi/10.2.1/../../../../arm-none-eabi/lib/thumb/v6-m/nofp\libstdc++.a
LOAD c:/progra~2/gnu arm embedded toolchain/10 2020-q4-major/bin/../lib/gcc/arm-none-eabi/10.2.1/../../../../arm-none-eabi/lib/thumb/v6-m/nofp\libm.a
START GROUP
LOAD c:/progra~2/gnu arm embedded toolchain/10 2020-q4-major/bin/../lib/gcc/arm-none-eabi/10.2.1/thumb/v6-m/nofp\libgcc.a
LOAD c:/progra~2/gnu arm embedded toolchain/10 2020-q4-major/bin/../lib/gcc/arm-none-eabi/10.2.1/../../../../arm-none-eabi/lib/thumb/v6-m/nofp\libc.a
END GROUP
START GROUP
LOAD c:/progra~2/gnu arm embedded toolchain/10 2020-q4-major/bin/../lib/gcc/arm-none-eabi/10.2.1/thumb/v6-m/nofp\libgcc.a
LOAD c:/progra~2/gnu arm embedded toolchain/10 2020-q4-major/bin/../lib/gcc/arm-none-eabi/10.2.1/../../../../arm-none-eabi/lib/thumb/v6-m/nofp\libc.a
LOAD c:/progra~2/gnu arm embedded toolchain/10 2020-q4-major/bin/../lib/gcc/arm-none-eabi/10.2.1/../../../../arm-none-eabi/lib/thumb/v6-m/nofp\libnosys.a
END GROUP
LOAD c:/progra~2/gnu arm embedded toolchain/10 2020-q4-major/bin/../lib/gcc/arm-none-eabi/10.2.1/thumb/v6-m/nofp/crtend.o
LOAD c:/progra~2/gnu arm embedded toolchain/10 2020-q4-major/bin/../lib/gcc/arm-none-eabi/10.2.1/thumb/v6-m/nofp/crtn.o
OUTPUT(sx2_indicator.elf elf32-littlearm)
LOAD linker stubs

.ARM.attributes
                0x00000000       0x28
 .ARM.attributes
                0x00000000       0x1e c:/progra~2/gnu arm embedded toolchain/10 2020-q4-major/bin/../lib/gcc/arm-none-eabi/10.2.1/thumb/v6-m/nofp/crti.o
 .ARM.attributes
                0x0000001e       0x2c c:/progra~2/gnu arm embedded toolchain/10 2020-q4-major/bin/../lib/gcc/arm-none-eabi/10.2.1/thumb/v6-m/nofp/crtbegin.o
 .ARM.attributes
                0x0000004a       0x2c CMakeFiles/sx2_indicator.dir/main.cpp.obj
 .ARM.attributes
                0x00000076       0x2c CMakeFiles/sx2_indicator.dir/tft_driver.cpp.obj
 .ARM.attributes
                0x000000a2       0x2c CMakeFiles/sx2_indicator.dir/usb_host_driver.c.obj
 .ARM.attributes
                0x000000ce       0x2c CMakeFiles/sx2_indicator.dir/C_/Users/hra/Documents/github/sangria_firmware/pico-sdk/src/rp2_common/hardware_gpio/gpio.c.obj
 .ARM.attributes
                0x000000fa       0x2c CMakeFiles/sx2_indicator.dir/C_/Users/hra/Documents/github/sangria_firmware/pico-sdk/src/rp2_common/hardware_claim/claim.c.obj
 .ARM.attributes
                0x00000126       0x2c CMakeFiles/sx2_indicator.dir/C_/Users/hra/Documents/github/sangria_firmware/pico-sdk/src/rp2_common/pico_platform/platform.c.obj
 .ARM.attributes
                0x00000152       0x2c CMakeFiles/sx2_indicator.dir/C_/Users/hra/Documents/github/sangria_firmware/pico-sdk/src/rp2_common/hardware_sync/sync.c.obj
 .ARM.attributes
                0x0000017e       0x2c CMakeFiles/sx2_indicator.dir/C_/Users/hra/Documents/github/sangria_firmware/pico-sdk/src/rp2_common/hardware_irq/irq.c.obj
 .ARM.attributes
                0x000001aa       0x22 CMakeFiles/sx2_indicator.dir/C_/Users/hra/Documents/github/sangria_firmware/pico-sdk/src/rp2_common/hardware_irq/irq_handler_chain.S.obj
 .ARM.attributes
                0x000001cc       0x2c CMakeFiles/sx2_indicator.dir/C_/Users/hra/Documents/github/sangria_firmware/pico-sdk/src/common/pico_sync/lock_core.c.obj
 .ARM.attributes
                0x000001f8       0x2c CMakeFiles/sx2_indicator.dir/C_/Users/hra/Documents/github/sangria_firmware/pico-sdk/src/common/pico_time/time.c.obj
 .ARM.attributes
                0x00000224       0x2c CMakeFiles/sx2_indicator.dir/C_/Users/hra/Documents/github/sangria_firmware/pico-sdk/src/rp2_common/hardware_timer/timer.c.obj
 .ARM.attributes
                0x00000250       0x2c CMakeFiles/sx2_indicator.dir/C_/Users/hra/Documents/github/sangria_firmware/pico-sdk/src/common/pico_util/pheap.c.obj
 .ARM.attributes
                0x0000027c       0x2c CMakeFiles/sx2_indicator.dir/C_/Users/hra/Documents/github/sangria_firmware/pico-sdk/src/common/pico_sync/mutex.c.obj
 .ARM.attributes
                0x000002a8       0x2c CMakeFiles/sx2_indicator.dir/C_/Users/hra/Documents/github/sangria_firmware/pico-sdk/src/common/pico_sync/critical_section.c.obj
 .ARM.attributes
                0x000002d4       0x2c CMakeFiles/sx2_indicator.dir/C_/Users/hra/Documents/github/sangria_firmware/pico-sdk/src/rp2_common/hardware_uart/uart.c.obj
 .ARM.attributes
                0x00000300       0x2c CMakeFiles/sx2_indicator.dir/C_/Users/hra/Documents/github/sangria_firmware/pico-sdk/src/rp2_common/pico_runtime/runtime.c.obj
 .ARM.attributes
                0x0000032c       0x2c CMakeFiles/sx2_indicator.dir/C_/Users/hra/Documents/github/sangria_firmware/pico-sdk/src/rp2_common/hardware_clocks/clocks.c.obj
 .ARM.attributes
                0x00000358       0x2c CMakeFiles/sx2_indicator.dir/C_/Users/hra/Documents/github/sangria_firmware/pico-sdk/src/rp2_common/hardware_pll/pll.c.obj
 .ARM.attributes
                0x00000384       0x2c CMakeFiles/sx2_indicator.dir/C_/Users/hra/Documents/github/sangria_firmware/pico-sdk/src/rp2_common/hardware_watchdog/watchdog.c.obj
 .ARM.attributes
                0x000003b0       0x2c CMakeFiles/sx2_indicator.dir/C_/Users/hra/Documents/github/sangria_firmware/pico-sdk/src/rp2_common/hardware_xosc/xosc.c.obj
 .ARM.attributes
                0x000003dc       0x2c CMakeFiles/sx2_indicator.dir/C_/Users/hra/Documents/github/sangria_firmware/pico-sdk/src/rp2_common/pico_printf/printf.c.obj
 .ARM.attributes
                0x00000408       0x22 CMakeFiles/sx2_indicator.dir/C_/Users/hra/Documents/github/sangria_firmware/pico-sdk/src/rp2_common/pico_bit_ops/bit_ops_aeabi.S.obj
 .ARM.attributes
                0x0000042a       0x2c CMakeFiles/sx2_indicator.dir/C_/Users/hra/Documents/github/sangria_firmware/pico-sdk/src/rp2_common/pico_bootrom/bootrom.c.obj
 .ARM.attributes
                0x00000456       0x22 CMakeFiles/sx2_indicator.dir/C_/Users/hra/Documents/github/sangria_firmware/pico-sdk/src/rp2_common/pico_divider/divider.S.obj
 .ARM.attributes
                0x00000478       0x22 CMakeFiles/sx2_indicator.dir/C_/Users/hra/Documents/github/sangria_firmware/pico-sdk/src/rp2_common/pico_double/double_aeabi.S.obj
 .ARM.attributes
                0x0000049a       0x2c CMakeFiles/sx2_indicator.dir/C_/Users/hra/Documents/github/sangria_firmware/pico-sdk/src/rp2_common/pico_double/double_init_rom.c.obj
 .ARM.attributes
                0x000004c6       0x22 CMakeFiles/sx2_indicator.dir/C_/Users/hra/Documents/github/sangria_firmware/pico-sdk/src/rp2_common/pico_double/double_v1_rom_shim.S.obj
 .ARM.attributes
                0x000004e8       0x22 CMakeFiles/sx2_indicator.dir/C_/Users/hra/Documents/github/sangria_firmware/pico-sdk/src/rp2_common/pico_int64_ops/pico_int64_ops_aeabi.S.obj
 .ARM.attributes
                0x0000050a       0x22 CMakeFiles/sx2_indicator.dir/C_/Users/hra/Documents/github/sangria_firmware/pico-sdk/src/rp2_common/pico_float/float_aeabi.S.obj
 .ARM.attributes
                0x0000052c       0x2c CMakeFiles/sx2_indicator.dir/C_/Users/hra/Documents/github/sangria_firmware/pico-sdk/src/rp2_common/pico_float/float_init_rom.c.obj
 .ARM.attributes
                0x00000558       0x22 CMakeFiles/sx2_indicator.dir/C_/Users/hra/Documents/github/sangria_firmware/pico-sdk/src/rp2_common/pico_float/float_v1_rom_shim.S.obj
 .ARM.attributes
                0x0000057a       0x2c CMakeFiles/sx2_indicator.dir/C_/Users/hra/Documents/github/sangria_firmware/pico-sdk/src/rp2_common/pico_malloc/pico_malloc.c.obj
 .ARM.attributes
                0x000005a6       0x22 CMakeFiles/sx2_indicator.dir/C_/Users/hra/Documents/github/sangria_firmware/pico-sdk/src/rp2_common/pico_mem_ops/mem_ops_aeabi.S.obj
 .ARM.attributes
                0x000005c8       0x22 CMakeFiles/sx2_indicator.dir/C_/Users/hra/Documents/github/sangria_firmware/pico-sdk/src/rp2_common/pico_standard_link/crt0.S.obj
 .ARM.attributes
                0x000005ea       0x32 CMakeFiles/sx2_indicator.dir/C_/Users/hra/Documents/github/sangria_firmware/pico-sdk/src/rp2_common/pico_standard_link/binary_info.c.obj
 .ARM.attributes
                0x0000061c       0x2c CMakeFiles/sx2_indicator.dir/C_/Users/hra/Documents/github/sangria_firmware/pico-sdk/src/rp2_common/pico_stdio/stdio.c.obj
 .ARM.attributes
                0x00000648       0x2c CMakeFiles/sx2_indicator.dir/C_/Users/hra/Documents/github/sangria_firmware/pico-sdk/src/rp2_common/pico_stdio_uart/stdio_uart.c.obj
 .ARM.attributes
                0x00000674       0x2c CMakeFiles/sx2_indicator.dir/C_/Users/hra/Documents/github/sangria_firmware/pico-sdk/src/rp2_common/hardware_spi/spi.c.obj
 .ARM.attributes
                0x000006a0       0x2c CMakeFiles/sx2_indicator.dir/C_/Users/hra/Documents/github/sangria_firmware/pico-sdk/src/rp2_common/hardware_dma/dma.c.obj
 .ARM.attributes
                0x000006cc       0x2c CMakeFiles/sx2_indicator.dir/C_/Users/hra/Documents/github/sangria_firmware/pico-sdk/src/rp2_common/pico_multicore/multicore.c.obj
 .ARM.attributes
                0x000006f8       0x2c CMakeFiles/sx2_indicator.dir/C_/Users/hra/Documents/github/sangria_firmware/pico-sdk/lib/tinyusb/src/portable/raspberrypi/rp2040/hcd_rp2040.c.obj
 .ARM.attributes
                0x00000724       0x2c CMakeFiles/sx2_indicator.dir/C_/Users/hra/Documents/github/sangria_firmware/pico-sdk/lib/tinyusb/src/portable/raspberrypi/rp2040/rp2040_usb.c.obj
 .ARM.attributes
                0x00000750       0x2c CMakeFiles/sx2_indicator.dir/C_/Users/hra/Documents/github/sangria_firmware/pico-sdk/lib/tinyusb/src/host/usbh.c.obj
 .ARM.attributes
                0x0000077c       0x2c CMakeFiles/sx2_indicator.dir/C_/Users/hra/Documents/github/sangria_firmware/pico-sdk/lib/tinyusb/src/host/usbh_control.c.obj
 .ARM.attributes
                0x000007a8       0x2c CMakeFiles/sx2_indicator.dir/C_/Users/hra/Documents/github/sangria_firmware/pico-sdk/lib/tinyusb/src/host/hub.c.obj
 .ARM.attributes
                0x000007d4       0x2c CMakeFiles/sx2_indicator.dir/C_/Users/hra/Documents/github/sangria_firmware/pico-sdk/lib/tinyusb/src/class/hid/hid_host.c.obj
 .ARM.attributes
                0x00000800       0x2c CMakeFiles/sx2_indicator.dir/C_/Users/hra/Documents/github/sangria_firmware/pico-sdk/lib/tinyusb/src/tusb.c.obj
 .ARM.attributes
                0x0000082c       0x2c CMakeFiles/sx2_indicator.dir/C_/Users/hra/Documents/github/sangria_firmware/pico-sdk/lib/tinyusb/src/common/tusb_fifo.c.obj
 .ARM.attributes
                0x00000858       0x2c CMakeFiles/sx2_indicator.dir/C_/Users/hra/Documents/github/sangria_firmware/pico-sdk/lib/tinyusb/hw/bsp/rp2040/family.c.obj
 .ARM.attributes
                0x00000884       0x22 C:\Users\hra\AppData\Local\Temp\ccisF8ve.o
 .ARM.attributes
                0x000008a6       0x1e c:/progra~2/gnu arm embedded toolchain/10 2020-q4-major/bin/../lib/gcc/arm-none-eabi/10.2.1/thumb/v6-m/nofp\libgcc.a(_dvmd_tls.o)
 .ARM.attributes
                0x000008c4       0x2c c:/progra~2/gnu arm embedded toolchain/10 2020-q4-major/bin/../lib/gcc/arm-none-eabi/10.2.1/../../../../arm-none-eabi/lib/thumb/v6-m/nofp\libc.a(lib_a-strlen-stub.o)

.comment        0x00000000       0x4d
 .comment       0x00000000       0x4d CMakeFiles/sx2_indicator.dir/main.cpp.obj
                                 0x4e (size before relaxing)
 .comment       0x0000004d       0x4e CMakeFiles/sx2_indicator.dir/tft_driver.cpp.obj
 .comment       0x0000004d       0x4e CMakeFiles/sx2_indicator.dir/usb_host_driver.c.obj
 .comment       0x0000004d       0x4e CMakeFiles/sx2_indicator.dir/C_/Users/hra/Documents/github/sangria_firmware/pico-sdk/src/rp2_common/hardware_gpio/gpio.c.obj
 .comment       0x0000004d       0x4e CMakeFiles/sx2_indicator.dir/C_/Users/hra/Documents/github/sangria_firmware/pico-sdk/src/rp2_common/hardware_claim/claim.c.obj
 .comment       0x0000004d       0x4e CMakeFiles/sx2_indicator.dir/C_/Users/hra/Documents/github/sangria_firmware/pico-sdk/src/rp2_common/pico_platform/platform.c.obj
 .comment       0x0000004d       0x4e CMakeFiles/sx2_indicator.dir/C_/Users/hra/Documents/github/sangria_firmware/pico-sdk/src/rp2_common/hardware_sync/sync.c.obj
 .comment       0x0000004d       0x4e CMakeFiles/sx2_indicator.dir/C_/Users/hra/Documents/github/sangria_firmware/pico-sdk/src/rp2_common/hardware_irq/irq.c.obj
 .comment       0x0000004d       0x4e CMakeFiles/sx2_indicator.dir/C_/Users/hra/Documents/github/sangria_firmware/pico-sdk/src/common/pico_sync/lock_core.c.obj
 .comment       0x0000004d       0x4e CMakeFiles/sx2_indicator.dir/C_/Users/hra/Documents/github/sangria_firmware/pico-sdk/src/common/pico_time/time.c.obj
 .comment       0x0000004d       0x4e CMakeFiles/sx2_indicator.dir/C_/Users/hra/Documents/github/sangria_firmware/pico-sdk/src/rp2_common/hardware_timer/timer.c.obj
 .comment       0x0000004d       0x4e CMakeFiles/sx2_indicator.dir/C_/Users/hra/Documents/github/sangria_firmware/pico-sdk/src/common/pico_util/pheap.c.obj
 .comment       0x0000004d       0x4e CMakeFiles/sx2_indicator.dir/C_/Users/hra/Documents/github/sangria_firmware/pico-sdk/src/common/pico_sync/mutex.c.obj
 .comment       0x0000004d       0x4e CMakeFiles/sx2_indicator.dir/C_/Users/hra/Documents/github/sangria_firmware/pico-sdk/src/common/pico_sync/critical_section.c.obj
 .comment       0x0000004d       0x4e CMakeFiles/sx2_indicator.dir/C_/Users/hra/Documents/github/sangria_firmware/pico-sdk/src/rp2_common/hardware_uart/uart.c.obj
 .comment       0x0000004d       0x4e CMakeFiles/sx2_indicator.dir/C_/Users/hra/Documents/github/sangria_firmware/pico-sdk/src/rp2_common/pico_runtime/runtime.c.obj
 .comment       0x0000004d       0x4e CMakeFiles/sx2_indicator.dir/C_/Users/hra/Documents/github/sangria_firmware/pico-sdk/src/rp2_common/hardware_clocks/clocks.c.obj
 .comment       0x0000004d       0x4e CMakeFiles/sx2_indicator.dir/C_/Users/hra/Documents/github/sangria_firmware/pico-sdk/src/rp2_common/hardware_pll/pll.c.obj
 .comment       0x0000004d       0x4e CMakeFiles/sx2_indicator.dir/C_/Users/hra/Documents/github/sangria_firmware/pico-sdk/src/rp2_common/hardware_watchdog/watchdog.c.obj
 .comment       0x0000004d       0x4e CMakeFiles/sx2_indicator.dir/C_/Users/hra/Documents/github/sangria_firmware/pico-sdk/src/rp2_common/hardware_xosc/xosc.c.obj
 .comment       0x0000004d       0x4e CMakeFiles/sx2_indicator.dir/C_/Users/hra/Documents/github/sangria_firmware/pico-sdk/src/rp2_common/pico_printf/printf.c.obj
 .comment       0x0000004d       0x4e CMakeFiles/sx2_indicator.dir/C_/Users/hra/Documents/github/sangria_firmware/pico-sdk/src/rp2_common/pico_bootrom/bootrom.c.obj
 .comment       0x0000004d       0x4e CMakeFiles/sx2_indicator.dir/C_/Users/hra/Documents/github/sangria_firmware/pico-sdk/src/rp2_common/pico_double/double_init_rom.c.obj
 .comment       0x0000004d       0x4e CMakeFiles/sx2_indicator.dir/C_/Users/hra/Documents/github/sangria_firmware/pico-sdk/src/rp2_common/pico_float/float_init_rom.c.obj
 .comment       0x0000004d       0x4e CMakeFiles/sx2_indicator.dir/C_/Users/hra/Documents/github/sangria_firmware/pico-sdk/src/rp2_common/pico_malloc/pico_malloc.c.obj