Archive member included to satisfy reference by file (symbol)

c:/progra~2/gnu arm embedded toolchain/10 2020-q4-major/bin/../lib/gcc/arm-none-eabi/10.2.1/thumb/v6-m/nofp\libgcc.a(_dvmd_tls.o)
                              CMakeFiles/sx2_indicator.dir/C_/Users/hra/Documents/github/sangria_firmware/pico-sdk/src/rp2_common/pico_divider/divider.S.obj (__aeabi_idiv0)
c:/progra~2/gnu arm embedded toolchain/10 2020-q4-major/bin/../lib/gcc/arm-none-eabi/10.2.1/../../../../arm-none-eabi/lib/thumb/v6-m/nofp\libc.a(lib_a-calloc.o)
                              CMakeFiles/sx2_indicator.dir/C_/Users/hra/Documents/github/sangria_firmware/pico-sdk/src/rp2_common/pico_malloc/pico_malloc.c.obj (calloc)
c:/progra~2/gnu arm embedded toolchain/10 2020-q4-major/bin/../lib/gcc/arm-none-eabi/10.2.1/../../../../arm-none-eabi/lib/thumb/v6-m/nofp\libc.a(lib_a-callocr.o)
                              c:/progra~2/gnu arm embedded toolchain/10 2020-q4-major/bin/../lib/gcc/arm-none-eabi/10.2.1/../../../../arm-none-eabi/lib/thumb/v6-m/nofp\libc.a(lib_a-calloc.o) (_calloc_r)
c:/progra~2/gnu arm embedded toolchain/10 2020-q4-major/bin/../lib/gcc/arm-none-eabi/10.2.1/../../../../arm-none-eabi/lib/thumb/v6-m/nofp\libc.a(lib_a-impure.o)
                              c:/progra~2/gnu arm embedded toolchain/10 2020-q4-major/bin/../lib/gcc/arm-none-eabi/10.2.1/../../../../arm-none-eabi/lib/thumb/v6-m/nofp\libc.a(lib_a-calloc.o) (_impure_ptr)
c:/progra~2/gnu arm embedded toolchain/10 2020-q4-major/bin/../lib/gcc/arm-none-eabi/10.2.1/../../../../arm-none-eabi/lib/thumb/v6-m/nofp\libc.a(lib_a-init.o)
                              c:/progra~2/gnu arm embedded toolchain/10 2020-q4-major/bin/../lib/gcc/arm-none-eabi/10.2.1/../../../../arm-none-eabi/lib/thumb/v6-m/nofp/crt0.o (__libc_init_array)
c:/progra~2/gnu arm embedded toolchain/10 2020-q4-major/bin/../lib/gcc/arm-none-eabi/10.2.1/../../../../arm-none-eabi/lib/thumb/v6-m/nofp\libc.a(lib_a-malloc.o)
                              CMakeFiles/sx2_indicator.dir/C_/Users/hra/Documents/github/sangria_firmware/pico-sdk/src/rp2_common/pico_malloc/pico_malloc.c.obj (malloc)
c:/progra~2/gnu arm embedded toolchain/10 2020-q4-major/bin/../lib/gcc/arm-none-eabi/10.2.1/../../../../arm-none-eabi/lib/thumb/v6-m/nofp\libc.a(lib_a-mallocr.o)
                              c:/progra~2/gnu arm embedded toolchain/10 2020-q4-major/bin/../lib/gcc/arm-none-eabi/10.2.1/../../../../arm-none-eabi/lib/thumb/v6-m/nofp\libc.a(lib_a-callocr.o) (_malloc_r)
c:/progra~2/gnu arm embedded toolchain/10 2020-q4-major/bin/../lib/gcc/arm-none-eabi/10.2.1/../../../../arm-none-eabi/lib/thumb/v6-m/nofp\libc.a(lib_a-mlock.o)
                              c:/progra~2/gnu arm embedded toolchain/10 2020-q4-major/bin/../lib/gcc/arm-none-eabi/10.2.1/../../../../arm-none-eabi/lib/thumb/v6-m/nofp\libc.a(lib_a-mallocr.o) (__malloc_lock)
c:/progra~2/gnu arm embedded toolchain/10 2020-q4-major/bin/../lib/gcc/arm-none-eabi/10.2.1/../../../../arm-none-eabi/lib/thumb/v6-m/nofp\libc.a(lib_a-realloc.o)
                              CMakeFiles/sx2_indicator.dir/C_/Users/hra/Documents/github/sangria_firmware/pico-sdk/src/rp2_common/pico_malloc/pico_malloc.c.obj (realloc)
c:/progra~2/gnu arm embedded toolchain/10 2020-q4-major/bin/../lib/gcc/arm-none-eabi/10.2.1/../../../../arm-none-eabi/lib/thumb/v6-m/nofp\libc.a(lib_a-reallocr.o)
                              c:/progra~2/gnu arm embedded toolchain/10 2020-q4-major/bin/../lib/gcc/arm-none-eabi/10.2.1/../../../../arm-none-eabi/lib/thumb/v6-m/nofp\libc.a(lib_a-realloc.o) (_realloc_r)
c:/progra~2/gnu arm embedded toolchain/10 2020-q4-major/bin/../lib/gcc/arm-none-eabi/10.2.1/../../../../arm-none-eabi/lib/thumb/v6-m/nofp\libc.a(lib_a-sbrkr.o)
                              c:/progra~2/gnu arm embedded toolchain/10 2020-q4-major/bin/../lib/gcc/arm-none-eabi/10.2.1/../../../../arm-none-eabi/lib/thumb/v6-m/nofp\libc.a(lib_a-mallocr.o) (_sbrk_r)
c:/progra~2/gnu arm embedded toolchain/10 2020-q4-major/bin/../lib/gcc/arm-none-eabi/10.2.1/../../../../arm-none-eabi/lib/thumb/v6-m/nofp\libc.a(lib_a-strlen-stub.o)
                              CMakeFiles/sx2_indicator.dir/C_/Users/hra/Documents/github/sangria_firmware/pico-sdk/src/rp2_common/pico_stdio/stdio.c.obj (strlen)
c:/progra~2/gnu arm embedded toolchain/10 2020-q4-major/bin/../lib/gcc/arm-none-eabi/10.2.1/../../../../arm-none-eabi/lib/thumb/v6-m/nofp\libc.a(lib_a-freer.o)
                              c:/progra~2/gnu arm embedded toolchain/10 2020-q4-major/bin/../lib/gcc/arm-none-eabi/10.2.1/../../../../arm-none-eabi/lib/thumb/v6-m/nofp\libc.a(lib_a-malloc.o) (_free_r)
c:/progra~2/gnu arm embedded toolchain/10 2020-q4-major/bin/../lib/gcc/arm-none-eabi/10.2.1/../../../../arm-none-eabi/lib/thumb/v6-m/nofp\libc.a(lib_a-lock.o)
                              c:/progra~2/gnu arm embedded toolchain/10 2020-q4-major/bin/../lib/gcc/arm-none-eabi/10.2.1/../../../../arm-none-eabi/lib/thumb/v6-m/nofp\libc.a(lib_a-mlock.o) (__retarget_lock_acquire_recursive)
[...]
Memory Configuration

Name             Origin             Length             Attributes
FLASH            0x10000000         0x00200000         xr
RAM              0x20000000         0x00040000         xrw
SCRATCH_X        0x20040000         0x00001000         xrw
SCRATCH_Y        0x20041000         0x00001000         xrw
*default*        0x00000000         0xffffffff

Linker script and memory map

LOAD c:/progra~2/gnu arm embedded toolchain/10 2020-q4-major/bin/../lib/gcc/arm-none-eabi/10.2.1/thumb/v6-m/nofp/crti.o
LOAD c:/progra~2/gnu arm embedded toolchain/10 2020-q4-major/bin/../lib/gcc/arm-none-eabi/10.2.1/thumb/v6-m/nofp/crtbegin.o
LOAD c:/progra~2/gnu arm embedded toolchain/10 2020-q4-major/bin/../lib/gcc/arm-none-eabi/10.2.1/../../../../arm-none-eabi/lib/thumb/v6-m/nofp/crt0.o

.flash_begin    0x10000000        0x0
                0x10000000                __flash_binary_start = .

.boot2          0x10000000      0x100
                0x10000000                __boot2_start__ = .
 *(.boot2)
 .boot2         0x10000000      0x100 C:\Users\hra\AppData\Local\Temp\ccGu8lnG.o
                0x10000100                __boot2_end__ = .
                0x00000001                ASSERT (((__boot2_end__ - __boot2_start__) == 0x100), ERROR: Pico second stage bootloader must be 256 bytes in size)

.text           0x10000100     0x68a8
                0x10000100                __logical_binary_start = .
 *(.vectors)
 .vectors       0x10000100       0xd4 CMakeFiles/sx2_indicator.dir/C_/Users/hra/Documents/github/sangria_firmware/pico-sdk/src/rp2_common/pico_standard_link/crt0.S.obj
                0x10000100                __VECTOR_TABLE
                0x10000100                __vectors
                0x100001c0                isr_invalid
                0x100001c0                __default_isrs_start
                0x100001c2                isr_nmi
                0x100001c4                isr_hardfault
                0x100001c6                isr_svcall
                0x100001c8                isr_pendsv
                0x100001ca                isr_systick
                0x100001cc                isr_irq23
                0x100001cc                isr_irq18
                0x100001cc                isr_irq11
                0x100001cc                isr_irq28
                0x100001cc                isr_irq19
                0x100001cc                isr_irq0
                0x100001cc                isr_irq6
                0x100001cc                isr_irq5
                0x100001cc                isr_irq12
                0x100001cc                isr_irq22
                0x100001cc                isr_irq31
                0x100001cc                isr_irq17
                0x100001cc                isr_irq27
                0x100001cc                isr_irq30
                0x100001cc                isr_irq2
                0x100001cc                isr_irq10
                0x100001cc                isr_irq8
                0x100001cc                isr_irq24
                0x100001cc                isr_irq1
                0x100001cc                isr_irq7
                0x100001cc                isr_irq21
                0x100001cc                isr_irq20
                0x100001cc                isr_irq15
                0x100001cc                isr_irq25
                0x100001cc                isr_irq13
                0x100001cc                __unhandled_user_irq
                0x100001cc                isr_irq4
                0x100001cc                isr_irq16
                0x100001cc                isr_irq29
                0x100001cc                isr_irq26
                0x100001cc                __default_isrs_end
                0x100001cc                isr_irq3
                0x100001cc                isr_irq14
                0x100001cc                isr_irq9
                0x100001d2                unhandled_user_irq_num_in_r0
 *(.binary_info_header)
 .binary_info_header
                0x100001d4       0x14 CMakeFiles/sx2_indicator.dir/C_/Users/hra/Documents/github/sangria_firmware/pico-sdk/src/rp2_common/pico_standard_link/crt0.S.obj
                0x100001e8                __binary_info_header_end = .
 *(.reset)
 .reset         0x100001e8       0xa8 CMakeFiles/sx2_indicator.dir/C_/Users/hra/Documents/github/sangria_firmware/pico-sdk/src/rp2_common/pico_standard_link/crt0.S.obj
                0x100001e8                _entry_point
                0x10000266                __get_current_exception
 .reset         0x10000290       0x30 CMakeFiles/sx2_indicator.dir/C_/Users/hra/Documents/github/sangria_firmware/pico-sdk/src/rp2_common/pico_standard_link/binary_info.c.obj
 *(.init)
 .init          0x100002c0        0x4 c:/progra~2/gnu arm embedded toolchain/10 2020-q4-major/bin/../lib/gcc/arm-none-eabi/10.2.1/thumb/v6-m/nofp/crti.o
                0x100002c0                _init
 *(EXCLUDE_FILE(*libm.a: *libc.a:*lib_a-mem*.o *libgcc.a:) .text*)
 .text          0x100002c4       0x48 c:/progra~2/gnu arm embedded toolchain/10 2020-q4-major/bin/../lib/gcc/arm-none-eabi/10.2.1/thumb/v6-m/nofp/crtbegin.o
 .text._ZL13response_corev
                0x1000030c      0x520 CMakeFiles/sx2_indicator.dir/main.cpp.obj
 .text.startup.main
                0x1000082c       0x28 CMakeFiles/sx2_indicator.dir/main.cpp.obj
                0x1000082c                main
 .text._Z8tft_initv
                0x10000854      0xc38 CMakeFiles/sx2_indicator.dir/tft_driver.cpp.obj
                0x10000854                tft_init()
 .text._Z20tft_send_framebufferPKt
                0x1000148c      0x2f0 CMakeFiles/sx2_indicator.dir/tft_driver.cpp.obj
                0x1000148c                tft_send_framebuffer(unsigned short const*)
 .text._Z8tft_copyPtiiiiPKtiiiiii
                0x1000177c      0x140 CMakeFiles/sx2_indicator.dir/tft_driver.cpp.obj
                0x1000177c                tft_copy(unsigned short*, int, int, int, int, unsigned short const*, int, int, int, int, int, int)
 .text._Z8tft_putsPtiiiitPKhPKc
                0x100018bc      0x16c CMakeFiles/sx2_indicator.dir/tft_driver.cpp.obj
                0x100018bc                tft_puts(unsigned short*, int, int, int, int, unsigned short, unsigned char const*, char const*)
 .text._Z11ps2dev_initv
                0x10001a28       0x64 CMakeFiles/sx2_indicator.dir/ps2dev_driver.cpp.obj
                0x10001a28                ps2dev_init()
 .text._Z11ps2dev_taskv
                0x10001a8c      0x3a4 CMakeFiles/sx2_indicator.dir/ps2dev_driver.cpp.obj
                0x10001a8c                ps2dev_task()
 .text._Z23ps2dev_get_receive_dataPh
                0x10001e30       0x50 CMakeFiles/sx2_indicator.dir/ps2dev_driver.cpp.obj
                0x10001e30                ps2dev_get_receive_data(unsigned char*)
 .text._Z16ps2dev_send_datah
                0x10001e80       0x50 CMakeFiles/sx2_indicator.dir/ps2dev_driver.cpp.obj
                0x10001e80                ps2dev_send_data(unsigned char)
 .text.is_mouse_active
                0x10001ed0       0x14 CMakeFiles/sx2_indicator.dir/usb_host_driver.c.obj
                0x10001ed0                is_mouse_active
 .text.get_mouse_position
                0x10001ee4       0x40 CMakeFiles/sx2_indicator.dir/usb_host_driver.c.obj
                0x10001ee4                get_mouse_position
 .text.tuh_hid_mount_cb
                0x10001f24       0x90 CMakeFiles/sx2_indicator.dir/usb_host_driver.c.obj
                0x10001f24                tuh_hid_mount_cb
 .text.tuh_hid_umount_cb
                0x10001fb4        0xc CMakeFiles/sx2_indicator.dir/usb_host_driver.c.obj
                0x10001fb4                tuh_hid_umount_cb
 .text.tuh_hid_report_received_cb
                0x10001fc0       0x98 CMakeFiles/sx2_indicator.dir/usb_host_driver.c.obj
                0x10001fc0                tuh_hid_report_received_cb
 .text.gpio_set_function
                0x10002058       0x30 CMakeFiles/sx2_indicator.dir/C_/Users/hra/Documents/github/sangria_firmware/pico-sdk/src/rp2_common/hardware_gpio/gpio.c.obj
                0x10002058                gpio_set_function
 .text.gpio_set_pulls
                0x10002088       0x30 CMakeFiles/sx2_indicator.dir/C_/Users/hra/Documents/github/sangria_firmware/pico-sdk/src/rp2_common/hardware_gpio/gpio.c.obj
                0x10002088                gpio_set_pulls
 .text.gpio_init
                0x100020b8       0x3c CMakeFiles/sx2_indicator.dir/C_/Users/hra/Documents/github/sangria_firmware/pico-sdk/src/rp2_common/hardware_gpio/gpio.c.obj
                0x100020b8                gpio_init
 .text.hw_claim_or_assert
                0x100020f4       0x44 CMakeFiles/sx2_indicator.dir/C_/Users/hra/Documents/github/sangria_firmware/pico-sdk/src/rp2_common/hardware_claim/claim.c.obj
                0x100020f4                hw_claim_or_assert
 .text.hw_claim_unused_from_range
                0x10002138       0x9c CMakeFiles/sx2_indicator.dir/C_/Users/hra/Documents/github/sangria_firmware/pico-sdk/src/rp2_common/hardware_claim/claim.c.obj
                0x10002138                hw_claim_unused_from_range
 .text.running_on_fpga
                0x100021d4       0x10 CMakeFiles/sx2_indicator.dir/C_/Users/hra/Documents/github/sangria_firmware/pico-sdk/src/rp2_common/pico_platform/platform.c.obj
                0x100021d4                running_on_fpga
 .text.spin_locks_reset
                0x100021e4       0x1c CMakeFiles/sx2_indicator.dir/C_/Users/hra/Documents/github/sangria_firmware/pico-sdk/src/rp2_common/hardware_sync/sync.c.obj
                0x100021e4                spin_locks_reset
 .text.next_striped_spin_lock_num
                0x10002200       0x18 CMakeFiles/sx2_indicator.dir/C_/Users/hra/Documents/github/sangria_firmware/pico-sdk/src/rp2_common/hardware_sync/sync.c.obj
                0x10002200                next_striped_spin_lock_num
 .text.spin_lock_claim_unused
                0x10002218       0x20 CMakeFiles/sx2_indicator.dir/C_/Users/hra/Documents/github/sangria_firmware/pico-sdk/src/rp2_common/hardware_sync/sync.c.obj
                0x10002218                spin_lock_claim_unused
 .text.irq_set_enabled
                0x10002238       0x24 CMakeFiles/sx2_indicator.dir/C_/Users/hra/Documents/github/sangria_firmware/pico-sdk/src/rp2_common/hardware_irq/irq.c.obj
                0x10002238                irq_set_enabled
 .text.irq_is_enabled
                0x1000225c       0x18 CMakeFiles/sx2_indicator.dir/C_/Users/hra/Documents/github/sangria_firmware/pico-sdk/src/rp2_common/hardware_irq/irq.c.obj
                0x1000225c                irq_is_enabled
 .text.irq_get_vtable_handler
                0x10002274       0x10 CMakeFiles/sx2_indicator.dir/C_/Users/hra/Documents/github/sangria_firmware/pico-sdk/src/rp2_common/hardware_irq/irq.c.obj
                0x10002274                irq_get_vtable_handler
 .text.irq_set_exclusive_handler
                0x10002284       0x54 CMakeFiles/sx2_indicator.dir/C_/Users/hra/Documents/github/sangria_firmware/pico-sdk/src/rp2_common/hardware_irq/irq.c.obj
                0x10002284                irq_set_exclusive_handler
 .text.irq_add_shared_handler
                0x100022d8      0x1e4 CMakeFiles/sx2_indicator.dir/C_/Users/hra/Documents/github/sangria_firmware/pico-sdk/src/rp2_common/hardware_irq/irq.c.obj
                0x100022d8                irq_add_shared_handler
 .text.irq_remove_handler
                0x100024bc      0x1b4 CMakeFiles/sx2_indicator.dir/C_/Users/hra/Documents/github/sangria_firmware/pico-sdk/src/rp2_common/hardware_irq/irq.c.obj
                0x100024bc                irq_remove_handler
 .text.irq_add_tail_to_free_list
                0x10002670       0xb4 CMakeFiles/sx2_indicator.dir/C_/Users/hra/Documents/github/sangria_firmware/pico-sdk/src/rp2_common/hardware_irq/irq.c.obj
                0x10002670                irq_add_tail_to_free_list
 .text.irq_init_priorities
                0x10002724       0x24 CMakeFiles/sx2_indicator.dir/C_/Users/hra/Documents/github/sangria_firmware/pico-sdk/src/rp2_common/hardware_irq/irq.c.obj
                0x10002724                irq_init_priorities
 .text.sem_init
                0x10002748       0x20 CMakeFiles/sx2_indicator.dir/C_/Users/hra/Documents/github/sangria_firmware/pico-sdk/src/common/pico_sync/sem.c.obj
                0x10002748                sem_init
 .text.lock_init
                0x10002768       0x10 CMakeFiles/sx2_indicator.dir/C_/Users/hra/Documents/github/sangria_firmware/pico-sdk/src/common/pico_sync/lock_core.c.obj
                0x10002768                lock_init
 .text.timer_pool_entry_comparator
                0x10002778       0x34 CMakeFiles/sx2_indicator.dir/C_/Users/hra/Documents/github/sangria_firmware/pico-sdk/src/common/pico_time/time.c.obj
                0x10002778                timer_pool_entry_comparator
 .text.sleep_until_callback
                0x100027ac       0x30 CMakeFiles/sx2_indicator.dir/C_/Users/hra/Documents/github/sangria_firmware/pico-sdk/src/common/pico_time/time.c.obj
 .text.add_alarm_under_lock.isra.0
                0x100027dc      0x100 CMakeFiles/sx2_indicator.dir/C_/Users/hra/Documents/github/sangria_firmware/pico-sdk/src/common/pico_time/time.c.obj
 .text.alarm_pool_alarm_callback
                0x100028dc      0x1c8 CMakeFiles/sx2_indicator.dir/C_/Users/hra/Documents/github/sangria_firmware/pico-sdk/src/common/pico_time/time.c.obj
 .text.alarm_pool_add_alarm_at.constprop.0
                0x10002aa4      0x11c CMakeFiles/sx2_indicator.dir/C_/Users/hra/Documents/github/sangria_firmware/pico-sdk/src/common/pico_time/time.c.obj
 .text.alarm_pool_init_default
                0x10002bc0       0x64 CMakeFiles/sx2_indicator.dir/C_/Users/hra/Documents/github/sangria_firmware/pico-sdk/src/common/pico_time/time.c.obj
                0x10002bc0                alarm_pool_init_default
 .text.sleep_until
                0x10002c24       0xac CMakeFiles/sx2_indicator.dir/C_/Users/hra/Documents/github/sangria_firmware/pico-sdk/src/common/pico_time/time.c.obj
                0x10002c24                sleep_until
 .text.sleep_us
                0x10002cd0       0x30 CMakeFiles/sx2_indicator.dir/C_/Users/hra/Documents/github/sangria_firmware/pico-sdk/src/common/pico_time/time.c.obj
                0x10002cd0                sleep_us
 .text.sleep_ms
                0x10002d00       0x38 CMakeFiles/sx2_indicator.dir/C_/Users/hra/Documents/github/sangria_firmware/pico-sdk/src/common/pico_time/time.c.obj
                0x10002d00                sleep_ms
 .text.best_effort_wfe_or_timeout
                0x10002d38       0xd4 CMakeFiles/sx2_indicator.dir/C_/Users/hra/Documents/github/sangria_firmware/pico-sdk/src/common/pico_time/time.c.obj
                0x10002d38                best_effort_wfe_or_timeout
 .text.hardware_alarm_irq_handler
                0x10002e0c       0xb8 CMakeFiles/sx2_indicator.dir/C_/Users/hra/Documents/github/sangria_firmware/pico-sdk/src/rp2_common/hardware_timer/timer.c.obj
 .text.hardware_alarm_claim
                0x10002ec4       0x18 CMakeFiles/sx2_indicator.dir/C_/Users/hra/Documents/github/sangria_firmware/pico-sdk/src/rp2_common/hardware_timer/timer.c.obj
                0x10002ec4                hardware_alarm_claim
 .text.time_us_64
                0x10002edc       0x14 CMakeFiles/sx2_indicator.dir/C_/Users/hra/Documents/github/sangria_firmware/pico-sdk/src/rp2_common/hardware_timer/timer.c.obj
                0x10002edc                time_us_64
 .text.busy_wait_until
                0x10002ef0       0x20 CMakeFiles/sx2_indicator.dir/C_/Users/hra/Documents/github/sangria_firmware/pico-sdk/src/rp2_common/hardware_timer/timer.c.obj
                0x10002ef0                busy_wait_until
 .text.hardware_alarm_set_callback
                0x10002f10       0x8c CMakeFiles/sx2_indicator.dir/C_/Users/hra/Documents/github/sangria_firmware/pico-sdk/src/rp2_common/hardware_timer/timer.c.obj
                0x10002f10                hardware_alarm_set_callback
 .text.hardware_alarm_set_target
                0x10002f9c       0xe0 CMakeFiles/sx2_indicator.dir/C_/Users/hra/Documents/github/sangria_firmware/pico-sdk/src/rp2_common/hardware_timer/timer.c.obj
                0x10002f9c                hardware_alarm_set_target
 .text.hardware_alarm_cancel
                0x1000307c       0x3c CMakeFiles/sx2_indicator.dir/C_/Users/hra/Documents/github/sangria_firmware/pico-sdk/src/rp2_common/hardware_timer/timer.c.obj
                0x1000307c                hardware_alarm_cancel
 .text.ph_merge_nodes
                0x100030b8       0x68 CMakeFiles/sx2_indicator.dir/C_/Users/hra/Documents/github/sangria_firmware/pico-sdk/src/common/pico_util/pheap.c.obj
 .text.ph_post_alloc_init
                0x10003120       0x3c CMakeFiles/sx2_indicator.dir/C_/Users/hra/Documents/github/sangria_firmware/pico-sdk/src/common/pico_util/pheap.c.obj
                0x10003120                ph_post_alloc_init
 .text.ph_merge_two_pass
                0x1000315c       0x90 CMakeFiles/sx2_indicator.dir/C_/Users/hra/Documents/github/sangria_firmware/pico-sdk/src/common/pico_util/pheap.c.obj
                0x1000315c                ph_merge_two_pass
 .text.ph_remove_any_head
                0x100031ec       0xf8 CMakeFiles/sx2_indicator.dir/C_/Users/hra/Documents/github/sangria_firmware/pico-sdk/src/common/pico_util/pheap.c.obj
 .text.ph_remove_head
                0x100032e4       0xfc CMakeFiles/sx2_indicator.dir/C_/Users/hra/Documents/github/sangria_firmware/pico-sdk/src/common/pico_util/pheap.c.obj
                0x100032e4                ph_remove_head
 .text.ph_remove_and_free_node
                0x100033e0       0x7c CMakeFiles/sx2_indicator.dir/C_/Users/hra/Documents/github/sangria_firmware/pico-sdk/src/common/pico_util/pheap.c.obj
                0x100033e0                ph_remove_and_free_node
 .text.mutex_init
                0x1000345c       0x1c CMakeFiles/sx2_indicator.dir/C_/Users/hra/Documents/github/sangria_firmware/pico-sdk/src/common/pico_sync/mutex.c.obj
                0x1000345c                mutex_init
 .text.recursive_mutex_init
                0x10003478       0x1c CMakeFiles/sx2_indicator.dir/C_/Users/hra/Documents/github/sangria_firmware/pico-sdk/src/common/pico_sync/mutex.c.obj
                0x10003478                recursive_mutex_init
 .text.critical_section_init
                0x10003494       0x20 CMakeFiles/sx2_indicator.dir/C_/Users/hra/Documents/github/sangria_firmware/pico-sdk/src/common/pico_sync/critical_section.c.obj
                0x10003494                critical_section_init
 .text.uart_init
                0x100034b4       0xe0 CMakeFiles/sx2_indicator.dir/C_/Users/hra/Documents/github/sangria_firmware/pico-sdk/src/rp2_common/hardware_uart/uart.c.obj
                0x100034b4                uart_init
 .text.runtime_init
                0x10003594       0xf0 CMakeFiles/sx2_indicator.dir/C_/Users/hra/Documents/github/sangria_firmware/pico-sdk/src/rp2_common/pico_runtime/runtime.c.obj
                0x10003594                runtime_init
 .text.exit     0x10003684        0x4 CMakeFiles/sx2_indicator.dir/C_/Users/hra/Documents/github/sangria_firmware/pico-sdk/src/rp2_common/pico_runtime/runtime.c.obj
                0x10003684                exit
 .text.panic    0x10003688       0x30 CMakeFiles/sx2_indicator.dir/C_/Users/hra/Documents/github/sangria_firmware/pico-sdk/src/rp2_common/pico_runtime/runtime.c.obj
                0x10003688                panic
 .text.hard_assertion_failure
                0x100036b8        0xc CMakeFiles/sx2_indicator.dir/C_/Users/hra/Documents/github/sangria_firmware/pico-sdk/src/rp2_common/pico_runtime/runtime.c.obj
                0x100036b8                hard_assertion_failure
 .text.clocks_init
                0x100036c4      0x2bc CMakeFiles/sx2_indicator.dir/C_/Users/hra/Documents/github/sangria_firmware/pico-sdk/src/rp2_common/hardware_clocks/clocks.c.obj
                0x100036c4                clocks_init
 .text.clock_get_hz
                0x10003980        0xc CMakeFiles/sx2_indicator.dir/C_/Users/hra/Documents/github/sangria_firmware/pico-sdk/src/rp2_common/hardware_clocks/clocks.c.obj
                0x10003980                clock_get_hz
 .text.pll_init
                0x1000398c       0xb0 CMakeFiles/sx2_indicator.dir/C_/Users/hra/Documents/github/sangria_firmware/pico-sdk/src/rp2_common/hardware_pll/pll.c.obj
                0x1000398c                pll_init
 .text.watchdog_start_tick
                0x10003a3c       0x10 CMakeFiles/sx2_indicator.dir/C_/Users/hra/Documents/github/sangria_firmware/pico-sdk/src/rp2_common/hardware_watchdog/watchdog.c.obj
                0x10003a3c                watchdog_start_tick
 .text.xosc_init
                0x10003a4c       0x28 CMakeFiles/sx2_indicator.dir/C_/Users/hra/Documents/github/sangria_firmware/pico-sdk/src/rp2_common/hardware_xosc/xosc.c.obj
                0x10003a4c                xosc_init
 .text._out_char
                0x10003a74       0x10 CMakeFiles/sx2_indicator.dir/C_/Users/hra/Documents/github/sangria_firmware/pico-sdk/src/rp2_common/pico_printf/printf.c.obj
 .text.weak_raw_vprintf
                0x10003a84       0x30 CMakeFiles/sx2_indicator.dir/C_/Users/hra/Documents/github/sangria_firmware/pico-sdk/src/rp2_common/pico_printf/printf.c.obj
                0x10003a84                weak_raw_vprintf
 .text          0x10003ab4       0x10 CMakeFiles/sx2_indicator.dir/C_/Users/hra/Documents/github/sangria_firmware/pico-sdk/src/rp2_common/pico_bit_ops/bit_ops_aeabi.S.obj
 .text.rom_func_lookup
                0x10003ac4       0x10 CMakeFiles/sx2_indicator.dir/C_/Users/hra/Documents/github/sangria_firmware/pico-sdk/src/rp2_common/pico_bootrom/bootrom.c.obj
                0x10003ac4                rom_func_lookup
 .text.rom_data_lookup
                0x10003ad4       0x10 CMakeFiles/sx2_indicator.dir/C_/Users/hra/Documents/github/sangria_firmware/pico-sdk/src/rp2_common/pico_bootrom/bootrom.c.obj
                0x10003ad4                rom_data_lookup
 .text.rom_funcs_lookup
                0x10003ae4       0x44 CMakeFiles/sx2_indicator.dir/C_/Users/hra/Documents/github/sangria_firmware/pico-sdk/src/rp2_common/pico_bootrom/bootrom.c.obj
                0x10003ae4                rom_funcs_lookup
 .text.__wrap___aeabi_uidiv
                0x10003b28       0x4c CMakeFiles/sx2_indicator.dir/C_/Users/hra/Documents/github/sangria_firmware/pico-sdk/src/rp2_common/pico_divider/divider.S.obj
                0x10003b28                __wrap___aeabi_uidiv
                0x10003b28                __wrap___aeabi_uidivmod
                0x10003b28                div_u32u32
                0x10003b28                divmod_u32u32
                0x10003b30                divmod_u32u32_unsafe
                0x10003b58                divmod_u32u32_savestate
 .text.__aeabi_double_init
                0x10003b74       0x94 CMakeFiles/sx2_indicator.dir/C_/Users/hra/Documents/github/sangria_firmware/pico-sdk/src/rp2_common/pico_double/double_init_rom.c.obj
                0x10003b74                __aeabi_double_init
 .text.double_table_shim_on_use_helper
                0x10003c08       0x2c CMakeFiles/sx2_indicator.dir/C_/Users/hra/Documents/github/sangria_firmware/pico-sdk/src/rp2_common/pico_double/double_v1_rom_shim.S.obj
                0x10003c08                double_table_shim_on_use_helper
 .text.__aeabi_lmul
                0x10003c34       0x32 CMakeFiles/sx2_indicator.dir/C_/Users/hra/Documents/github/sangria_firmware/pico-sdk/src/rp2_common/pico_int64_ops/pico_int64_ops_aeabi.S.obj
                0x10003c34                __wrap___aeabi_lmul
 *fill*         0x10003c66        0x2 
 .text.__aeabi_float_init
                0x10003c68       0x64 CMakeFiles/sx2_indicator.dir/C_/Users/hra/Documents/github/sangria_firmware/pico-sdk/src/rp2_common/pico_float/float_init_rom.c.obj
                0x10003c68                __aeabi_float_init
 .text.float_table_shim_on_use_helper
                0x10003ccc       0x2c CMakeFiles/sx2_indicator.dir/C_/Users/hra/Documents/github/sangria_firmware/pico-sdk/src/rp2_common/pico_float/float_v1_rom_shim.S.obj
                0x10003ccc                float_table_shim_on_use_helper
 .text          0x10003cf8       0x10 CMakeFiles/sx2_indicator.dir/C_/Users/hra/Documents/github/sangria_firmware/pico-sdk/src/rp2_common/pico_mem_ops/mem_ops_aeabi.S.obj
                0x10003cf8                __aeabi_mem_init
 .text.memset   0x10003d08        0xc CMakeFiles/sx2_indicator.dir/C_/Users/hra/Documents/github/sangria_firmware/pico-sdk/src/rp2_common/pico_mem_ops/mem_ops_aeabi.S.obj
                0x10003d08                __wrap_memset
 .text.memcpy   0x10003d14        0xc CMakeFiles/sx2_indicator.dir/C_/Users/hra/Documents/github/sangria_firmware/pico-sdk/src/rp2_common/pico_mem_ops/mem_ops_aeabi.S.obj
                0x10003d14                __wrap_memcpy
                0x10003d14                __wrap___aeabi_memcpy
 .text.stdio_out_chars_no_crlf
                0x10003d20       0x10 CMakeFiles/sx2_indicator.dir/C_/Users/hra/Documents/github/sangria_firmware/pico-sdk/src/rp2_common/pico_stdio/stdio.c.obj
 .text.stdio_out_chars_crlf
                0x10003d30       0xb4 CMakeFiles/sx2_indicator.dir/C_/Users/hra/Documents/github/sangria_firmware/pico-sdk/src/rp2_common/pico_stdio/stdio.c.obj
 .text.stdio_put_string.isra.0
                0x10003de4       0xfc CMakeFiles/sx2_indicator.dir/C_/Users/hra/Documents/github/sangria_firmware/pico-sdk/src/rp2_common/pico_stdio/stdio.c.obj
 .text.__wrap_putchar
                0x10003ee0       0xa0 CMakeFiles/sx2_indicator.dir/C_/Users/hra/Documents/github/sangria_firmware/pico-sdk/src/rp2_common/pico_stdio/stdio.c.obj
                0x10003ee0                __wrap_putchar
 .text.__wrap_puts
                0x10003f80       0x3c CMakeFiles/sx2_indicator.dir/C_/Users/hra/Documents/github/sangria_firmware/pico-sdk/src/rp2_common/pico_stdio/stdio.c.obj
                0x10003f80                __wrap_puts
 .text.stdio_set_driver_enabled
                0x10003fbc       0x30 CMakeFiles/sx2_indicator.dir/C_/Users/hra/Documents/github/sangria_firmware/pico-sdk/src/rp2_common/pico_stdio/stdio.c.obj
                0x10003fbc                stdio_set_driver_enabled
 .text.stdio_uart_out_chars
                0x10003fec       0x4c CMakeFiles/sx2_indicator.dir/C_/Users/hra/Documents/github/sangria_firmware/pico-sdk/src/rp2_common/pico_stdio_uart/stdio_uart.c.obj
 .text.stdio_uart_in_chars
                0x10004038       0x38 CMakeFiles/sx2_indicator.dir/C_/Users/hra/Documents/github/sangria_firmware/pico-sdk/src/rp2_common/pico_stdio_uart/stdio_uart.c.obj
                0x10004038                stdio_uart_in_chars
 .text.stdio_uart_init_full
                0x10004070       0x38 CMakeFiles/sx2_indicator.dir/C_/Users/hra/Documents/github/sangria_firmware/pico-sdk/src/rp2_common/pico_stdio_uart/stdio_uart.c.obj
                0x10004070                stdio_uart_init_full
 .text.spi_init
                0x100040a8       0xf8 CMakeFiles/sx2_indicator.dir/C_/Users/hra/Documents/github/sangria_firmware/pico-sdk/src/rp2_common/hardware_spi/spi.c.obj
                0x100040a8                spi_init
 .text.dma_claim_unused_channel
                0x100041a0       0x20 CMakeFiles/sx2_indicator.dir/C_/Users/hra/Documents/github/sangria_firmware/pico-sdk/src/rp2_common/hardware_dma/dma.c.obj
                0x100041a0                dma_claim_unused_channel
 .text.core1_trampoline
                0x100041c0        0x4 CMakeFiles/sx2_indicator.dir/C_/Users/hra/Documents/github/sangria_firmware/pico-sdk/src/rp2_common/pico_multicore/multicore.c.obj
 .text.core1_wrapper
                0x100041c4        0xc CMakeFiles/sx2_indicator.dir/C_/Users/hra/Documents/github/sangria_firmware/pico-sdk/src/rp2_common/pico_multicore/multicore.c.obj
                0x100041c4                core1_wrapper
 .text.multicore_launch_core1_raw
                0x100041d0       0x84 CMakeFiles/sx2_indicator.dir/C_/Users/hra/Documents/github/sangria_firmware/pico-sdk/src/rp2_common/pico_multicore/multicore.c.obj
                0x100041d0                multicore_launch_core1_raw
 .text.multicore_launch_core1
                0x10004254       0x4c CMakeFiles/sx2_indicator.dir/C_/Users/hra/Documents/github/sangria_firmware/pico-sdk/src/rp2_common/pico_multicore/multicore.c.obj
                0x10004254                multicore_launch_core1
 .text.hcd_rp2040_irq
                0x100042a0      0x34c CMakeFiles/sx2_indicator.dir/C_/Users/hra/Documents/github/sangria_firmware/pico-sdk/lib/tinyusb/src/portable/raspberrypi/rp2040/hcd_rp2040.c.obj
 .text.hcd_init
                0x100045ec       0x54 CMakeFiles/sx2_indicator.dir/C_/Users/hra/Documents/github/sangria_firmware/pico-sdk/lib/tinyusb/src/portable/raspberrypi/rp2040/hcd_rp2040.c.obj
                0x100045ec                hcd_init
 .text.hcd_port_reset
                0x10004640        0x4 CMakeFiles/sx2_indicator.dir/C_/Users/hra/Documents/github/sangria_firmware/pico-sdk/lib/tinyusb/src/portable/raspberrypi/rp2040/hcd_rp2040.c.obj
                0x10004640                hcd_port_reset
 .text.hcd_port_reset_end
                0x10004644        0x4 CMakeFiles/sx2_indicator.dir/C_/Users/hra/Documents/github/sangria_firmware/pico-sdk/lib/tinyusb/src/portable/raspberrypi/rp2040/hcd_rp2040.c.obj
                0x10004644                hcd_port_reset_end
 .text.hcd_port_connect_status
                0x10004648       0x18 CMakeFiles/sx2_indicator.dir/C_/Users/hra/Documents/github/sangria_firmware/pico-sdk/lib/tinyusb/src/portable/raspberrypi/rp2040/hcd_rp2040.c.obj
                0x10004648                hcd_port_connect_status
 .text.hcd_port_speed_get
                0x10004660       0x24 CMakeFiles/sx2_indicator.dir/C_/Users/hra/Documents/github/sangria_firmware/pico-sdk/lib/tinyusb/src/portable/raspberrypi/rp2040/hcd_rp2040.c.obj
                0x10004660                hcd_port_speed_get
 .text.hcd_device_close
                0x10004684      0x47c CMakeFiles/sx2_indicator.dir/C_/Users/hra/Documents/github/sangria_firmware/pico-sdk/lib/tinyusb/src/portable/raspberrypi/rp2040/hcd_rp2040.c.obj
                0x10004684                hcd_device_close
 .text.hcd_int_enable
                0x10004b00        0xc CMakeFiles/sx2_indicator.dir/C_/Users/hra/Documents/github/sangria_firmware/pico-sdk/lib/tinyusb/src/portable/raspberrypi/rp2040/hcd_rp2040.c.obj
                0x10004b00                hcd_int_enable
 .text.hcd_edpt_open
                0x10004b0c      0x23c CMakeFiles/sx2_indicator.dir/C_/Users/hra/Documents/github/sangria_firmware/pico-sdk/lib/tinyusb/src/portable/raspberrypi/rp2040/hcd_rp2040.c.obj
                0x10004b0c                hcd_edpt_open
 .text.hcd_edpt_xfer
                0x10004d48      0x34c CMakeFiles/sx2_indicator.dir/C_/Users/hra/Documents/github/sangria_firmware/pico-sdk/lib/tinyusb/src/portable/raspberrypi/rp2040/hcd_rp2040.c.obj
                0x10004d48                hcd_edpt_xfer
 .text.hcd_setup_send
                0x10005094       0xa8 CMakeFiles/sx2_indicator.dir/C_/Users/hra/Documents/github/sangria_firmware/pico-sdk/lib/tinyusb/src/portable/raspberrypi/rp2040/hcd_rp2040.c.obj
                0x10005094                hcd_setup_send
 .text._hw_endpoint_buffer_control_update32.part.0.isra.0
                0x1000513c       0x1c CMakeFiles/sx2_indicator.dir/C_/Users/hra/Documents/github/sangria_firmware/pico-sdk/lib/tinyusb/src/portable/raspberrypi/rp2040/rp2040_usb.c.obj
 .text.rp2040_usb_init
                0x10005158       0x4c CMakeFiles/sx2_indicator.dir/C_/Users/hra/Documents/github/sangria_firmware/pico-sdk/lib/tinyusb/src/portable/raspberrypi/rp2040/rp2040_usb.c.obj
                0x10005158                rp2040_usb_init
 .text.hw_endpoint_reset_transfer
                0x100051a4        0xc CMakeFiles/sx2_indicator.dir/C_/Users/hra/Documents/github/sangria_firmware/pico-sdk/lib/tinyusb/src/portable/raspberrypi/rp2040/rp2040_usb.c.obj
                0x100051a4                hw_endpoint_reset_transfer
 .text.hw_endpoint_xfer_start
                0x100051b0      0x134 CMakeFiles/sx2_indicator.dir/C_/Users/hra/Documents/github/sangria_firmware/pico-sdk/lib/tinyusb/src/portable/raspberrypi/rp2040/rp2040_usb.c.obj
                0x100051b0                hw_endpoint_xfer_start
 .text.hw_endpoint_xfer_continue
                0x100052e4      0x1e8 CMakeFiles/sx2_indicator.dir/C_/Users/hra/Documents/github/sangria_firmware/pico-sdk/lib/tinyusb/src/portable/raspberrypi/rp2040/rp2040_usb.c.obj
                0x100052e4                hw_endpoint_xfer_continue
 .text._control_blocking_complete_cb
                0x100054cc        0x8 CMakeFiles/sx2_indicator.dir/C_/Users/hra/Documents/github/sangria_firmware/pico-sdk/lib/tinyusb/src/host/usbh.c.obj
 .text.usbh_control_xfer_cb.constprop.0.isra.0
                0x100054d4      0x158 CMakeFiles/sx2_indicator.dir/C_/Users/hra/Documents/github/sangria_firmware/pico-sdk/lib/tinyusb/src/host/usbh.c.obj
 .text.tuh_task_ext.part.0
                0x1000562c      0x23c CMakeFiles/sx2_indicator.dir/C_/Users/hra/Documents/github/sangria_firmware/pico-sdk/lib/tinyusb/src/host/usbh.c.obj
 .text.tuh_control_xfer.part.0
                0x10005868       0xd4 CMakeFiles/sx2_indicator.dir/C_/Users/hra/Documents/github/sangria_firmware/pico-sdk/lib/tinyusb/src/host/usbh.c.obj
 .text.process_enumeration
                0x1000593c      0x3b4 CMakeFiles/sx2_indicator.dir/C_/Users/hra/Documents/github/sangria_firmware/pico-sdk/lib/tinyusb/src/host/usbh.c.obj
 .text.tuh_speed_get
                0x10005cf0       0x18 CMakeFiles/sx2_indicator.dir/C_/Users/hra/Documents/github/sangria_firmware/pico-sdk/lib/tinyusb/src/host/usbh.c.obj
                0x10005cf0                tuh_speed_get
 .text.tuh_inited
                0x10005d08       0x14 CMakeFiles/sx2_indicator.dir/C_/Users/hra/Documents/github/sangria_firmware/pico-sdk/lib/tinyusb/src/host/usbh.c.obj
                0x10005d08                tuh_inited
 .text.tuh_init
                0x10005d1c       0xa4 CMakeFiles/sx2_indicator.dir/C_/Users/hra/Documents/github/sangria_firmware/pico-sdk/lib/tinyusb/src/host/usbh.c.obj
                0x10005d1c                tuh_init
 .text.tuh_task_ext
                0x10005dc0       0x10 CMakeFiles/sx2_indicator.dir/C_/Users/hra/Documents/github/sangria_firmware/pico-sdk/lib/tinyusb/src/host/usbh.c.obj
                0x10005dc0                tuh_task_ext
 .text.tuh_control_xfer
                0x10005dd0       0x2c CMakeFiles/sx2_indicator.dir/C_/Users/hra/Documents/github/sangria_firmware/pico-sdk/lib/tinyusb/src/host/usbh.c.obj
                0x10005dd0                tuh_control_xfer
 .text.usbh_get_enum_buf
                0x10005dfc        0x8 CMakeFiles/sx2_indicator.dir/C_/Users/hra/Documents/github/sangria_firmware/pico-sdk/lib/tinyusb/src/host/usbh.c.obj
                0x10005dfc                usbh_get_enum_buf
 .text.usbh_edpt_claim
                0x10005e04       0x30 CMakeFiles/sx2_indicator.dir/C_/Users/hra/Documents/github/sangria_firmware/pico-sdk/lib/tinyusb/src/host/usbh.c.obj
                0x10005e04                usbh_edpt_claim
 .text.usbh_edpt_xfer_with_callback
                0x10005e34       0x58 CMakeFiles/sx2_indicator.dir/C_/Users/hra/Documents/github/sangria_firmware/pico-sdk/lib/tinyusb/src/host/usbh.c.obj
                0x10005e34                usbh_edpt_xfer_with_callback
 .text.tuh_edpt_open
                0x10005e8c       0x40 CMakeFiles/sx2_indicator.dir/C_/Users/hra/Documents/github/sangria_firmware/pico-sdk/lib/tinyusb/src/host/usbh.c.obj
                0x10005e8c                tuh_edpt_open
 .text.tuh_descriptor_get_hid_report
                0x10005ecc       0x68 CMakeFiles/sx2_indicator.dir/C_/Users/hra/Documents/github/sangria_firmware/pico-sdk/lib/tinyusb/src/host/usbh.c.obj
                0x10005ecc                tuh_descriptor_get_hid_report
 .text.usbh_driver_set_config_complete
                0x10005f34       0xb8 CMakeFiles/sx2_indicator.dir/C_/Users/hra/Documents/github/sangria_firmware/pico-sdk/lib/tinyusb/src/host/usbh.c.obj
                0x10005f34                usbh_driver_set_config_complete
 .text.process_set_config
                0x10005fec      0x1c8 CMakeFiles/sx2_indicator.dir/C_/Users/hra/Documents/github/sangria_firmware/pico-sdk/lib/tinyusb/src/class/hid/hid_host.c.obj
 .text.tuh_hid_interface_protocol
                0x100061b4       0x1c CMakeFiles/sx2_indicator.dir/C_/Users/hra/Documents/github/sangria_firmware/pico-sdk/lib/tinyusb/src/class/hid/hid_host.c.obj
                0x100061b4                tuh_hid_interface_protocol
 .text.tuh_hid_receive_report
                0x100061d0       0x64 CMakeFiles/sx2_indicator.dir/C_/Users/hra/Documents/github/sangria_firmware/pico-sdk/lib/tinyusb/src/class/hid/hid_host.c.obj
                0x100061d0                tuh_hid_receive_report
 .text.hidh_init
                0x10006234       0x14 CMakeFiles/sx2_indicator.dir/C_/Users/hra/Documents/github/sangria_firmware/pico-sdk/lib/tinyusb/src/class/hid/hid_host.c.obj
                0x10006234                hidh_init
 .text.hidh_xfer_cb
                0x10006248       0x80 CMakeFiles/sx2_indicator.dir/C_/Users/hra/Documents/github/sangria_firmware/pico-sdk/lib/tinyusb/src/class/hid/hid_host.c.obj
                0x10006248                hidh_xfer_cb
 .text.hidh_close
                0x100062c8       0x54 CMakeFiles/sx2_indicator.dir/C_/Users/hra/Documents/github/sangria_firmware/pico-sdk/lib/tinyusb/src/class/hid/hid_host.c.obj
                0x100062c8                hidh_close
 .text.hidh_open
                0x1000631c      0x118 CMakeFiles/sx2_indicator.dir/C_/Users/hra/Documents/github/sangria_firmware/pico-sdk/lib/tinyusb/src/class/hid/hid_host.c.obj
                0x1000631c                hidh_open
 .text.hidh_set_config
                0x10006434       0xb0 CMakeFiles/sx2_indicator.dir/C_/Users/hra/Documents/github/sangria_firmware/pico-sdk/lib/tinyusb/src/class/hid/hid_host.c.obj
                0x10006434                hidh_set_config
 .text.tuh_hid_parse_report_descriptor
                0x100064e4       0xcc CMakeFiles/sx2_indicator.dir/C_/Users/hra/Documents/github/sangria_firmware/pico-sdk/lib/tinyusb/src/class/hid/hid_host.c.obj
                0x100064e4                tuh_hid_parse_report_descriptor
 .text.tusb_init
                0x100065b0        0xc CMakeFiles/sx2_indicator.dir/C_/Users/hra/Documents/github/sangria_firmware/pico-sdk/lib/tinyusb/src/tusb.c.obj
                0x100065b0                tusb_init
 .text.tusb_inited
                0x100065bc        0x8 CMakeFiles/sx2_indicator.dir/C_/Users/hra/Documents/github/sangria_firmware/pico-sdk/lib/tinyusb/src/tusb.c.obj
                0x100065bc                tusb_inited
 .text.tu_edpt_claim
                0x100065c4       0x50 CMakeFiles/sx2_indicator.dir/C_/Users/hra/Documents/github/sangria_firmware/pico-sdk/lib/tinyusb/src/tusb.c.obj
                0x100065c4                tu_edpt_claim
 .text.tu_edpt_validate
                0x10006614       0x78 CMakeFiles/sx2_indicator.dir/C_/Users/hra/Documents/github/sangria_firmware/pico-sdk/lib/tinyusb/src/tusb.c.obj
                0x10006614                tu_edpt_validate
 .text.tu_edpt_bind_driver
                0x1000668c       0x34 CMakeFiles/sx2_indicator.dir/C_/Users/hra/Documents/github/sangria_firmware/pico-sdk/lib/tinyusb/src/tusb.c.obj
                0x1000668c                tu_edpt_bind_driver
 .text.tu_desc_get_interface_total_len
                0x100066c0       0x4c CMakeFiles/sx2_indicator.dir/C_/Users/hra/Documents/github/sangria_firmware/pico-sdk/lib/tinyusb/src/tusb.c.obj
                0x100066c0                tu_desc_get_interface_total_len
 .text.tu_fifo_read
                0x1000670c       0x9c CMakeFiles/sx2_indicator.dir/C_/Users/hra/Documents/github/sangria_firmware/pico-sdk/lib/tinyusb/src/common/tusb_fifo.c.obj
                0x1000670c                tu_fifo_read
 .text.tu_fifo_write
                0x100067a8       0x7c CMakeFiles/sx2_indicator.dir/C_/Users/hra/Documents/github/sangria_firmware/pico-sdk/lib/tinyusb/src/common/tusb_fifo.c.obj
                0x100067a8                tu_fifo_write
 .text.tu_fifo_clear
                0x10006824       0x4c CMakeFiles/sx2_indicator.dir/C_/Users/hra/Documents/github/sangria_firmware/pico-sdk/lib/tinyusb/src/common/tusb_fifo.c.obj
                0x10006824                tu_fifo_clear
 .text.board_init
                0x10006870       0x30 CMakeFiles/sx2_indicator.dir/C_/Users/hra/Documents/github/sangria_firmware/pico-sdk/lib/tinyusb/hw/bsp/rp2040/family.c.obj
                0x10006870                board_init
 .text.board_led_write
                0x100068a0       0x14 CMakeFiles/sx2_indicator.dir/C_/Users/hra/Documents/github/sangria_firmware/pico-sdk/lib/tinyusb/hw/bsp/rp2040/family.c.obj
                0x100068a0                board_led_write
 .text.strlen   0x100068b4       0x5c c:/progra~2/gnu arm embedded toolchain/10 2020-q4-major/bin/../lib/gcc/arm-none-eabi/10.2.1/../../../../arm-none-eabi/lib/thumb/v6-m/nofp\libc.a(lib_a-strlen-stub.o)
                0x100068b4                strlen
 *(.fini)
 .fini          0x10006910        0x4 c:/progra~2/gnu arm embedded toolchain/10 2020-q4-major/bin/../lib/gcc/arm-none-eabi/10.2.1/thumb/v6-m/nofp/crti.o
                0x10006910                _fini
 *fill*         0x10006914        0x4 
 .fini.__stub   0x10006918       0x90 linker stubs
 *crtbegin.o(.ctors)
 *crtbegin?.o(.ctors)
 *(EXCLUDE_FILE(*crtend.o *crtend?.o) .ctors)
 *(SORT_BY_NAME(.ctors.*))
 *(.ctors)
 *crtbegin.o(.dtors)
 *crtbegin?.o(.dtors)
 *(EXCLUDE_FILE(*crtend.o *crtend?.o) .dtors)
 *(SORT_BY_NAME(.dtors.*))
 *(.dtors)
 *(.eh_frame*)
 .eh_frame      0x100069a8        0x0 c:/progra~2/gnu arm embedded toolchain/10 2020-q4-major/bin/../lib/gcc/arm-none-eabi/10.2.1/thumb/v6-m/nofp/crtbegin.o
                0x100069a8                . = ALIGN (0x4)

.glue_7         0x100069a8        0x0
 .glue_7        0x100069a8        0x0 linker stubs

.glue_7t        0x100069a8        0x0
 .glue_7t       0x100069a8        0x0 linker stubs

.vfp11_veneer   0x100069a8        0x0
 .vfp11_veneer  0x100069a8        0x0 linker stubs

.v4_bx          0x100069a8        0x0
 .v4_bx         0x100069a8        0x0 linker stubs

.iplt           0x100069a8        0x0
 .iplt          0x100069a8        0x0 c:/progra~2/gnu arm embedded toolchain/10 2020-q4-major/bin/../lib/gcc/arm-none-eabi/10.2.1/thumb/v6-m/nofp/crtbegin.o

.rodata         0x100069a8    0x25900
 *(EXCLUDE_FILE(*libm.a: *libc.a:*lib_a-mem*.o *libgcc.a:) .rodata*)
 .rodata._ZL13response_corev.str1.4
                0x100069a8      0x1db CMakeFiles/sx2_indicator.dir/main.cpp.obj
 *fill*         0x10006b83        0x1 
 .rodata._ZL13response_corev
                0x10006b84       0x2c CMakeFiles/sx2_indicator.dir/main.cpp.obj
 .rodata._ZL13grp_indicator
                0x10006bb0     0xfd20 CMakeFiles/sx2_indicator.dir/main.cpp.obj
 .rodata._ZL14grp_background
                0x100168d0     0xfd20 CMakeFiles/sx2_indicator.dir/main.cpp.obj
 .rodata._ZL7grp_msx
                0x100265f0     0x5200 CMakeFiles/sx2_indicator.dir/main.cpp.obj
 .rodata._ZL8grp_font
                0x1002b7f0      0x300 CMakeFiles/sx2_indicator.dir/main.cpp.obj
 .rodata._ZL9grp_mouse
                0x1002baf0      0x4e0 CMakeFiles/sx2_indicator.dir/main.cpp.obj
 .rodata._Z11ps2dev_taskv
                0x1002bfd0       0xf4 CMakeFiles/sx2_indicator.dir/ps2dev_driver.cpp.obj
 .rodata.spin_lock_claim_unused.str1.4
                0x1002c0c4       0x1b CMakeFiles/sx2_indicator.dir/C_/Users/hra/Documents/github/sangria_firmware/pico-sdk/src/rp2_common/hardware_sync/sync.c.obj
 *fill*         0x1002c0df        0x1 
 .rodata.hardware_alarm_claim.str1.4
                0x1002c0e0       0x22 CMakeFiles/sx2_indicator.dir/C_/Users/hra/Documents/github/sangria_firmware/pico-sdk/src/rp2_common/hardware_timer/timer.c.obj
 *fill*         0x1002c102        0x2 
 .rodata.panic.str1.4
                0x1002c104       0x12 CMakeFiles/sx2_indicator.dir/C_/Users/hra/Documents/github/sangria_firmware/pico-sdk/src/rp2_common/pico_runtime/runtime.c.obj
 *fill*         0x1002c116        0x2 
 .rodata.hard_assertion_failure.str1.4
                0x1002c118        0xc CMakeFiles/sx2_indicator.dir/C_/Users/hra/Documents/github/sangria_firmware/pico-sdk/src/rp2_common/pico_runtime/runtime.c.obj
 .rodata.str1.4
                0x1002c124       0x44 CMakeFiles/sx2_indicator.dir/C_/Users/hra/Documents/github/sangria_firmware/pico-sdk/src/rp2_common/pico_standard_link/binary_info.c.obj
 .rodata.__bi_44
                0x1002c168        0xc CMakeFiles/sx2_indicator.dir/C_/Users/hra/Documents/github/sangria_firmware/pico-sdk/src/rp2_common/pico_standard_link/binary_info.c.obj
 .rodata.__bi_75
                0x1002c174        0xc CMakeFiles/sx2_indicator.dir/C_/Users/hra/Documents/github/sangria_firmware/pico-sdk/src/rp2_common/pico_standard_link/binary_info.c.obj
 .rodata.__bi_81
                0x1002c180        0xc CMakeFiles/sx2_indicator.dir/C_/Users/hra/Documents/github/sangria_firmware/pico-sdk/src/rp2_common/pico_standard_link/binary_info.c.obj
 .rodata.crlf_str.0
                0x1002c18c        0x2 CMakeFiles/sx2_indicator.dir/C_/Users/hra/Documents/github/sangria_firmware/pico-sdk/src/rp2_common/pico_stdio/stdio.c.obj
 *fill*         0x1002c18e        0x2 
 .rodata.dma_claim_unused_channel.str1.4
                0x1002c190       0x1e CMakeFiles/sx2_indicator.dir/C_/Users/hra/Documents/github/sangria_firmware/pico-sdk/src/rp2_common/hardware_dma/dma.c.obj
 *fill*         0x1002c1ae        0x2 
 .rodata.hcd_rp2040_irq.str1.4
                0x1002c1b0       0x40 CMakeFiles/sx2_indicator.dir/C_/Users/hra/Documents/github/sangria_firmware/pico-sdk/lib/tinyusb/src/portable/raspberrypi/rp2040/hcd_rp2040.c.obj
 .rodata.hcd_port_speed_get.str1.4
                0x1002c1f0        0xf CMakeFiles/sx2_indicator.dir/C_/Users/hra/Documents/github/sangria_firmware/pico-sdk/lib/tinyusb/src/portable/raspberrypi/rp2040/hcd_rp2040.c.obj
 *fill*         0x1002c1ff        0x1 
 .rodata._hw_endpoint_buffer_control_update32.part.0.isra.0.str1.4
                0x1002c200       0x1f CMakeFiles/sx2_indicator.dir/C_/Users/hra/Documents/github/sangria_firmware/pico-sdk/lib/tinyusb/src/portable/raspberrypi/rp2040/rp2040_usb.c.obj
 *fill*         0x1002c21f        0x1 
 .rodata.hw_endpoint_xfer_continue.str1.4
                0x1002c220       0x29 CMakeFiles/sx2_indicator.dir/C_/Users/hra/Documents/github/sangria_firmware/pico-sdk/lib/tinyusb/src/portable/raspberrypi/rp2040/rp2040_usb.c.obj
 *fill*         0x1002c249        0x3 
 .rodata.str1.4
                0x1002c24c        0x7 CMakeFiles/sx2_indicator.dir/C_/Users/hra/Documents/github/sangria_firmware/pico-sdk/lib/tinyusb/src/portable/raspberrypi/rp2040/rp2040_usb.c.obj
 *fill*         0x1002c253        0x1 
 .rodata.process_enumeration
                0x1002c254       0x28 CMakeFiles/sx2_indicator.dir/C_/Users/hra/Documents/github/sangria_firmware/pico-sdk/lib/tinyusb/src/host/usbh.c.obj
 .rodata.usbh_class_drivers
                0x1002c27c       0x14 CMakeFiles/sx2_indicator.dir/C_/Users/hra/Documents/github/sangria_firmware/pico-sdk/lib/tinyusb/src/host/usbh.c.obj
 .rodata.str1.4
                0x1002c290        0x4 CMakeFiles/sx2_indicator.dir/C_/Users/hra/Documents/github/sangria_firmware/pico-sdk/lib/tinyusb/hw/bsp/rp2040/family.c.obj
 .rodata.__bi_142.0
                0x1002c294        0xc CMakeFiles/sx2_indicator.dir/C_/Users/hra/Documents/github/sangria_firmware/pico-sdk/lib/tinyusb/hw/bsp/rp2040/family.c.obj
 .rodata.__bi_152.1
                0x1002c2a0        0x8 CMakeFiles/sx2_indicator.dir/C_/Users/hra/Documents/github/sangria_firmware/pico-sdk/lib/tinyusb/hw/bsp/rp2040/family.c.obj
                0x1002c2a8                . = ALIGN (0x4)
 *(SORT_BY_ALIGNMENT(SORT_BY_NAME(.flashdata*)))
                0x1002c2a8                . = ALIGN (0x4)

.rel.dyn        0x1002c2a8        0x0
 .rel.iplt      0x1002c2a8        0x0 c:/progra~2/gnu arm embedded toolchain/10 2020-q4-major/bin/../lib/gcc/arm-none-eabi/10.2.1/thumb/v6-m/nofp/crtbegin.o

.ARM.extab
 *(.ARM.extab* .gnu.linkonce.armextab.*)
                0x1002c2a8                __exidx_start = .

.ARM.exidx
 *(.ARM.exidx* .gnu.linkonce.armexidx.*)
                0x1002c2a8                __exidx_end = .
                0x1002c2a8                . = ALIGN (0x4)
                0x1002c2a8                __binary_info_start = .

.binary_info    0x1002c2a8       0x24
 *(.binary_info.keep.*)
 .binary_info.keep.__bi_ptr22
                0x1002c2a8        0x4 CMakeFiles/sx2_indicator.dir/C_/Users/hra/Documents/github/sangria_firmware/pico-sdk/src/rp2_common/pico_standard_link/binary_info.c.obj
 .binary_info.keep.__bi_ptr30
                0x1002c2ac        0x4 CMakeFiles/sx2_indicator.dir/C_/Users/hra/Documents/github/sangria_firmware/pico-sdk/src/rp2_common/pico_standard_link/binary_info.c.obj
 .binary_info.keep.__bi_ptr38
                0x1002c2b0        0x4 CMakeFiles/sx2_indicator.dir/C_/Users/hra/Documents/github/sangria_firmware/pico-sdk/src/rp2_common/pico_standard_link/binary_info.c.obj
 .binary_info.keep.__bi_ptr44
                0x1002c2b4        0x4 CMakeFiles/sx2_indicator.dir/C_/Users/hra/Documents/github/sangria_firmware/pico-sdk/src/rp2_common/pico_standard_link/binary_info.c.obj
 .binary_info.keep.__bi_ptr50
                0x1002c2b8        0x4 CMakeFiles/sx2_indicator.dir/C_/Users/hra/Documents/github/sangria_firmware/pico-sdk/src/rp2_common/pico_standard_link/binary_info.c.obj
 .binary_info.keep.__bi_ptr75
                0x1002c2bc        0x4 CMakeFiles/sx2_indicator.dir/C_/Users/hra/Documents/github/sangria_firmware/pico-sdk/src/rp2_common/pico_standard_link/binary_info.c.obj
 .binary_info.keep.__bi_ptr81
                0x1002c2c0        0x4 CMakeFiles/sx2_indicator.dir/C_/Users/hra/Documents/github/sangria_firmware/pico-sdk/src/rp2_common/pico_standard_link/binary_info.c.obj
 .binary_info.keep.__bi_ptr142
                0x1002c2c4        0x4 CMakeFiles/sx2_indicator.dir/C_/Users/hra/Documents/github/sangria_firmware/pico-sdk/lib/tinyusb/hw/bsp/rp2040/family.c.obj
 .binary_info.keep.__bi_ptr152
                0x1002c2c8        0x4 CMakeFiles/sx2_indicator.dir/C_/Users/hra/Documents/github/sangria_firmware/pico-sdk/lib/tinyusb/hw/bsp/rp2040/family.c.obj
 *(.binary_info.*)
                0x1002c2cc                __binary_info_end = .
                0x1002c2cc                . = ALIGN (0x4)
                0x1002c2cc                __etext = .

.ram_vector_table
                0x20000000       0xc0
 *(.ram_vector_table)
 .ram_vector_table
                0x20000000       0xc0 CMakeFiles/sx2_indicator.dir/C_/Users/hra/Documents/github/sangria_firmware/pico-sdk/src/rp2_common/pico_runtime/runtime.c.obj
                0x20000000                ram_vector_table

.data           0x200000c0      0x3b8 load address 0x1002c2cc
                0x200000c0                __data_start__ = .
 *(vtable)
 *(.time_critical*)
 .time_critical.sem_acquire_blocking
                0x200000c0       0x44 CMakeFiles/sx2_indicator.dir/C_/Users/hra/Documents/github/sangria_firmware/pico-sdk/src/common/pico_sync/sem.c.obj
                0x200000c0                sem_acquire_blocking
 .time_critical.sem_release
                0x20000104       0x4c CMakeFiles/sx2_indicator.dir/C_/Users/hra/Documents/github/sangria_firmware/pico-sdk/src/common/pico_sync/sem.c.obj
                0x20000104                sem_release
 .time_critical.mutex_enter_blocking
                0x20000150       0x48 CMakeFiles/sx2_indicator.dir/C_/Users/hra/Documents/github/sangria_firmware/pico-sdk/src/common/pico_sync/mutex.c.obj
                0x20000150                mutex_enter_blocking
 .time_critical.mutex_try_enter
                0x20000198       0x44 CMakeFiles/sx2_indicator.dir/C_/Users/hra/Documents/github/sangria_firmware/pico-sdk/src/common/pico_sync/mutex.c.obj
                0x20000198                mutex_try_enter
 .time_critical.mutex_enter_timeout_ms
                0x200001dc       0xa0 CMakeFiles/sx2_indicator.dir/C_/Users/hra/Documents/github/sangria_firmware/pico-sdk/src/common/pico_sync/mutex.c.obj
                0x200001dc                mutex_enter_timeout_ms
 .time_critical.mutex_exit
                0x2000027c       0x28 CMakeFiles/sx2_indicator.dir/C_/Users/hra/Documents/github/sangria_firmware/pico-sdk/src/common/pico_sync/mutex.c.obj
                0x2000027c                mutex_exit
 .time_critical.spi_write_blocking
                0x200002a4       0x4c CMakeFiles/sx2_indicator.dir/C_/Users/hra/Documents/github/sangria_firmware/pico-sdk/src/rp2_common/hardware_spi/spi.c.obj
                0x200002a4                spi_write_blocking
 .time_critical.tinyusb
                0x200002f0       0x38 CMakeFiles/sx2_indicator.dir/C_/Users/hra/Documents/github/sangria_firmware/pico-sdk/lib/tinyusb/src/host/usbh.c.obj
                0x200002f0                hcd_event_handler
 *(.text*)
 .text          0x20000328        0x4 c:/progra~2/gnu arm embedded toolchain/10 2020-q4-major/bin/../lib/gcc/arm-none-eabi/10.2.1/thumb/v6-m/nofp\libgcc.a(_dvmd_tls.o)
                0x20000328                __aeabi_idiv0
                0x20000328                __aeabi_ldiv0
 *fill*         0x2000032c        0x4 
 .text.__stub   0x20000330       0x40 linker stubs
                0x20000370                . = ALIGN (0x4)
 *(.rodata*)
                0x20000370                . = ALIGN (0x4)
 *(.data*)
 .data.grp_mouse_height
                0x20000370        0x4 CMakeFiles/sx2_indicator.dir/main.cpp.obj
                0x20000370                grp_mouse_height
 .data.grp_mouse_width
                0x20000374        0x4 CMakeFiles/sx2_indicator.dir/main.cpp.obj
                0x20000374                grp_mouse_width
 .data.striped_spin_lock_num
                0x20000378        0x1 CMakeFiles/sx2_indicator.dir/C_/Users/hra/Documents/github/sangria_firmware/pico-sdk/src/rp2_common/hardware_sync/sync.c.obj
 *fill*         0x20000379        0x3 
 .data          0x2000037c       0x48 CMakeFiles/sx2_indicator.dir/C_/Users/hra/Documents/github/sangria_firmware/pico-sdk/src/rp2_common/hardware_irq/irq_handler_chain.S.obj
                0x2000037c                irq_handler_chain_slots
                0x200003ac                irq_handler_chain_first_slot
                0x200003b6                irq_handler_chain_remove_tail
 .data.default_alarm_pool
                0x200003c4       0x18 CMakeFiles/sx2_indicator.dir/C_/Users/hra/Documents/github/sangria_firmware/pico-sdk/src/common/pico_time/time.c.obj
 .data.default_alarm_pool_heap
                0x200003dc       0x10 CMakeFiles/sx2_indicator.dir/C_/Users/hra/Documents/github/sangria_firmware/pico-sdk/src/common/pico_time/time.c.obj
 *fill*         0x200003ec        0x4 
 .data.aeabi_bits_funcs
                0x200003f0       0x10 CMakeFiles/sx2_indicator.dir/C_/Users/hra/Documents/github/sangria_firmware/pico-sdk/src/rp2_common/pico_bit_ops/bit_ops_aeabi.S.obj
                0x200003f0                aeabi_bits_funcs
                0x20000400                aeabi_bits_funcs_end
 .data.aeabi_mem_funcs
                0x20000400       0x10 CMakeFiles/sx2_indicator.dir/C_/Users/hra/Documents/github/sangria_firmware/pico-sdk/src/rp2_common/pico_mem_ops/mem_ops_aeabi.S.obj
                0x20000400                aeabi_mem_funcs
                0x20000410                aeabi_mem_funcs_end
 .data.stdio_uart
                0x20000410       0x14 CMakeFiles/sx2_indicator.dir/C_/Users/hra/Documents/github/sangria_firmware/pico-sdk/src/rp2_common/pico_stdio_uart/stdio_uart.c.obj
                0x20000410                stdio_uart
 .data.ep_dir_string
                0x20000424        0x8 CMakeFiles/sx2_indicator.dir/C_/Users/hra/Documents/github/sangria_firmware/pico-sdk/lib/tinyusb/src/portable/raspberrypi/rp2040/rp2040_usb.c.obj
                0x20000424                ep_dir_string
 .data._usbh_controller
                0x2000042c        0x1 CMakeFiles/sx2_indicator.dir/C_/Users/hra/Documents/github/sangria_firmware/pico-sdk/lib/tinyusb/src/host/usbh.c.obj
 *fill*         0x2000042d        0x3 
 .data._usbh_qdef
                0x20000430       0x24 CMakeFiles/sx2_indicator.dir/C_/Users/hra/Documents/github/sangria_firmware/pico-sdk/lib/tinyusb/src/host/usbh.c.obj
                0x20000430                _usbh_qdef
                0x20000454                . = ALIGN (0x4)
 *(.after_data.*)
                0x20000454                . = ALIGN (0x4)
                0x20000454                PROVIDE (__mutex_array_start = .)
 *(SORT_BY_NAME(.mutex_array.*))
 *(.mutex_array)
 .mutex_array   0x20000454        0x8 CMakeFiles/sx2_indicator.dir/C_/Users/hra/Documents/github/sangria_firmware/pico-sdk/src/rp2_common/pico_malloc/pico_malloc.c.obj
 .mutex_array   0x2000045c        0x8 CMakeFiles/sx2_indicator.dir/C_/Users/hra/Documents/github/sangria_firmware/pico-sdk/src/rp2_common/pico_stdio/stdio.c.obj
                0x20000464                PROVIDE (__mutex_array_end = .)
                0x20000464                . = ALIGN (0x4)
                0x20000464                PROVIDE (__preinit_array_start = .)
 *(SORT_BY_NAME(.preinit_array.*))
 .preinit_array.00001
                0x20000464        0x4 CMakeFiles/sx2_indicator.dir/C_/Users/hra/Documents/github/sangria_firmware/pico-sdk/src/rp2_common/pico_mem_ops/mem_ops_aeabi.S.obj
 .preinit_array.00010
                0x20000468        0x4 CMakeFiles/sx2_indicator.dir/C_/Users/hra/Documents/github/sangria_firmware/pico-sdk/src/rp2_common/pico_bit_ops/bit_ops_aeabi.S.obj
 .preinit_array.00020
                0x2000046c        0x4 CMakeFiles/sx2_indicator.dir/C_/Users/hra/Documents/github/sangria_firmware/pico-sdk/src/rp2_common/pico_double/double_aeabi.S.obj
 .preinit_array.00020
                0x20000470        0x4 CMakeFiles/sx2_indicator.dir/C_/Users/hra/Documents/github/sangria_firmware/pico-sdk/src/rp2_common/pico_float/float_aeabi.S.obj
 *(.preinit_array)
                0x20000474                PROVIDE (__preinit_array_end = .)
                0x20000474                . = ALIGN (0x4)
                0x20000474                PROVIDE (__init_array_start = .)
 *(SORT_BY_NAME(.init_array.*))
 *(.init_array)
 .init_array    0x20000474        0x4 c:/progra~2/gnu arm embedded toolchain/10 2020-q4-major/bin/../lib/gcc/arm-none-eabi/10.2.1/thumb/v6-m/nofp/crtbegin.o
                0x20000478                PROVIDE (__init_array_end = .)
                0x20000478                . = ALIGN (0x4)
                [!provide]                PROVIDE (__fini_array_start = .)
 *(SORT_BY_NAME(.fini_array.*))
 *(.fini_array)
                [!provide]                PROVIDE (__fini_array_end = .)
 *(.jcr)
                0x20000478                . = ALIGN (0x4)
                0x20000478                __data_end__ = .

.igot.plt       0x20000478        0x0 load address 0x1002c684
 .igot.plt      0x20000478        0x0 c:/progra~2/gnu arm embedded toolchain/10 2020-q4-major/bin/../lib/gcc/arm-none-eabi/10.2.1/thumb/v6-m/nofp/crtbegin.o

.uninitialized_data
                0x20000478        0x0 load address 0x1002c684
                0x20000478                . = ALIGN (0x4)
 *(.uninitialized_data*)

.scratch_x      0x20040000        0x0 load address 0x1002c684
                0x20040000                __scratch_x_start__ = .
 *(.scratch_x.*)
                0x20040000                . = ALIGN (0x4)
                0x20040000                __scratch_x_end__ = .
                0x1002c684                __scratch_x_source__ = LOADADDR (.scratch_x)

.scratch_y      0x20041000        0x0 load address 0x1002c684
                0x20041000                __scratch_y_start__ = .
 *(.scratch_y.*)
                0x20041000                . = ALIGN (0x4)
                0x20041000                __scratch_y_end__ = .
                0x1002c684                __scratch_y_source__ = LOADADDR (.scratch_y)

.bss            0x20000478    0x20424
                0x20000478                . = ALIGN (0x4)
                0x20000478                __bss_start__ = .
 *(SORT_BY_ALIGNMENT(SORT_BY_NAME(.bss*)))
 .bss._ZL10start_time
                0x20000478        0x8 CMakeFiles/sx2_indicator.dir/ps2dev_driver.cpp.obj
 .bss.default_alarm_pool_entries
                0x20000480      0x100 CMakeFiles/sx2_indicator.dir/C_/Users/hra/Documents/github/sangria_firmware/pico-sdk/src/common/pico_time/time.c.obj
 .bss.sd_table  0x20000580      0x100 CMakeFiles/sx2_indicator.dir/C_/Users/hra/Documents/github/sangria_firmware/pico-sdk/src/rp2_common/pico_double/double_init_rom.c.obj
                0x20000580                sd_table
 .bss.sf_table  0x20000680      0x100 CMakeFiles/sx2_indicator.dir/C_/Users/hra/Documents/github/sangria_firmware/pico-sdk/src/rp2_common/pico_float/float_init_rom.c.obj
                0x20000680                sf_table
 .bss           0x20000780       0x1c c:/progra~2/gnu arm embedded toolchain/10 2020-q4-major/bin/../lib/gcc/arm-none-eabi/10.2.1/thumb/v6-m/nofp/crtbegin.o
 .bss._ZL11send_result
                0x2000079c        0x4 CMakeFiles/sx2_indicator.dir/ps2dev_driver.cpp.obj
 .bss._ZL12ps2dev_state
                0x200007a0        0x4 CMakeFiles/sx2_indicator.dir/ps2dev_driver.cpp.obj
 .bss._ZL12receive_fifo
                0x200007a4        0x8 CMakeFiles/sx2_indicator.dir/ps2dev_driver.cpp.obj
 .bss._ZL13dma_tx_config
                0x200007ac        0x4 CMakeFiles/sx2_indicator.dir/tft_driver.cpp.obj
 .bss._ZL13fifo_read_ptr
                0x200007b0        0x4 CMakeFiles/sx2_indicator.dir/ps2dev_driver.cpp.obj
 .bss._ZL14dma_tx_channel
                0x200007b4        0x4 CMakeFiles/sx2_indicator.dir/tft_driver.cpp.obj
 .bss._ZL14fifo_write_ptr
                0x200007b8        0x4 CMakeFiles/sx2_indicator.dir/ps2dev_driver.cpp.obj
 .bss._ZL17chip_select_count
                0x200007bc        0x4 CMakeFiles/sx2_indicator.dir/tft_driver.cpp.obj
 .bss._ZL3sem   0x200007c0        0x8 CMakeFiles/sx2_indicator.dir/ps2dev_driver.cpp.obj
 .bss._ZL7buffer1
                0x200007c8     0xfd20 CMakeFiles/sx2_indicator.dir/main.cpp.obj
 .bss._ZL7buffer2
                0x200104e8     0xfd20 CMakeFiles/sx2_indicator.dir/main.cpp.obj
 .bss._ZL8ps2state
                0x20020208        0x4 CMakeFiles/sx2_indicator.dir/main.cpp.obj
 .bss._ZL9send_data
                0x2002020c        0x4 CMakeFiles/sx2_indicator.dir/ps2dev_driver.cpp.obj
 .bss._ZZL13response_corevE8s_buffer
                0x20020210       0x1f CMakeFiles/sx2_indicator.dir/main.cpp.obj
 *fill*         0x2002022f        0x1 
 .bss._ctrl_xfer
                0x20020230       0x18 CMakeFiles/sx2_indicator.dir/C_/Users/hra/Documents/github/sangria_firmware/pico-sdk/lib/tinyusb/src/host/usbh.c.obj
                0x20020230                _ctrl_xfer
 .bss._dev0     0x20020248        0x5 CMakeFiles/sx2_indicator.dir/C_/Users/hra/Documents/github/sangria_firmware/pico-sdk/lib/tinyusb/src/host/usbh.c.obj
 *fill*         0x2002024d        0x3 
 .bss._hidh_dev
                0x20020250      0x11a CMakeFiles/sx2_indicator.dir/C_/Users/hra/Documents/github/sangria_firmware/pico-sdk/lib/tinyusb/src/class/hid/hid_host.c.obj
 *fill*         0x2002036a        0x2 
 .bss._usbh_ctrl_buf
                0x2002036c      0x100 CMakeFiles/sx2_indicator.dir/C_/Users/hra/Documents/github/sangria_firmware/pico-sdk/lib/tinyusb/src/host/usbh.c.obj
 .bss._usbh_devices
                0x2002046c       0x26 CMakeFiles/sx2_indicator.dir/C_/Users/hra/Documents/github/sangria_firmware/pico-sdk/lib/tinyusb/src/host/usbh.c.obj
                0x2002046c                _usbh_devices
 *fill*         0x20020492        0x2 
 .bss._usbh_mutex
                0x20020494        0x4 CMakeFiles/sx2_indicator.dir/C_/Users/hra/Documents/github/sangria_firmware/pico-sdk/lib/tinyusb/src/host/usbh.c.obj
 .bss._usbh_mutexdef
                0x20020498        0x8 CMakeFiles/sx2_indicator.dir/C_/Users/hra/Documents/github/sangria_firmware/pico-sdk/lib/tinyusb/src/host/usbh.c.obj
 .bss._usbh_q   0x200204a0        0x4 CMakeFiles/sx2_indicator.dir/C_/Users/hra/Documents/github/sangria_firmware/pico-sdk/lib/tinyusb/src/host/usbh.c.obj
 .bss._usbh_qdef_buf
                0x200204a4       0xc0 CMakeFiles/sx2_indicator.dir/C_/Users/hra/Documents/github/sangria_firmware/pico-sdk/lib/tinyusb/src/host/usbh.c.obj
                0x200204a4                _usbh_qdef_buf
 .bss.alarm_callbacks
                0x20020564       0x10 CMakeFiles/sx2_indicator.dir/C_/Users/hra/Documents/github/sangria_firmware/pico-sdk/src/rp2_common/hardware_timer/timer.c.obj
 .bss.claimed   0x20020574        0x4 CMakeFiles/sx2_indicator.dir/C_/Users/hra/Documents/github/sangria_firmware/pico-sdk/src/rp2_common/hardware_sync/sync.c.obj
 .bss.configured_freq
                0x20020578       0x28 CMakeFiles/sx2_indicator.dir/C_/Users/hra/Documents/github/sangria_firmware/pico-sdk/src/rp2_common/hardware_clocks/clocks.c.obj
 .bss.default_alarm_pool_entry_ids_high
                0x200205a0       0x10 CMakeFiles/sx2_indicator.dir/C_/Users/hra/Documents/github/sangria_firmware/pico-sdk/src/common/pico_time/time.c.obj
 .bss.default_alarm_pool_heap_nodes
                0x200205b0       0x30 CMakeFiles/sx2_indicator.dir/C_/Users/hra/Documents/github/sangria_firmware/pico-sdk/src/common/pico_time/time.c.obj
 .bss.drivers   0x200205e0        0x4 CMakeFiles/sx2_indicator.dir/C_/Users/hra/Documents/github/sangria_firmware/pico-sdk/src/rp2_common/pico_stdio/stdio.c.obj
 .bss.ep_pool   0x200205e4      0x240 CMakeFiles/sx2_indicator.dir/C_/Users/hra/Documents/github/sangria_firmware/pico-sdk/lib/tinyusb/src/portable/raspberrypi/rp2040/hcd_rp2040.c.obj
 .bss.filter    0x20020824        0x4 CMakeFiles/sx2_indicator.dir/C_/Users/hra/Documents/github/sangria_firmware/pico-sdk/src/rp2_common/pico_stdio/stdio.c.obj
 .bss.hid_info  0x20020828       0x24 CMakeFiles/sx2_indicator.dir/usb_host_driver.c.obj
 .bss.lazy_vsnprintf
                0x2002084c        0x4 CMakeFiles/sx2_indicator.dir/C_/Users/hra/Documents/github/sangria_firmware/pico-sdk/src/rp2_common/pico_printf/printf.c.obj
 .bss.mouse_button
                0x20020850        0x4 CMakeFiles/sx2_indicator.dir/usb_host_driver.c.obj
 .bss.mouse_resolution
                0x20020854        0x4 CMakeFiles/sx2_indicator.dir/usb_host_driver.c.obj
 .bss.pools     0x20020858       0x10 CMakeFiles/sx2_indicator.dir/C_/Users/hra/Documents/github/sangria_firmware/pico-sdk/src/common/pico_time/time.c.obj
 .bss.sf_clz_func
                0x20020868        0x4 CMakeFiles/sx2_indicator.dir/C_/Users/hra/Documents/github/sangria_firmware/pico-sdk/src/rp2_common/pico_double/double_init_rom.c.obj
                0x20020868                sf_clz_func
 .bss.sleep_notifier
                0x2002086c        0x4 CMakeFiles/sx2_indicator.dir/C_/Users/hra/Documents/github/sangria_firmware/pico-sdk/src/common/pico_time/time.c.obj
 .bss.target_hi
                0x20020870       0x10 CMakeFiles/sx2_indicator.dir/C_/Users/hra/Documents/github/sangria_firmware/pico-sdk/src/rp2_common/hardware_timer/timer.c.obj
 .bss.uart_char_to_line_feed
                0x20020880        0x4 CMakeFiles/sx2_indicator.dir/C_/Users/hra/Documents/github/sangria_firmware/pico-sdk/src/rp2_common/hardware_uart/uart.c.obj
                0x20020880                uart_char_to_line_feed
 .bss.uart_inst
                0x20020884        0x4 CMakeFiles/sx2_indicator.dir/C_/Users/hra/Documents/github/sangria_firmware/pico-sdk/lib/tinyusb/hw/bsp/rp2040/family.c.obj
 .bss.uart_instance
                0x20020888        0x4 CMakeFiles/sx2_indicator.dir/C_/Users/hra/Documents/github/sangria_firmware/pico-sdk/src/rp2_common/pico_stdio_uart/stdio_uart.c.obj
 .bss._claimed  0x2002088c        0x2 CMakeFiles/sx2_indicator.dir/C_/Users/hra/Documents/github/sangria_firmware/pico-sdk/src/rp2_common/hardware_dma/dma.c.obj
 .bss.mouse_delta_x
                0x2002088e        0x2 CMakeFiles/sx2_indicator.dir/usb_host_driver.c.obj
 .bss.mouse_delta_y
                0x20020890        0x2 CMakeFiles/sx2_indicator.dir/usb_host_driver.c.obj
 .bss._ZL12parity_check
                0x20020892        0x1 CMakeFiles/sx2_indicator.dir/ps2dev_driver.cpp.obj
 .bss._ZL12receive_data
                0x20020893        0x1 CMakeFiles/sx2_indicator.dir/ps2dev_driver.cpp.obj
 .bss.claimed   0x20020894        0x1 CMakeFiles/sx2_indicator.dir/C_/Users/hra/Documents/github/sangria_firmware/pico-sdk/src/rp2_common/hardware_timer/timer.c.obj
 .bss.detect_mode
                0x20020895        0x1 CMakeFiles/sx2_indicator.dir/usb_host_driver.c.obj
 .bss.failed_count.0
                0x20020896        0x1 CMakeFiles/sx2_indicator.dir/C_/Users/hra/Documents/github/sangria_firmware/pico-sdk/lib/tinyusb/src/host/usbh.c.obj
 .bss.irq_hander_chain_free_slot_head
                0x20020897        0x1 CMakeFiles/sx2_indicator.dir/C_/Users/hra/Documents/github/sangria_firmware/pico-sdk/src/rp2_common/hardware_irq/irq.c.obj
 .bss.mouse_consume_data
                0x20020898        0x1 CMakeFiles/sx2_indicator.dir/usb_host_driver.c.obj
 .bss.timer_callbacks_pending
                0x20020899        0x1 CMakeFiles/sx2_indicator.dir/C_/Users/hra/Documents/github/sangria_firmware/pico-sdk/src/rp2_common/hardware_timer/timer.c.obj
 *(COMMON)
                0x2002089c                . = ALIGN (0x4)
 *fill*         0x2002089a        0x2 
                0x2002089c                __bss_end__ = .

.heap           0x2002089c      0x800
                0x2002089c                __end__ = .
                0x2002089c                end = __end__
 *(.heap*)
 .heap          0x2002089c      0x800 CMakeFiles/sx2_indicator.dir/C_/Users/hra/Documents/github/sangria_firmware/pico-sdk/src/rp2_common/pico_standard_link/crt0.S.obj
                0x2002109c                __HeapLimit = .

.stack1_dummy   0x20040000      0x800
 *(.stack1*)
 .stack1        0x20040000      0x800 CMakeFiles/sx2_indicator.dir/C_/Users/hra/Documents/github/sangria_firmware/pico-sdk/src/rp2_common/pico_multicore/multicore.c.obj

.stack_dummy    0x20041000      0x800
 *(.stack*)
 .stack         0x20041000      0x800 CMakeFiles/sx2_indicator.dir/C_/Users/hra/Documents/github/sangria_firmware/pico-sdk/src/rp2_common/pico_standard_link/crt0.S.obj

.flash_end      0x1002c684        0x0
                0x1002c684                __flash_binary_end = .
                0x20040000                __StackLimit = (ORIGIN (RAM) + LENGTH (RAM))
                0x20041000                __StackOneTop = (ORIGIN (SCRATCH_X) + LENGTH (SCRATCH_X))
                0x20042000                __StackTop = (ORIGIN (SCRATCH_Y) + LENGTH (SCRATCH_Y))
                0x20040800                __StackOneBottom = (__StackOneTop - SIZEOF (.stack1_dummy))
                0x20041800                __StackBottom = (__StackTop - SIZEOF (.stack_dummy))
                0x20042000                PROVIDE (__stack = __StackTop)
                0x00000001                ASSERT ((__StackLimit >= __HeapLimit), region RAM overflowed)
                0x00000001                ASSERT (((__binary_info_header_end - __logical_binary_start) <= 0x100), Binary info must be in first 256 bytes of the binary)
LOAD CMakeFiles/sx2_indicator.dir/main.cpp.obj
LOAD CMakeFiles/sx2_indicator.dir/tft_driver.cpp.obj
LOAD CMakeFiles/sx2_indicator.dir/ps2dev_driver.cpp.obj
LOAD CMakeFiles/sx2_indicator.dir/usb_host_driver.c.obj
LOAD CMakeFiles/sx2_indicator.dir/C_/Users/hra/Documents/github/sangria_firmware/pico-sdk/src/rp2_common/pico_stdlib/stdlib.c.obj
LOAD CMakeFiles/sx2_indicator.dir/C_/Users/hra/Documents/github/sangria_firmware/pico-sdk/src/rp2_common/hardware_gpio/gpio.c.obj
LOAD CMakeFiles/sx2_indicator.dir/C_/Users/hra/Documents/github/sangria_firmware/pico-sdk/src/rp2_common/hardware_claim/claim.c.obj
LOAD CMakeFiles/sx2_indicator.dir/C_/Users/hra/Documents/github/sangria_firmware/pico-sdk/src/rp2_common/pico_platform/platform.c.obj
LOAD CMakeFiles/sx2_indicator.dir/C_/Users/hra/Documents/github/sangria_firmware/pico-sdk/src/rp2_common/hardware_sync/sync.c.obj
LOAD CMakeFiles/sx2_indicator.dir/C_/Users/hra/Documents/github/sangria_firmware/pico-sdk/src/rp2_common/hardware_irq/irq.c.obj
LOAD CMakeFiles/sx2_indicator.dir/C_/Users/hra/Documents/github/sangria_firmware/pico-sdk/src/rp2_common/hardware_irq/irq_handler_chain.S.obj
LOAD CMakeFiles/sx2_indicator.dir/C_/Users/hra/Documents/github/sangria_firmware/pico-sdk/src/common/pico_sync/sem.c.obj
LOAD CMakeFiles/sx2_indicator.dir/C_/Users/hra/Documents/github/sangria_firmware/pico-sdk/src/common/pico_sync/lock_core.c.obj
LOAD CMakeFiles/sx2_indicator.dir/C_/Users/hra/Documents/github/sangria_firmware/pico-sdk/src/common/pico_time/time.c.obj
LOAD CMakeFiles/sx2_indicator.dir/C_/Users/hra/Documents/github/sangria_firmware/pico-sdk/src/common/pico_time/timeout_helper.c.obj
LOAD CMakeFiles/sx2_indicator.dir/C_/Users/hra/Documents/github/sangria_firmware/pico-sdk/src/rp2_common/hardware_timer/timer.c.obj
LOAD CMakeFiles/sx2_indicator.dir/C_/Users/hra/Documents/github/sangria_firmware/pico-sdk/src/common/pico_util/datetime.c.obj
LOAD CMakeFiles/sx2_indicator.dir/C_/Users/hra/Documents/github/sangria_firmware/pico-sdk/src/common/pico_util/pheap.c.obj
LOAD CMakeFiles/sx2_indicator.dir/C_/Users/hra/Documents/github/sangria_firmware/pico-sdk/src/common/pico_util/queue.c.obj
LOAD CMakeFiles/sx2_indicator.dir/C_/Users/hra/Documents/github/sangria_firmware/pico-sdk/src/common/pico_sync/mutex.c.obj
LOAD CMakeFiles/sx2_indicator.dir/C_/Users/hra/Documents/github/sangria_firmware/pico-sdk/src/common/pico_sync/critical_section.c.obj
LOAD CMakeFiles/sx2_indicator.dir/C_/Users/hra/Documents/github/sangria_firmware/pico-sdk/src/rp2_common/hardware_uart/uart.c.obj
LOAD CMakeFiles/sx2_indicator.dir/C_/Users/hra/Documents/github/sangria_firmware/pico-sdk/src/rp2_common/hardware_divider/divider.S.obj
LOAD CMakeFiles/sx2_indicator.dir/C_/Users/hra/Documents/github/sangria_firmware/pico-sdk/src/rp2_common/pico_runtime/runtime.c.obj
LOAD CMakeFiles/sx2_indicator.dir/C_/Users/hra/Documents/github/sangria_firmware/pico-sdk/src/rp2_common/hardware_clocks/clocks.c.obj
LOAD CMakeFiles/sx2_indicator.dir/C_/Users/hra/Documents/github/sangria_firmware/pico-sdk/src/rp2_common/hardware_pll/pll.c.obj
LOAD CMakeFiles/sx2_indicator.dir/C_/Users/hra/Documents/github/sangria_firmware/pico-sdk/src/rp2_common/hardware_vreg/vreg.c.obj
LOAD CMakeFiles/sx2_indicator.dir/C_/Users/hra/Documents/github/sangria_firmware/pico-sdk/src/rp2_common/hardware_watchdog/watchdog.c.obj
LOAD CMakeFiles/sx2_indicator.dir/C_/Users/hra/Documents/github/sangria_firmware/pico-sdk/src/rp2_common/hardware_xosc/xosc.c.obj
LOAD CMakeFiles/sx2_indicator.dir/C_/Users/hra/Documents/github/sangria_firmware/pico-sdk/src/rp2_common/pico_printf/printf.c.obj
LOAD CMakeFiles/sx2_indicator.dir/C_/Users/hra/Documents/github/sangria_firmware/pico-sdk/src/rp2_common/pico_bit_ops/bit_ops_aeabi.S.obj
LOAD CMakeFiles/sx2_indicator.dir/C_/Users/hra/Documents/github/sangria_firmware/pico-sdk/src/rp2_common/pico_bootrom/bootrom.c.obj
LOAD CMakeFiles/sx2_indicator.dir/C_/Users/hra/Documents/github/sangria_firmware/pico-sdk/src/rp2_common/pico_divider/divider.S.obj
LOAD CMakeFiles/sx2_indicator.dir/C_/Users/hra/Documents/github/sangria_firmware/pico-sdk/src/rp2_common/pico_double/double_aeabi.S.obj
LOAD CMakeFiles/sx2_indicator.dir/C_/Users/hra/Documents/github/sangria_firmware/pico-sdk/src/rp2_common/pico_double/double_init_rom.c.obj
LOAD CMakeFiles/sx2_indicator.dir/C_/Users/hra/Documents/github/sangria_firmware/pico-sdk/src/rp2_common/pico_double/double_math.c.obj
LOAD CMakeFiles/sx2_indicator.dir/C_/Users/hra/Documents/github/sangria_firmware/pico-sdk/src/rp2_common/pico_double/double_v1_rom_shim.S.obj
LOAD CMakeFiles/sx2_indicator.dir/C_/Users/hra/Documents/github/sangria_firmware/pico-sdk/src/rp2_common/pico_int64_ops/pico_int64_ops_aeabi.S.obj
LOAD CMakeFiles/sx2_indicator.dir/C_/Users/hra/Documents/github/sangria_firmware/pico-sdk/src/rp2_common/pico_float/float_aeabi.S.obj
LOAD CMakeFiles/sx2_indicator.dir/C_/Users/hra/Documents/github/sangria_firmware/pico-sdk/src/rp2_common/pico_float/float_init_rom.c.obj
LOAD CMakeFiles/sx2_indicator.dir/C_/Users/hra/Documents/github/sangria_firmware/pico-sdk/src/rp2_common/pico_float/float_math.c.obj
LOAD CMakeFiles/sx2_indicator.dir/C_/Users/hra/Documents/github/sangria_firmware/pico-sdk/src/rp2_common/pico_float/float_v1_rom_shim.S.obj
LOAD CMakeFiles/sx2_indicator.dir/C_/Users/hra/Documents/github/sangria_firmware/pico-sdk/src/rp2_common/pico_malloc/pico_malloc.c.obj
LOAD CMakeFiles/sx2_indicator.dir/C_/Users/hra/Documents/github/sangria_firmware/pico-sdk/src/rp2_common/pico_mem_ops/mem_ops_aeabi.S.obj
LOAD CMakeFiles/sx2_indicator.dir/C_/Users/hra/Documents/github/sangria_firmware/pico-sdk/src/rp2_common/pico_standard_link/crt0.S.obj
LOAD CMakeFiles/sx2_indicator.dir/C_/Users/hra/Documents/github/sangria_firmware/pico-sdk/src/rp2_common/pico_standard_link/new_delete.cpp.obj
LOAD CMakeFiles/sx2_indicator.dir/C_/Users/hra/Documents/github/sangria_firmware/pico-sdk/src/rp2_common/pico_standard_link/binary_info.c.obj
LOAD CMakeFiles/sx2_indicator.dir/C_/Users/hra/Documents/github/sangria_firmware/pico-sdk/src/rp2_common/pico_stdio/stdio.c.obj
LOAD CMakeFiles/sx2_indicator.dir/C_/Users/hra/Documents/github/sangria_firmware/pico-sdk/src/rp2_common/pico_stdio_uart/stdio_uart.c.obj
LOAD CMakeFiles/sx2_indicator.dir/C_/Users/hra/Documents/github/sangria_firmware/pico-sdk/src/rp2_common/hardware_spi/spi.c.obj
LOAD CMakeFiles/sx2_indicator.dir/C_/Users/hra/Documents/github/sangria_firmware/pico-sdk/src/rp2_common/hardware_dma/dma.c.obj
LOAD CMakeFiles/sx2_indicator.dir/C_/Users/hra/Documents/github/sangria_firmware/pico-sdk/src/rp2_common/pico_multicore/multicore.c.obj
LOAD CMakeFiles/sx2_indicator.dir/C_/Users/hra/Documents/github/sangria_firmware/pico-sdk/lib/tinyusb/src/portable/raspberrypi/rp2040/hcd_rp2040.c.obj
LOAD CMakeFiles/sx2_indicator.dir/C_/Users/hra/Documents/github/sangria_firmware/pico-sdk/lib/tinyusb/src/portable/raspberrypi/rp2040/rp2040_usb.c.obj
LOAD CMakeFiles/sx2_indicator.dir/C_/Users/hra/Documents/github/sangria_firmware/pico-sdk/lib/tinyusb/src/host/usbh.c.obj
LOAD CMakeFiles/sx2_indicator.dir/C_/Users/hra/Documents/github/sangria_firmware/pico-sdk/lib/tinyusb/src/host/hub.c.obj
LOAD CMakeFiles/sx2_indicator.dir/C_/Users/hra/Documents/github/sangria_firmware/pico-sdk/lib/tinyusb/src/class/cdc/cdc_host.c.obj
LOAD CMakeFiles/sx2_indicator.dir/C_/Users/hra/Documents/github/sangria_firmware/pico-sdk/lib/tinyusb/src/class/hid/hid_host.c.obj
LOAD CMakeFiles/sx2_indicator.dir/C_/Users/hra/Documents/github/sangria_firmware/pico-sdk/lib/tinyusb/src/class/msc/msc_host.c.obj
LOAD CMakeFiles/sx2_indicator.dir/C_/Users/hra/Documents/github/sangria_firmware/pico-sdk/lib/tinyusb/src/class/vendor/vendor_host.c.obj
LOAD CMakeFiles/sx2_indicator.dir/C_/Users/hra/Documents/github/sangria_firmware/pico-sdk/lib/tinyusb/src/tusb.c.obj
LOAD CMakeFiles/sx2_indicator.dir/C_/Users/hra/Documents/github/sangria_firmware/pico-sdk/lib/tinyusb/src/common/tusb_fifo.c.obj
LOAD CMakeFiles/sx2_indicator.dir/C_/Users/hra/Documents/github/sangria_firmware/pico-sdk/lib/tinyusb/hw/bsp/rp2040/family.c.obj
LOAD C:\Users\hra\AppData\Local\Temp\ccGu8lnG.o
LOAD c:/progra~2/gnu arm embedded toolchain/10 2020-q4-major/bin/../lib/gcc/arm-none-eabi/10.2.1/../../../../arm-none-eabi/lib/thumb/v6-m/nofp\libstdc++.a
LOAD c:/progra~2/gnu arm embedded toolchain/10 2020-q4-major/bin/../lib/gcc/arm-none-eabi/10.2.1/../../../../arm-none-eabi/lib/thumb/v6-m/nofp\libm.a
START GROUP
LOAD c:/progra~2/gnu arm embedded toolchain/10 2020-q4-major/bin/../lib/gcc/arm-none-eabi/10.2.1/thumb/v6-m/nofp\libgcc.a
LOAD c:/progra~2/gnu arm embedded toolchain/10 2020-q4-major/bin/../lib/gcc/arm-none-eabi/10.2.1/../../../../arm-none-eabi/lib/thumb/v6-m/nofp\libc.a
END GROUP
START GROUP
LOAD c:/progra~2/gnu arm embedded toolchain/10 2020-q4-major/bin/../lib/gcc/arm-none-eabi/10.2.1/thumb/v6-m/nofp\libgcc.a
LOAD c:/progra~2/gnu arm embedded toolchain/10 2020-q4-major/bin/../lib/gcc/arm-none-eabi/10.2.1/../../../../arm-none-eabi/lib/thumb/v6-m/nofp\libc.a
LOAD c:/progra~2/gnu arm embedded toolchain/10 2020-q4-major/bin/../lib/gcc/arm-none-eabi/10.2.1/../../../../arm-none-eabi/lib/thumb/v6-m/nofp\libnosys.a
END GROUP
LOAD c:/progra~2/gnu arm embedded toolchain/10 2020-q4-major/bin/../lib/gcc/arm-none-eabi/10.2.1/thumb/v6-m/nofp/crtend.o
LOAD c:/progra~2/gnu arm embedded toolchain/10 2020-q4-major/bin/../lib/gcc/arm-none-eabi/10.2.1/thumb/v6-m/nofp/crtn.o
OUTPUT(sx2_indicator.elf elf32-littlearm)
LOAD linker stubs

.ARM.attributes
                0x00000000       0x28
 .ARM.attributes
                0x00000000       0x1e c:/progra~2/gnu arm embedded toolchain/10 2020-q4-major/bin/../lib/gcc/arm-none-eabi/10.2.1/thumb/v6-m/nofp/crti.o
 .ARM.attributes
                0x0000001e       0x2c c:/progra~2/gnu arm embedded toolchain/10 2020-q4-major/bin/../lib/gcc/arm-none-eabi/10.2.1/thumb/v6-m/nofp/crtbegin.o
 .ARM.attributes
                0x0000004a       0x2c CMakeFiles/sx2_indicator.dir/main.cpp.obj
 .ARM.attributes
                0x00000076       0x2c CMakeFiles/sx2_indicator.dir/tft_driver.cpp.obj
 .ARM.attributes
                0x000000a2       0x2c CMakeFiles/sx2_indicator.dir/ps2dev_driver.cpp.obj
 .ARM.attributes
                0x000000ce       0x2c CMakeFiles/sx2_indicator.dir/usb_host_driver.c.obj
 .ARM.attributes
                0x000000fa       0x2c CMakeFiles/sx2_indicator.dir/C_/Users/hra/Documents/github/sangria_firmware/pico-sdk/src/rp2_common/hardware_gpio/gpio.c.obj
 .ARM.attributes
                0x00000126       0x2c CMakeFiles/sx2_indicator.dir/C_/Users/hra/Documents/github/sangria_firmware/pico-sdk/src/rp2_common/hardware_claim/claim.c.obj
 .ARM.attributes
                0x00000152       0x2c CMakeFiles/sx2_indicator.dir/C_/Users/hra/Documents/github/sangria_firmware/pico-sdk/src/rp2_common/pico_platform/platform.c.obj
 .ARM.attributes
                0x0000017e       0x2c CMakeFiles/sx2_indicator.dir/C_/Users/hra/Documents/github/sangria_firmware/pico-sdk/src/rp2_common/hardware_sync/sync.c.obj
 .ARM.attributes
                0x000001aa       0x2c CMakeFiles/sx2_indicator.dir/C_/Users/hra/Documents/github/sangria_firmware/pico-sdk/src/rp2_common/hardware_irq/irq.c.obj
 .ARM.attributes
                0x000001d6       0x22 CMakeFiles/sx2_indicator.dir/C_/Users/hra/Documents/github/sangria_firmware/pico-sdk/src/rp2_common/hardware_irq/irq_handler_chain.S.obj
 .ARM.attributes
                0x000001f8       0x2c CMakeFiles/sx2_indicator.dir/C_/Users/hra/Documents/github/sangria_firmware/pico-sdk/src/common/pico_sync/sem.c.obj
 .ARM.attributes
                0x00000224       0x2c CMakeFiles/sx2_indicator.dir/C_/Users/hra/Documents/github/sangria_firmware/pico-sdk/src/common/pico_sync/lock_core.c.obj
 .ARM.attributes
                0x00000250       0x2c CMakeFiles/sx2_indicator.dir/C_/Users/hra/Documents/github/sangria_firmware/pico-sdk/src/common/pico_time/time.c.obj
 .ARM.attributes
                0x0000027c       0x2c CMakeFiles/sx2_indicator.dir/C_/Users/hra/Documents/github/sangria_firmware/pico-sdk/src/rp2_common/hardware_timer/timer.c.obj
 .ARM.attributes
                0x000002a8       0x2c CMakeFiles/sx2_indicator.dir/C_/Users/hra/Documents/github/sangria_firmware/pico-sdk/src/common/pico_util/pheap.c.obj
 .ARM.attributes
                0x000002d4       0x2c CMakeFiles/sx2_indicator.dir/C_/Users/hra/Documents/github/sangria_firmware/pico-sdk/src/common/pico_sync/mutex.c.obj
 .ARM.attributes
                0x00000300       0x2c CMakeFiles/sx2_indicator.dir/C_/Users/hra/Documents/github/sangria_firmware/pico-sdk/src/common/pico_sync/critical_section.c.obj
 .ARM.attributes
                0x0000032c       0x2c CMakeFiles/sx2_indicator.dir/C_/Users/hra/Documents/github/sangria_firmware/pico-sdk/src/rp2_common/hardware_uart/uart.c.obj
 .ARM.attributes
                0x00000358       0x2c CMakeFiles/sx2_indicator.dir/C_/Users/hra/Documents/github/sangria_firmware/pico-sdk/src/rp2_common/pico_runtime/runtime.c.obj
 .ARM.attributes
                0x00000384       0x2c CMakeFiles/sx2_indicator.dir/C_/Users/hra/Documents/github/sangria_firmware/pico-sdk/src/rp2_common/hardware_clocks/clocks.c.obj
 .ARM.attributes
                0x000003b0       0x2c CMakeFiles/sx2_indicator.dir/C_/Users/hra/Documents/github/sangria_firmware/pico-sdk/src/rp2_common/hardware_pll/pll.c.obj
 .ARM.attributes
                0x000003dc       0x2c CMakeFiles/sx2_indicator.dir/C_/Users/hra/Documents/github/sangria_firmware/pico-sdk/src/rp2_common/hardware_watchdog/watchdog.c.obj
 .ARM.attributes
                0x00000408       0x2c CMakeFiles/sx2_indicator.dir/C_/Users/hra/Documents/github/sangria_firmware/pico-sdk/src/rp2_common/hardware_xosc/xosc.c.obj
 .ARM.attributes
                0x00000434       0x2c CMakeFiles/sx2_indicator.dir/C_/Users/hra/Documents/github/sangria_firmware/pico-sdk/src/rp2_common/pico_printf/printf.c.obj
 .ARM.attributes
                0x00000460       0x22 CMakeFiles/sx2_indicator.dir/C_/Users/hra/Documents/github/sangria_firmware/pico-sdk/src/rp2_common/pico_bit_ops/bit_ops_aeabi.S.obj
 .ARM.attributes
                0x00000482       0x2c CMakeFiles/sx2_indicator.dir/C_/Users/hra/Documents/github/sangria_firmware/pico-sdk/src/rp2_common/pico_bootrom/bootrom.c.obj
 .ARM.attributes
                0x000004ae       0x22 CMakeFiles/sx2_indicator.dir/C_/Users/hra/Documents/github/sangria_firmware/pico-sdk/src/rp2_common/pico_divider/divider.S.obj
 .ARM.attributes
                0x000004d0       0x22 CMakeFiles/sx2_indicator.dir/C_/Users/hra/Documents/github/sangria_firmware/pico-sdk/src/rp2_common/pico_double/double_aeabi.S.obj
 .ARM.attributes
                0x000004f2       0x2c CMakeFiles/sx2_indicator.dir/C_/Users/hra/Documents/github/sangria_firmware/pico-sdk/src/rp2_common/pico_double/double_init_rom.c.obj
 .ARM.attributes
                0x0000051e       0x22 CMakeFiles/sx2_indicator.dir/C_/Users/hra/Documents/github/sangria_firmware/pico-sdk/src/rp2_common/pico_double/double_v1_rom_shim.S.obj
 .ARM.attributes
                0x00000540       0x22 CMakeFiles/sx2_indicator.dir/C_/Users/hra/Documents/github/sangria_firmware/pico-sdk/src/rp2_common/pico_int64_ops/pico_int64_ops_aeabi.S.obj
 .ARM.attributes
                0x00000562       0x22 CMakeFiles/sx2_indicator.dir/C_/Users/hra/Documents/github/sangria_firmware/pico-sdk/src/rp2_common/pico_float/float_aeabi.S.obj
 .ARM.attributes
                0x00000584       0x2c CMakeFiles/sx2_indicator.dir/C_/Users/hra/Documents/github/sangria_firmware/pico-sdk/src/rp2_common/pico_float/float_init_rom.c.obj
 .ARM.attributes
                0x000005b0       0x22 CMakeFiles/sx2_indicator.dir/C_/Users/hra/Documents/github/sangria_firmware/pico-sdk/src/rp2_common/pico_float/float_v1_rom_shim.S.obj
 .ARM.attributes
                0x000005d2       0x2c CMakeFiles/sx2_indicator.dir/C_/Users/hra/Documents/github/sangria_firmware/pico-sdk/src/rp2_common/pico_malloc/pico_malloc.c.obj
 .ARM.attributes
                0x000005fe       0x22 CMakeFiles/sx2_indicator.dir/C_/Users/hra/Documents/github/sangria_firmware/pico-sdk/src/rp2_common/pico_mem_ops/mem_ops_aeabi.S.obj
 .ARM.attributes
                0x00000620       0x22 CMakeFiles/sx2_indicator.dir/C_/Users/hra/Documents/github/sangria_firmware/pico-sdk/src/rp2_common/pico_standard_link/crt0.S.obj
 .ARM.attributes
                0x00000642       0x32 CMakeFiles/sx2_indicator.dir/C_/Users/hra/Documents/github/sangria_firmware/pico-sdk/src/rp2_common/pico_standard_link/binary_info.c.obj
 .ARM.attributes
                0x00000674       0x2c CMakeFiles/sx2_indicator.dir/C_/Users/hra/Documents/github/sangria_firmware/pico-sdk/src/rp2_common/pico_stdio/stdio.c.obj
 .ARM.attributes
                0x000006a0       0x2c CMakeFiles/sx2_indicator.dir/C_/Users/hra/Documents/github/sangria_firmware/pico-sdk/src/rp2_common/pico_stdio_uart/stdio_uart.c.obj
 .ARM.attributes
                0x000006cc       0x2c CMakeFiles/sx2_indicator.dir/C_/Users/hra/Documents/github/sangria_firmware/pico-sdk/src/rp2_common/hardware_spi/spi.c.obj
 .ARM.attributes
                0x000006f8       0x2c CMakeFiles/sx2_indicator.dir/C_/Users/hra/Documents/github/sangria_firmware/pico-sdk/src/rp2_common/hardware_dma/dma.c.obj
 .ARM.attributes
                0x00000724       0x2c CMakeFiles/sx2_indicator.dir/C_/Users/hra/Documents/github/sangria_firmware/pico-sdk/src/rp2_common/pico_multicore/multicore.c.obj
 .ARM.attributes
                0x00000750       0x2c CMakeFiles/sx2_indicator.dir/C_/Users/hra/Documents/github/sangria_firmware/pico-sdk/lib/tinyusb/src/portable/raspberrypi/rp2040/hcd_rp2040.c.obj
 .ARM.attributes
                0x0000077c       0x2c CMakeFiles/sx2_indicator.dir/C_/Users/hra/Documents/github/sangria_firmware/pico-sdk/lib/tinyusb/src/portable/raspberrypi/rp2040/rp2040_usb.c.obj
 .ARM.attributes
                0x000007a8       0x2c CMakeFiles/sx2_indicator.dir/C_/Users/hra/Documents/github/sangria_firmware/pico-sdk/lib/tinyusb/src/host/usbh.c.obj
 .ARM.attributes
                0x000007d4       0x2c CMakeFiles/sx2_indicator.dir/C_/Users/hra/Documents/github/sangria_firmware/pico-sdk/lib/tinyusb/src/class/hid/hid_host.c.obj
 .ARM.attributes
                0x00000800       0x2c CMakeFiles/sx2_indicator.dir/C_/Users/hra/Documents/github/sangria_firmware/pico-sdk/lib/tinyusb/src/tusb.c.obj
 .ARM.attributes
                0x0000082c       0x2c CMakeFiles/sx2_indicator.dir/C_/Users/hra/Documents/github/sangria_firmware/pico-sdk/lib/tinyusb/src/common/tusb_fifo.c.obj
 .ARM.attributes
                0x00000858       0x2c CMakeFiles/sx2_indicator.dir/C_/Users/hra/Documents/github/sangria_firmware/pico-sdk/lib/tinyusb/hw/bsp/rp2040/family.c.obj
 .ARM.attributes
                0x00000884       0x22 C:\Users\hra\AppData\Local\Temp\ccGu8lnG.o
 .ARM.attributes
                0x000008a6       0x1e c:/progra~2/gnu arm embedded toolchain/10 2020-q4-major/bin/../lib/gcc/arm-none-eabi/10.2.1/thumb/v6-m/nofp\libgcc.a(_dvmd_tls.o)
 .ARM.attributes
                0x000008c4       0x2c c:/progra~2/gnu arm embedded toolchain/10 2020-q4-major/bin/../lib/gcc/arm-none-eabi/10.2.1/../../../../arm-none-eabi/lib/thumb/v6-m/nofp\libc.a(lib_a-strlen-stub.o)

.comment        0x00000000       0x4d
 .comment       0x00000000       0x4d CMakeFiles/sx2_indicator.dir/main.cpp.obj
                                 0x4e (size before relaxing)
 .comment       0x0000004d       0x4e CMakeFiles/sx2_indicator.dir/tft_driver.cpp.obj
 .comment       0x0000004d       0x4e CMakeFiles/sx2_indicator.dir/ps2dev_driver.cpp.obj
 .comment       0x0000004d       0x4e CMakeFiles/sx2_indicator.dir/usb_host_driver.c.obj
 .comment       0x0000004d       0x4e CMakeFiles/sx2_indicator.dir/C_/Users/hra/Documents/github/sangria_firmware/pico-sdk/src/rp2_common/hardware_gpio/gpio.c.obj
 .comment       0x0000004d       0x4e CMakeFiles/sx2_indicator.dir/C_/Users/hra/Documents/github/sangria_firmware/pico-sdk/src/rp2_common/hardware_claim/claim.c.obj
 .comment       0x0000004d       0x4e CMakeFiles/sx2_indicator.dir/C_/Users/hra/Documents/github/sangria_firmware/pico-sdk/src/rp2_common/pico_platform/platform.c.obj
 .comment       0x0000004d       0x4e CMakeFiles/sx2_indicator.dir/C_/Users/hra/Documents/github/sangria_firmware/pico-sdk/src/rp2_common/hardware_sync/sync.c.obj
 .comment       0x0000004d       0x4e CMakeFiles/sx2_indicator.dir/C_/Users/hra/Documents/github/sangria_firmware/pico-sdk/src/rp2_common/hardware_irq/irq.c.obj
 .comment       0x0000004d       0x4e CMakeFiles/sx2_indicator.dir/C_/Users/hra/Documents/github/sangria_firmware/pico-sdk/src/common/pico_sync/sem.c.obj
 .comment       0x0000004d       0x4e CMakeFiles/sx2_indicator.dir/C_/Users/hra/Documents/github/sangria_firmware/pico-sdk/src/common/pico_sync/lock_core.c.obj
 .comment       0x0000004d       0x4e CMakeFiles/sx2_indicator.dir/C_/Users/hra/Documents/github/sangria_firmware/pico-sdk/src/common/pico_time/time.c.obj
 .comment       0x0000004d       0x4e CMakeFiles/sx2_indicator.dir/C_/Users/hra/Documents/github/sangria_firmware/pico-sdk/src/rp2_common/hardware_timer/timer.c.obj
 .comment       0x0000004d       0x4e CMakeFiles/sx2_indicator.dir/C_/Users/hra/Documents/github/sangria_firmware/pico-sdk/src/common/pico_util/pheap.c.obj
 .comment       0x0000004d       0x4e CMakeFiles/sx2_indicator.dir/C_/Users/hra/Documents/github/sangria_firmware/pico-sdk/src/common/pico_sync/mutex.c.obj
 .comment       0x0000004d       0x4e CMakeFiles/sx2_indicator.dir/C_/Users/hra/Documents/github/sangria_firmware/pico-sdk/src/common/pico_sync/critical_section.c.obj
 .comment       0x0000004d       0x4e CMakeFiles/sx2_indicator.dir/C_/Users/hra/Documents/github/sangria_firmware/pico-sdk/src/rp2_common/hardware_uart/uart.c.obj
 .comment       0x0000004d       0x4e CMakeFiles/sx2_indicator.dir/C_/Users/hra/Documents/github/sangria_firmware/pico-sdk/src/rp2_common/pico_runtime/runtime.c.obj
 .comment       0x0000004d       0x4e CMakeFiles/sx2_indicator.dir/C_/Users/hra/Documents/github/sangria_firmware/pico-sdk/src/rp2_common/hardware_clocks/clocks.c.obj
 .comment       0x0000004d       0x4e CMakeFiles/sx2_indicator.dir/C_/Users/hra/Documents/github/sangria_firmware/pico-sdk/src/rp2_common/hardware_pll/pll.c.obj
 .comment       0x0000004d       0x4e CMakeFiles/sx2_indicator.dir/C_/Users/hra/Documents/github/sangria_firmware/pico-sdk/src/rp2_common/hardware_watchdog/watchdog.c.obj
 .comment       0x0000004d       0x4e CMakeFiles/sx2_indicator.dir/C_/Users/hra/Documents/github/sangria_firmware/pico-sdk/src/rp2_common/hardware_xosc/xosc.c.obj
 .comment       0x0000004d       0x4e CMakeFiles/sx2_indicator.dir/C_/Users/hra/Documents/github/sangria_firmware/pico-sdk/src/rp2_common/pico_printf/printf.c.obj
 .comment       0x0000004d       0x4e CMakeFiles/sx2_indicator.dir/C_/Users/hra/Documents/github/sangria_firmware/pico-sdk/src/rp2_common/pico_bootrom/bootrom.c.obj
 .comment       0x0000004d       0x4e CMakeFiles/sx2_indicator.dir/C_/Users/hra/Documents/github/sangria_firmware/pico-sdk/src/rp2_common/pico_double/double_init_rom.c.obj
 .comment       0x0000004d       0x4e CMakeFiles/sx2_indicator.dir/C_/Users/hra/Documents/github/sangria_firmware/pico-sdk/src/rp2_common/pico_float/float_init_rom.c.obj
 .comment       0x0000004d       0x4e CMakeFiles/sx2_indicator.dir/C_/Users/hra/Documents/github/sangria_firmware/pico-sdk/src/rp2_common/pico_malloc/pico_malloc.c.obj